../app/lib/EC200_common/EC200_common.c:23:6:EC200_Delayms	16	static
../app/lib/EC200_common/EC200_common.c:28:6:EC200_RESET	8	static
../app/lib/EC200_common/EC200_common.c:41:6:EC200_Init	8	static
../app/lib/EC200_common/EC200_common.c:49:6:EC200_CompareCommand	16	static
../app/lib/EC200_common/EC200_common.c:58:6:EC200_ReceiveCommand	24	static
../app/lib/EC200_common/EC200_common.c:110:6:EC200_SendCommand	16	static
../app/lib/EC200_common/EC200_common.c:116:6:Is_Power_ON	16	static
../app/lib/EC200_common/EC200_common.c:141:19:OffEcho	16	static
../app/lib/EC200_common/EC200_common.c:182:6:EC200_SIM_Start	16	static
../app/lib/EC200_common/EC200_common.c:232:6:EC200_Time_Base_1ms	4	static
