Archive member included to satisfy reference by file (symbol)

c:/st/stm32cubeide_1.11.0/stm32cubeide/plugins/com.st.stm32cube.ide.mcu.externaltools.gnu-tools-for-stm32.11.3.rel1.win32_1.0.100.202301251239/tools/bin/../lib/gcc/arm-none-eabi/11.3.1/../../../../arm-none-eabi/lib/thumb/v7e-m+fp/hard\libc_nano.a(libc_a-atoi.o)
                              ./app/lib/EC200_mqtt_application.o (atoi)
c:/st/stm32cubeide_1.11.0/stm32cubeide/plugins/com.st.stm32cube.ide.mcu.externaltools.gnu-tools-for-stm32.11.3.rel1.win32_1.0.100.202301251239/tools/bin/../lib/gcc/arm-none-eabi/11.3.1/../../../../arm-none-eabi/lib/thumb/v7e-m+fp/hard\libc_nano.a(libc_a-exit.o)
                              c:/st/stm32cubeide_1.11.0/stm32cubeide/plugins/com.st.stm32cube.ide.mcu.externaltools.gnu-tools-for-stm32.11.3.rel1.win32_1.0.100.202301251239/tools/bin/../lib/gcc/arm-none-eabi/11.3.1/../../../../arm-none-eabi/lib/thumb/v7e-m+fp/hard/crt0.o (exit)
c:/st/stm32cubeide_1.11.0/stm32cubeide/plugins/com.st.stm32cube.ide.mcu.externaltools.gnu-tools-for-stm32.11.3.rel1.win32_1.0.100.202301251239/tools/bin/../lib/gcc/arm-none-eabi/11.3.1/../../../../arm-none-eabi/lib/thumb/v7e-m+fp/hard\libc_nano.a(libc_a-malloc.o)
                              ./app/common/fifo.o (malloc)
c:/st/stm32cubeide_1.11.0/stm32cubeide/plugins/com.st.stm32cube.ide.mcu.externaltools.gnu-tools-for-stm32.11.3.rel1.win32_1.0.100.202301251239/tools/bin/../lib/gcc/arm-none-eabi/11.3.1/../../../../arm-none-eabi/lib/thumb/v7e-m+fp/hard\libc_nano.a(libc_a-mallocr.o)
                              c:/st/stm32cubeide_1.11.0/stm32cubeide/plugins/com.st.stm32cube.ide.mcu.externaltools.gnu-tools-for-stm32.11.3.rel1.win32_1.0.100.202301251239/tools/bin/../lib/gcc/arm-none-eabi/11.3.1/../../../../arm-none-eabi/lib/thumb/v7e-m+fp/hard\libc_nano.a(libc_a-malloc.o) (_malloc_r)
c:/st/stm32cubeide_1.11.0/stm32cubeide/plugins/com.st.stm32cube.ide.mcu.externaltools.gnu-tools-for-stm32.11.3.rel1.win32_1.0.100.202301251239/tools/bin/../lib/gcc/arm-none-eabi/11.3.1/../../../../arm-none-eabi/lib/thumb/v7e-m+fp/hard\libc_nano.a(libc_a-mlock.o)
                              c:/st/stm32cubeide_1.11.0/stm32cubeide/plugins/com.st.stm32cube.ide.mcu.externaltools.gnu-tools-for-stm32.11.3.rel1.win32_1.0.100.202301251239/tools/bin/../lib/gcc/arm-none-eabi/11.3.1/../../../../arm-none-eabi/lib/thumb/v7e-m+fp/hard\libc_nano.a(libc_a-mallocr.o) (__malloc_lock)
c:/st/stm32cubeide_1.11.0/stm32cubeide/plugins/com.st.stm32cube.ide.mcu.externaltools.gnu-tools-for-stm32.11.3.rel1.win32_1.0.100.202301251239/tools/bin/../lib/gcc/arm-none-eabi/11.3.1/../../../../arm-none-eabi/lib/thumb/v7e-m+fp/hard\libc_nano.a(libc_a-strtol.o)
                              c:/st/stm32cubeide_1.11.0/stm32cubeide/plugins/com.st.stm32cube.ide.mcu.externaltools.gnu-tools-for-stm32.11.3.rel1.win32_1.0.100.202301251239/tools/bin/../lib/gcc/arm-none-eabi/11.3.1/../../../../arm-none-eabi/lib/thumb/v7e-m+fp/hard\libc_nano.a(libc_a-atoi.o) (_strtol_r)
c:/st/stm32cubeide_1.11.0/stm32cubeide/plugins/com.st.stm32cube.ide.mcu.externaltools.gnu-tools-for-stm32.11.3.rel1.win32_1.0.100.202301251239/tools/bin/../lib/gcc/arm-none-eabi/11.3.1/../../../../arm-none-eabi/lib/thumb/v7e-m+fp/hard\libc_nano.a(libc_a-ctype_.o)
                              c:/st/stm32cubeide_1.11.0/stm32cubeide/plugins/com.st.stm32cube.ide.mcu.externaltools.gnu-tools-for-stm32.11.3.rel1.win32_1.0.100.202301251239/tools/bin/../lib/gcc/arm-none-eabi/11.3.1/../../../../arm-none-eabi/lib/thumb/v7e-m+fp/hard\libc_nano.a(libc_a-strtol.o) (_ctype_)
c:/st/stm32cubeide_1.11.0/stm32cubeide/plugins/com.st.stm32cube.ide.mcu.externaltools.gnu-tools-for-stm32.11.3.rel1.win32_1.0.100.202301251239/tools/bin/../lib/gcc/arm-none-eabi/11.3.1/../../../../arm-none-eabi/lib/thumb/v7e-m+fp/hard\libc_nano.a(libc_a-findfp.o)
                              c:/st/stm32cubeide_1.11.0/stm32cubeide/plugins/com.st.stm32cube.ide.mcu.externaltools.gnu-tools-for-stm32.11.3.rel1.win32_1.0.100.202301251239/tools/bin/../lib/gcc/arm-none-eabi/11.3.1/../../../../arm-none-eabi/lib/thumb/v7e-m+fp/hard\libc_nano.a(libc_a-exit.o) (__stdio_exit_handler)
c:/st/stm32cubeide_1.11.0/stm32cubeide/plugins/com.st.stm32cube.ide.mcu.externaltools.gnu-tools-for-stm32.11.3.rel1.win32_1.0.100.202301251239/tools/bin/../lib/gcc/arm-none-eabi/11.3.1/../../../../arm-none-eabi/lib/thumb/v7e-m+fp/hard\libc_nano.a(libc_a-fwalk.o)
                              c:/st/stm32cubeide_1.11.0/stm32cubeide/plugins/com.st.stm32cube.ide.mcu.externaltools.gnu-tools-for-stm32.11.3.rel1.win32_1.0.100.202301251239/tools/bin/../lib/gcc/arm-none-eabi/11.3.1/../../../../arm-none-eabi/lib/thumb/v7e-m+fp/hard\libc_nano.a(libc_a-findfp.o) (_fwalk_sglue)
c:/st/stm32cubeide_1.11.0/stm32cubeide/plugins/com.st.stm32cube.ide.mcu.externaltools.gnu-tools-for-stm32.11.3.rel1.win32_1.0.100.202301251239/tools/bin/../lib/gcc/arm-none-eabi/11.3.1/../../../../arm-none-eabi/lib/thumb/v7e-m+fp/hard\libc_nano.a(libc_a-sprintf.o)
[...]
Memory Configuration

Name             Origin             Length             Attributes
RAM              0x0000000020000000 0x0000000000008000 xrw
FLASH            0x0000000008000000 0x0000000000010000 xr
*default*        0x0000000000000000 0xffffffffffffffff

Linker script and memory map

LOAD c:/st/stm32cubeide_1.11.0/stm32cubeide/plugins/com.st.stm32cube.ide.mcu.externaltools.gnu-tools-for-stm32.11.3.rel1.win32_1.0.100.202301251239/tools/bin/../lib/gcc/arm-none-eabi/11.3.1/thumb/v7e-m+fp/hard/crti.o
LOAD c:/st/stm32cubeide_1.11.0/stm32cubeide/plugins/com.st.stm32cube.ide.mcu.externaltools.gnu-tools-for-stm32.11.3.rel1.win32_1.0.100.202301251239/tools/bin/../lib/gcc/arm-none-eabi/11.3.1/thumb/v7e-m+fp/hard/crtbegin.o
LOAD c:/st/stm32cubeide_1.11.0/stm32cubeide/plugins/com.st.stm32cube.ide.mcu.externaltools.gnu-tools-for-stm32.11.3.rel1.win32_1.0.100.202301251239/tools/bin/../lib/gcc/arm-none-eabi/11.3.1/../../../../arm-none-eabi/lib/thumb/v7e-m+fp/hard/crt0.o
LOAD ./Core/Src/main.o
LOAD ./Core/Src/stm32g4xx_hal_msp.o
LOAD ./Core/Src/stm32g4xx_it.o
LOAD ./Core/Src/syscalls.o
LOAD ./Core/Src/sysmem.o
LOAD ./Core/Src/system_stm32g4xx.o
LOAD ./Core/Startup/startup_stm32g431c8tx.o
LOAD ./Drivers/STM32G4xx_HAL_Driver/Src/stm32g4xx_hal.o
LOAD ./Drivers/STM32G4xx_HAL_Driver/Src/stm32g4xx_hal_adc.o
LOAD ./Drivers/STM32G4xx_HAL_Driver/Src/stm32g4xx_hal_adc_ex.o
LOAD ./Drivers/STM32G4xx_HAL_Driver/Src/stm32g4xx_hal_cortex.o
LOAD ./Drivers/STM32G4xx_HAL_Driver/Src/stm32g4xx_hal_dma.o
LOAD ./Drivers/STM32G4xx_HAL_Driver/Src/stm32g4xx_hal_dma_ex.o
LOAD ./Drivers/STM32G4xx_HAL_Driver/Src/stm32g4xx_hal_exti.o
LOAD ./Drivers/STM32G4xx_HAL_Driver/Src/stm32g4xx_hal_flash.o
LOAD ./Drivers/STM32G4xx_HAL_Driver/Src/stm32g4xx_hal_flash_ex.o
LOAD ./Drivers/STM32G4xx_HAL_Driver/Src/stm32g4xx_hal_flash_ramfunc.o
LOAD ./Drivers/STM32G4xx_HAL_Driver/Src/stm32g4xx_hal_gpio.o
LOAD ./Drivers/STM32G4xx_HAL_Driver/Src/stm32g4xx_hal_i2c.o
LOAD ./Drivers/STM32G4xx_HAL_Driver/Src/stm32g4xx_hal_i2c_ex.o
LOAD ./Drivers/STM32G4xx_HAL_Driver/Src/stm32g4xx_hal_pwr.o
LOAD ./Drivers/STM32G4xx_HAL_Driver/Src/stm32g4xx_hal_pwr_ex.o
LOAD ./Drivers/STM32G4xx_HAL_Driver/Src/stm32g4xx_hal_rcc.o
LOAD ./Drivers/STM32G4xx_HAL_Driver/Src/stm32g4xx_hal_rcc_ex.o
LOAD ./Drivers/STM32G4xx_HAL_Driver/Src/stm32g4xx_hal_tim.o
LOAD ./Drivers/STM32G4xx_HAL_Driver/Src/stm32g4xx_hal_tim_ex.o
LOAD ./Drivers/STM32G4xx_HAL_Driver/Src/stm32g4xx_hal_uart.o
LOAD ./Drivers/STM32G4xx_HAL_Driver/Src/stm32g4xx_hal_uart_ex.o
LOAD ./Drivers/STM32G4xx_HAL_Driver/Src/stm32g4xx_ll_adc.o
LOAD ./Drivers/STM32G4xx_HAL_Driver/Src/stm32g4xx_ll_dma.o
LOAD ./Drivers/STM32G4xx_HAL_Driver/Src/stm32g4xx_ll_exti.o
LOAD ./Drivers/STM32G4xx_HAL_Driver/Src/stm32g4xx_ll_gpio.o
LOAD ./Drivers/STM32G4xx_HAL_Driver/Src/stm32g4xx_ll_tim.o
LOAD ./Drivers/STM32G4xx_HAL_Driver/Src/stm32g4xx_ll_utils.o
LOAD ./app/common/common.o
LOAD ./app/common/fifo.o
LOAD ./app/driver/com/can.o
LOAD ./app/driver/com/modbus.o
LOAD ./app/driver/control/driver_pwm_dc_dc.o
LOAD ./app/driver/control/driver_pwm_dumpload.o
LOAD ./app/driver/control/pin_func.o
LOAD ./app/driver/measure/signal.o
LOAD ./app/lib/CNTL_2P2Z.o
LOAD ./app/lib/EC200_ftp_application.o
LOAD ./app/lib/EC200_mqtt_application.o
LOAD ./app/lib/EC200_common/EC200_JSON_parsing.o
LOAD ./app/lib/EC200_common/EC200_common.o
LOAD ./app/lib/EC200_common/EC200_uart.o
LOAD ./app/porting/adc/adc.o
LOAD ./app/porting/gpio/gpio.o
LOAD ./app/porting/serial/serial.o
LOAD ./app/porting/timer/timer.o
LOAD ./app/porting/timer/timer_pwm.o
LOAD ./app/src/app_main.o
LOAD ./app/src/control_dcdc.o
LOAD ./app/src/control_dumpload.o
LOAD ./app/src/error_check.o
LOAD ./app/src/interface.o
LOAD ./app/src/state_machine.o
LOAD ./app/src/test_sensor.o
LOAD ./app/src/wind_control.o
LOAD ./app/src/wind_mppt.o
START GROUP
LOAD c:/st/stm32cubeide_1.11.0/stm32cubeide/plugins/com.st.stm32cube.ide.mcu.externaltools.gnu-tools-for-stm32.11.3.rel1.win32_1.0.100.202301251239/tools/bin/../lib/gcc/arm-none-eabi/11.3.1/../../../../arm-none-eabi/lib/thumb/v7e-m+fp/hard\libc_nano.a
LOAD c:/st/stm32cubeide_1.11.0/stm32cubeide/plugins/com.st.stm32cube.ide.mcu.externaltools.gnu-tools-for-stm32.11.3.rel1.win32_1.0.100.202301251239/tools/bin/../lib/gcc/arm-none-eabi/11.3.1/../../../../arm-none-eabi/lib/thumb/v7e-m+fp/hard\libm.a
END GROUP
START GROUP
LOAD c:/st/stm32cubeide_1.11.0/stm32cubeide/plugins/com.st.stm32cube.ide.mcu.externaltools.gnu-tools-for-stm32.11.3.rel1.win32_1.0.100.202301251239/tools/bin/../lib/gcc/arm-none-eabi/11.3.1/thumb/v7e-m+fp/hard\libgcc.a
LOAD c:/st/stm32cubeide_1.11.0/stm32cubeide/plugins/com.st.stm32cube.ide.mcu.externaltools.gnu-tools-for-stm32.11.3.rel1.win32_1.0.100.202301251239/tools/bin/../lib/gcc/arm-none-eabi/11.3.1/../../../../arm-none-eabi/lib/thumb/v7e-m+fp/hard\libc_nano.a
END GROUP
START GROUP
LOAD c:/st/stm32cubeide_1.11.0/stm32cubeide/plugins/com.st.stm32cube.ide.mcu.externaltools.gnu-tools-for-stm32.11.3.rel1.win32_1.0.100.202301251239/tools/bin/../lib/gcc/arm-none-eabi/11.3.1/thumb/v7e-m+fp/hard\libgcc.a
LOAD c:/st/stm32cubeide_1.11.0/stm32cubeide/plugins/com.st.stm32cube.ide.mcu.externaltools.gnu-tools-for-stm32.11.3.rel1.win32_1.0.100.202301251239/tools/bin/../lib/gcc/arm-none-eabi/11.3.1/../../../../arm-none-eabi/lib/thumb/v7e-m+fp/hard\libc_nano.a
LOAD c:/st/stm32cubeide_1.11.0/stm32cubeide/plugins/com.st.stm32cube.ide.mcu.externaltools.gnu-tools-for-stm32.11.3.rel1.win32_1.0.100.202301251239/tools/bin/../lib/gcc/arm-none-eabi/11.3.1/../../../../arm-none-eabi/lib/thumb/v7e-m+fp/hard\libnosys.a
END GROUP
START GROUP
LOAD c:/st/stm32cubeide_1.11.0/stm32cubeide/plugins/com.st.stm32cube.ide.mcu.externaltools.gnu-tools-for-stm32.11.3.rel1.win32_1.0.100.202301251239/tools/bin/../lib/gcc/arm-none-eabi/11.3.1/thumb/v7e-m+fp/hard\libgcc.a
LOAD c:/st/stm32cubeide_1.11.0/stm32cubeide/plugins/com.st.stm32cube.ide.mcu.externaltools.gnu-tools-for-stm32.11.3.rel1.win32_1.0.100.202301251239/tools/bin/../lib/gcc/arm-none-eabi/11.3.1/../../../../arm-none-eabi/lib/thumb/v7e-m+fp/hard\libc_nano.a
LOAD c:/st/stm32cubeide_1.11.0/stm32cubeide/plugins/com.st.stm32cube.ide.mcu.externaltools.gnu-tools-for-stm32.11.3.rel1.win32_1.0.100.202301251239/tools/bin/../lib/gcc/arm-none-eabi/11.3.1/../../../../arm-none-eabi/lib/thumb/v7e-m+fp/hard\libnosys.a
END GROUP
LOAD c:/st/stm32cubeide_1.11.0/stm32cubeide/plugins/com.st.stm32cube.ide.mcu.externaltools.gnu-tools-for-stm32.11.3.rel1.win32_1.0.100.202301251239/tools/bin/../lib/gcc/arm-none-eabi/11.3.1/thumb/v7e-m+fp/hard/crtend.o
LOAD c:/st/stm32cubeide_1.11.0/stm32cubeide/plugins/com.st.stm32cube.ide.mcu.externaltools.gnu-tools-for-stm32.11.3.rel1.win32_1.0.100.202301251239/tools/bin/../lib/gcc/arm-none-eabi/11.3.1/thumb/v7e-m+fp/hard/crtn.o
                0x0000000020008000                _estack = (ORIGIN (RAM) + LENGTH (RAM))
                0x0000000000000200                _Min_Heap_Size = 0x200
                0x0000000000000400                _Min_Stack_Size = 0x400

.isr_vector     0x0000000008000000      0x1d8
                0x0000000008000000                . = ALIGN (0x4)
 *(.isr_vector)
 .isr_vector    0x0000000008000000      0x1d8 ./Core/Startup/startup_stm32g431c8tx.o
                0x0000000008000000                g_pfnVectors
                0x00000000080001d8                . = ALIGN (0x4)

.text           0x00000000080001d8     0xb470
                0x00000000080001d8                . = ALIGN (0x4)
 *(.text)
 .text          0x00000000080001d8       0x40 c:/st/stm32cubeide_1.11.0/stm32cubeide/plugins/com.st.stm32cube.ide.mcu.externaltools.gnu-tools-for-stm32.11.3.rel1.win32_1.0.100.202301251239/tools/bin/../lib/gcc/arm-none-eabi/11.3.1/thumb/v7e-m+fp/hard/crtbegin.o
 .text          0x0000000008000218       0x14 c:/st/stm32cubeide_1.11.0/stm32cubeide/plugins/com.st.stm32cube.ide.mcu.externaltools.gnu-tools-for-stm32.11.3.rel1.win32_1.0.100.202301251239/tools/bin/../lib/gcc/arm-none-eabi/11.3.1/../../../../arm-none-eabi/lib/thumb/v7e-m+fp/hard\libc_nano.a(libc_a-strcmp.o)
                0x0000000008000218                strcmp
 .text          0x000000000800022c       0x10 c:/st/stm32cubeide_1.11.0/stm32cubeide/plugins/com.st.stm32cube.ide.mcu.externaltools.gnu-tools-for-stm32.11.3.rel1.win32_1.0.100.202301251239/tools/bin/../lib/gcc/arm-none-eabi/11.3.1/../../../../arm-none-eabi/lib/thumb/v7e-m+fp/hard\libc_nano.a(libc_a-strlen.o)
                0x000000000800022c                strlen
 .text          0x000000000800023c      0x378 c:/st/stm32cubeide_1.11.0/stm32cubeide/plugins/com.st.stm32cube.ide.mcu.externaltools.gnu-tools-for-stm32.11.3.rel1.win32_1.0.100.202301251239/tools/bin/../lib/gcc/arm-none-eabi/11.3.1/thumb/v7e-m+fp/hard\libgcc.a(_arm_addsubdf3.o)
                0x000000000800023c                __aeabi_drsub
                0x0000000008000244                __aeabi_dsub
                0x0000000008000244                __subdf3
                0x0000000008000248                __aeabi_dadd
                0x0000000008000248                __adddf3
                0x00000000080004c0                __floatunsidf
                0x00000000080004c0                __aeabi_ui2d
                0x00000000080004e0                __floatsidf
                0x00000000080004e0                __aeabi_i2d
                0x0000000008000504                __aeabi_f2d
                0x0000000008000504                __extendsfdf2
                0x0000000008000548                __floatundidf
                0x0000000008000548                __aeabi_ul2d
                0x0000000008000558                __floatdidf
                0x0000000008000558                __aeabi_l2d
 .text          0x00000000080005b4       0xa0 c:/st/stm32cubeide_1.11.0/stm32cubeide/plugins/com.st.stm32cube.ide.mcu.externaltools.gnu-tools-for-stm32.11.3.rel1.win32_1.0.100.202301251239/tools/bin/../lib/gcc/arm-none-eabi/11.3.1/thumb/v7e-m+fp/hard\libgcc.a(_arm_truncdfsf2.o)
                0x00000000080005b4                __truncdfsf2
                0x00000000080005b4                __aeabi_d2f
 .text          0x0000000008000654       0x30 c:/st/stm32cubeide_1.11.0/stm32cubeide/plugins/com.st.stm32cube.ide.mcu.externaltools.gnu-tools-for-stm32.11.3.rel1.win32_1.0.100.202301251239/tools/bin/../lib/gcc/arm-none-eabi/11.3.1/thumb/v7e-m+fp/hard\libgcc.a(_aeabi_uldivmod.o)
                0x0000000008000654                __aeabi_uldivmod
 .text          0x0000000008000684      0x2c8 c:/st/stm32cubeide_1.11.0/stm32cubeide/plugins/com.st.stm32cube.ide.mcu.externaltools.gnu-tools-for-stm32.11.3.rel1.win32_1.0.100.202301251239/tools/bin/../lib/gcc/arm-none-eabi/11.3.1/thumb/v7e-m+fp/hard\libgcc.a(_udivmoddi4.o)
                0x0000000008000684                __udivmoddi4
 .text          0x000000000800094c        0x4 c:/st/stm32cubeide_1.11.0/stm32cubeide/plugins/com.st.stm32cube.ide.mcu.externaltools.gnu-tools-for-stm32.11.3.rel1.win32_1.0.100.202301251239/tools/bin/../lib/gcc/arm-none-eabi/11.3.1/thumb/v7e-m+fp/hard\libgcc.a(_dvmd_tls.o)
                0x000000000800094c                __aeabi_idiv0
                0x000000000800094c                __aeabi_ldiv0
 *(.text*)
 .text.__NVIC_GetPriorityGrouping
                0x0000000008000950       0x1c ./Core/Src/main.o
 .text.__NVIC_EnableIRQ
                0x000000000800096c       0x3c ./Core/Src/main.o
 .text.__NVIC_SetPriority
                0x00000000080009a8       0x54 ./Core/Src/main.o
 .text.NVIC_EncodePriority
                0x00000000080009fc       0x66 ./Core/Src/main.o
 .text.LL_TIM_EnableARRPreload
                0x0000000008000a62       0x20 ./Core/Src/main.o
 .text.LL_TIM_DisableARRPreload
                0x0000000008000a82       0x20 ./Core/Src/main.o
 *fill*         0x0000000008000aa2        0x2 
 .text.LL_TIM_OC_DisableFast
                0x0000000008000aa4       0xb0 ./Core/Src/main.o
 .text.LL_TIM_OC_EnablePreload
                0x0000000008000b54       0xac ./Core/Src/main.o
 .text.LL_TIM_SetClockSource
                0x0000000008000c00       0x2a ./Core/Src/main.o
 .text.LL_TIM_SetTriggerOutput
                0x0000000008000c2a       0x2a ./Core/Src/main.o
 .text.LL_TIM_SetTriggerOutput2
                0x0000000008000c54       0x26 ./Core/Src/main.o
 .text.LL_TIM_DisableMasterSlaveMode
                0x0000000008000c7a       0x20 ./Core/Src/main.o
 *fill*         0x0000000008000c9a        0x2 
 .text.LL_AHB2_GRP1_EnableClock
                0x0000000008000c9c       0x30 ./Core/Src/main.o
 .text.LL_APB2_GRP1_EnableClock
                0x0000000008000ccc       0x30 ./Core/Src/main.o
 .text.main     0x0000000008000cfc       0x3a ./Core/Src/main.o
                0x0000000008000cfc                main
 .text.SystemClock_Config
                0x0000000008000d36       0x92 ./Core/Src/main.o
                0x0000000008000d36                SystemClock_Config
 .text.MX_ADC1_Init
                0x0000000008000dc8      0x154 ./Core/Src/main.o
 .text.MX_ADC2_Init
                0x0000000008000f1c      0x130 ./Core/Src/main.o
 .text.MX_I2C2_Init
                0x000000000800104c       0x80 ./Core/Src/main.o
 .text.MX_TIM1_Init
                0x00000000080010cc      0x220 ./Core/Src/main.o
 .text.MX_TIM15_Init
                0x00000000080012ec      0x16c ./Core/Src/main.o
 .text.MX_USART2_UART_Init
                0x0000000008001458       0x98 ./Core/Src/main.o
 .text.MX_USART3_UART_Init
                0x00000000080014f0       0x9c ./Core/Src/main.o
 .text.MX_DMA_Init
                0x000000000800158c       0x48 ./Core/Src/main.o
 .text.MX_GPIO_Init
                0x00000000080015d4      0x11c ./Core/Src/main.o
 .text.Error_Handler
                0x00000000080016f0        0xa ./Core/Src/main.o
                0x00000000080016f0                Error_Handler
 *fill*         0x00000000080016fa        0x2 
 .text.HAL_MspInit
                0x00000000080016fc       0x54 ./Core/Src/stm32g4xx_hal_msp.o
                0x00000000080016fc                HAL_MspInit
 .text.HAL_ADC_MspInit
                0x0000000008001750      0x240 ./Core/Src/stm32g4xx_hal_msp.o
                0x0000000008001750                HAL_ADC_MspInit
 .text.HAL_I2C_MspInit
                0x0000000008001990       0xb0 ./Core/Src/stm32g4xx_hal_msp.o
                0x0000000008001990                HAL_I2C_MspInit
 .text.HAL_UART_MspInit
                0x0000000008001a40      0x140 ./Core/Src/stm32g4xx_hal_msp.o
                0x0000000008001a40                HAL_UART_MspInit
 .text.HAL_UART_MspDeInit
                0x0000000008001b80       0x68 ./Core/Src/stm32g4xx_hal_msp.o
                0x0000000008001b80                HAL_UART_MspDeInit
 .text.LL_TIM_ClearFlag_CC3
                0x0000000008001be8       0x1c ./Core/Src/stm32g4xx_it.o
 .text.LL_TIM_ClearFlag_CC3OVR
                0x0000000008001c04       0x1c ./Core/Src/stm32g4xx_it.o
 .text.NMI_Handler
                0x0000000008001c20        0x6 ./Core/Src/stm32g4xx_it.o
                0x0000000008001c20                NMI_Handler
 .text.HardFault_Handler
                0x0000000008001c26        0x6 ./Core/Src/stm32g4xx_it.o
                0x0000000008001c26                HardFault_Handler
 .text.MemManage_Handler
                0x0000000008001c2c        0x6 ./Core/Src/stm32g4xx_it.o
                0x0000000008001c2c                MemManage_Handler
 .text.BusFault_Handler
                0x0000000008001c32        0x6 ./Core/Src/stm32g4xx_it.o
                0x0000000008001c32                BusFault_Handler
 .text.UsageFault_Handler
                0x0000000008001c38        0x6 ./Core/Src/stm32g4xx_it.o
                0x0000000008001c38                UsageFault_Handler
 .text.SVC_Handler
                0x0000000008001c3e        0xe ./Core/Src/stm32g4xx_it.o
                0x0000000008001c3e                SVC_Handler
 .text.DebugMon_Handler
                0x0000000008001c4c        0xe ./Core/Src/stm32g4xx_it.o
                0x0000000008001c4c                DebugMon_Handler
 .text.PendSV_Handler
                0x0000000008001c5a        0xe ./Core/Src/stm32g4xx_it.o
                0x0000000008001c5a                PendSV_Handler
 .text.SysTick_Handler
                0x0000000008001c68       0x10 ./Core/Src/stm32g4xx_it.o
                0x0000000008001c68                SysTick_Handler
 .text.TIM1_BRK_TIM15_IRQHandler
                0x0000000008001c78        0xe ./Core/Src/stm32g4xx_it.o
                0x0000000008001c78                TIM1_BRK_TIM15_IRQHandler
 *fill*         0x0000000008001c86        0x2 
 .text.TIM1_CC_IRQHandler
                0x0000000008001c88       0x2c ./Core/Src/stm32g4xx_it.o
                0x0000000008001c88                TIM1_CC_IRQHandler
 .text.USART2_IRQHandler
                0x0000000008001cb4       0x14 ./Core/Src/stm32g4xx_it.o
                0x0000000008001cb4                USART2_IRQHandler
 .text._sbrk    0x0000000008001cc8       0x6c ./Core/Src/sysmem.o
                0x0000000008001cc8                _sbrk
 .text.SystemInit
                0x0000000008001d34       0x24 ./Core/Src/system_stm32g4xx.o
                0x0000000008001d34                SystemInit
 .text.Reset_Handler
                0x0000000008001d58       0x50 ./Core/Startup/startup_stm32g431c8tx.o
                0x0000000008001d58                Reset_Handler
 .text.Default_Handler
                0x0000000008001da8        0x2 ./Core/Startup/startup_stm32g431c8tx.o
                0x0000000008001da8                RTC_Alarm_IRQHandler
                0x0000000008001da8                EXTI2_IRQHandler
                0x0000000008001da8                TIM8_TRG_COM_IRQHandler
                0x0000000008001da8                TIM8_CC_IRQHandler
                0x0000000008001da8                USB_HP_IRQHandler
                0x0000000008001da8                CORDIC_IRQHandler
                0x0000000008001da8                EXTI3_IRQHandler
                0x0000000008001da8                I2C3_ER_IRQHandler
                0x0000000008001da8                EXTI0_IRQHandler
                0x0000000008001da8                I2C2_EV_IRQHandler
                0x0000000008001da8                FPU_IRQHandler
                0x0000000008001da8                FDCAN1_IT1_IRQHandler
                0x0000000008001da8                TIM1_UP_TIM16_IRQHandler
                0x0000000008001da8                ADC1_2_IRQHandler
                0x0000000008001da8                SPI1_IRQHandler
                0x0000000008001da8                TIM6_DAC_IRQHandler
                0x0000000008001da8                TIM8_UP_IRQHandler
                0x0000000008001da8                DMA2_Channel2_IRQHandler
                0x0000000008001da8                DMA1_Channel4_IRQHandler
                0x0000000008001da8                USART3_IRQHandler
                0x0000000008001da8                TIM4_IRQHandler
                0x0000000008001da8                DMA2_Channel1_IRQHandler
                0x0000000008001da8                I2C1_EV_IRQHandler
                0x0000000008001da8                DMA1_Channel6_IRQHandler
                0x0000000008001da8                UART4_IRQHandler
                0x0000000008001da8                DMA2_Channel4_IRQHandler
                0x0000000008001da8                TIM3_IRQHandler
                0x0000000008001da8                RCC_IRQHandler
                0x0000000008001da8                DMA1_Channel1_IRQHandler
                0x0000000008001da8                Default_Handler
                0x0000000008001da8                RTC_TAMP_LSECSS_IRQHandler
                0x0000000008001da8                FMAC_IRQHandler
                0x0000000008001da8                EXTI15_10_IRQHandler
                0x0000000008001da8                TIM7_IRQHandler
                0x0000000008001da8                UCPD1_IRQHandler
                0x0000000008001da8                I2C3_EV_IRQHandler
                0x0000000008001da8                EXTI9_5_IRQHandler
                0x0000000008001da8                RTC_WKUP_IRQHandler
                0x0000000008001da8                PVD_PVM_IRQHandler
                0x0000000008001da8                SPI2_IRQHandler
                0x0000000008001da8                DMA2_Channel5_IRQHandler
                0x0000000008001da8                CRS_IRQHandler
                0x0000000008001da8                DMA1_Channel5_IRQHandler
                0x0000000008001da8                USB_LP_IRQHandler
                0x0000000008001da8                EXTI4_IRQHandler
                0x0000000008001da8                RNG_IRQHandler
                0x0000000008001da8                TIM1_TRG_COM_TIM17_IRQHandler
                0x0000000008001da8                DMA1_Channel3_IRQHandler
                0x0000000008001da8                WWDG_IRQHandler
                0x0000000008001da8                LPUART1_IRQHandler
                0x0000000008001da8                DMA2_Channel6_IRQHandler
                0x0000000008001da8                FDCAN1_IT0_IRQHandler
                0x0000000008001da8                TIM2_IRQHandler
                0x0000000008001da8                COMP1_2_3_IRQHandler
                0x0000000008001da8                EXTI1_IRQHandler
                0x0000000008001da8                I2C2_ER_IRQHandler
                0x0000000008001da8                DMA1_Channel2_IRQHandler
                0x0000000008001da8                TIM8_BRK_IRQHandler
                0x0000000008001da8                FLASH_IRQHandler
                0x0000000008001da8                USART1_IRQHandler
                0x0000000008001da8                SPI3_IRQHandler
                0x0000000008001da8                I2C1_ER_IRQHandler
                0x0000000008001da8                LPTIM1_IRQHandler
                0x0000000008001da8                DMAMUX_OVR_IRQHandler
                0x0000000008001da8                USBWakeUp_IRQHandler
                0x0000000008001da8                SAI1_IRQHandler
                0x0000000008001da8                DMA2_Channel3_IRQHandler
                0x0000000008001da8                COMP4_IRQHandler
 .text.HAL_Init
                0x0000000008001daa       0x30 ./Drivers/STM32G4xx_HAL_Driver/Src/stm32g4xx_hal.o
                0x0000000008001daa                HAL_Init
 *fill*         0x0000000008001dda        0x2 
 .text.HAL_InitTick
                0x0000000008001ddc       0x74 ./Drivers/STM32G4xx_HAL_Driver/Src/stm32g4xx_hal.o
                0x0000000008001ddc                HAL_InitTick
 .text.HAL_IncTick
                0x0000000008001e50       0x24 ./Drivers/STM32G4xx_HAL_Driver/Src/stm32g4xx_hal.o
                0x0000000008001e50                HAL_IncTick
 .text.HAL_GetTick
                0x0000000008001e74       0x18 ./Drivers/STM32G4xx_HAL_Driver/Src/stm32g4xx_hal.o
                0x0000000008001e74                HAL_GetTick
 .text.HAL_Delay
                0x0000000008001e8c       0x44 ./Drivers/STM32G4xx_HAL_Driver/Src/stm32g4xx_hal.o
                0x0000000008001e8c                HAL_Delay
 .text.HAL_SYSCFG_VREFBUF_VoltageScalingConfig
                0x0000000008001ed0       0x28 ./Drivers/STM32G4xx_HAL_Driver/Src/stm32g4xx_hal.o
                0x0000000008001ed0                HAL_SYSCFG_VREFBUF_VoltageScalingConfig
 .text.HAL_SYSCFG_VREFBUF_HighImpedanceConfig
                0x0000000008001ef8       0x28 ./Drivers/STM32G4xx_HAL_Driver/Src/stm32g4xx_hal.o
                0x0000000008001ef8                HAL_SYSCFG_VREFBUF_HighImpedanceConfig
 .text.HAL_SYSCFG_EnableVREFBUF
                0x0000000008001f20       0x48 ./Drivers/STM32G4xx_HAL_Driver/Src/stm32g4xx_hal.o
                0x0000000008001f20                HAL_SYSCFG_EnableVREFBUF
 .text.LL_ADC_SetCommonClock
                0x0000000008001f68       0x26 ./Drivers/STM32G4xx_HAL_Driver/Src/stm32g4xx_hal_adc.o
 .text.LL_ADC_SetCommonPathInternalCh
                0x0000000008001f8e       0x26 ./Drivers/STM32G4xx_HAL_Driver/Src/stm32g4xx_hal_adc.o
 .text.LL_ADC_GetCommonPathInternalCh
                0x0000000008001fb4       0x1c ./Drivers/STM32G4xx_HAL_Driver/Src/stm32g4xx_hal_adc.o
 .text.LL_ADC_SetOffset
                0x0000000008001fd0       0x48 ./Drivers/STM32G4xx_HAL_Driver/Src/stm32g4xx_hal_adc.o
 .text.LL_ADC_GetOffsetChannel
                0x0000000008002018       0x2c ./Drivers/STM32G4xx_HAL_Driver/Src/stm32g4xx_hal_adc.o
 .text.LL_ADC_SetOffsetState
                0x0000000008002044       0x36 ./Drivers/STM32G4xx_HAL_Driver/Src/stm32g4xx_hal_adc.o
 .text.LL_ADC_SetOffsetSign
                0x000000000800207a       0x36 ./Drivers/STM32G4xx_HAL_Driver/Src/stm32g4xx_hal_adc.o
 .text.LL_ADC_SetOffsetSaturation
                0x00000000080020b0       0x36 ./Drivers/STM32G4xx_HAL_Driver/Src/stm32g4xx_hal_adc.o
 .text.LL_ADC_SetSamplingTimeCommonConfig
                0x00000000080020e6       0x26 ./Drivers/STM32G4xx_HAL_Driver/Src/stm32g4xx_hal_adc.o
 .text.LL_ADC_REG_IsTriggerSourceSWStart
                0x000000000800210c       0x26 ./Drivers/STM32G4xx_HAL_Driver/Src/stm32g4xx_hal_adc.o
 .text.LL_ADC_REG_SetSequencerRanks
                0x0000000008002132       0x58 ./Drivers/STM32G4xx_HAL_Driver/Src/stm32g4xx_hal_adc.o
 .text.LL_ADC_SetChannelSamplingTime
                0x000000000800218a       0x56 ./Drivers/STM32G4xx_HAL_Driver/Src/stm32g4xx_hal_adc.o
 .text.LL_ADC_SetChannelSingleDiff
                0x00000000080021e0       0x50 ./Drivers/STM32G4xx_HAL_Driver/Src/stm32g4xx_hal_adc.o
 .text.LL_ADC_GetMultimode
                0x0000000008002230       0x1c ./Drivers/STM32G4xx_HAL_Driver/Src/stm32g4xx_hal_adc.o
 .text.LL_ADC_DisableDeepPowerDown
                0x000000000800224c       0x24 ./Drivers/STM32G4xx_HAL_Driver/Src/stm32g4xx_hal_adc.o
 .text.LL_ADC_IsDeepPowerDownEnabled
                0x0000000008002270       0x28 ./Drivers/STM32G4xx_HAL_Driver/Src/stm32g4xx_hal_adc.o
 .text.LL_ADC_EnableInternalRegulator
                0x0000000008002298       0x28 ./Drivers/STM32G4xx_HAL_Driver/Src/stm32g4xx_hal_adc.o
 .text.LL_ADC_IsInternalRegulatorEnabled
                0x00000000080022c0       0x28 ./Drivers/STM32G4xx_HAL_Driver/Src/stm32g4xx_hal_adc.o
 .text.LL_ADC_Enable
                0x00000000080022e8       0x28 ./Drivers/STM32G4xx_HAL_Driver/Src/stm32g4xx_hal_adc.o
 .text.LL_ADC_Disable
                0x0000000008002310       0x28 ./Drivers/STM32G4xx_HAL_Driver/Src/stm32g4xx_hal_adc.o
 .text.LL_ADC_IsEnabled
                0x0000000008002338       0x26 ./Drivers/STM32G4xx_HAL_Driver/Src/stm32g4xx_hal_adc.o
 .text.LL_ADC_IsDisableOngoing
                0x000000000800235e       0x26 ./Drivers/STM32G4xx_HAL_Driver/Src/stm32g4xx_hal_adc.o
 .text.LL_ADC_REG_StartConversion
                0x0000000008002384       0x28 ./Drivers/STM32G4xx_HAL_Driver/Src/stm32g4xx_hal_adc.o
 .text.LL_ADC_REG_IsConversionOngoing
                0x00000000080023ac       0x26 ./Drivers/STM32G4xx_HAL_Driver/Src/stm32g4xx_hal_adc.o
 .text.LL_ADC_INJ_IsConversionOngoing
                0x00000000080023d2       0x26 ./Drivers/STM32G4xx_HAL_Driver/Src/stm32g4xx_hal_adc.o
 .text.HAL_ADC_Init
                0x00000000080023f8      0x314 ./Drivers/STM32G4xx_HAL_Driver/Src/stm32g4xx_hal_adc.o
                0x00000000080023f8                HAL_ADC_Init
 .text.HAL_ADC_Start_DMA
                0x000000000800270c      0x168 ./Drivers/STM32G4xx_HAL_Driver/Src/stm32g4xx_hal_adc.o
                0x000000000800270c                HAL_ADC_Start_DMA
 .text.HAL_ADC_ConvCpltCallback
                0x0000000008002874       0x14 ./Drivers/STM32G4xx_HAL_Driver/Src/stm32g4xx_hal_adc.o
                0x0000000008002874                HAL_ADC_ConvCpltCallback
 .text.HAL_ADC_ConvHalfCpltCallback
                0x0000000008002888       0x14 ./Drivers/STM32G4xx_HAL_Driver/Src/stm32g4xx_hal_adc.o
                0x0000000008002888                HAL_ADC_ConvHalfCpltCallback
 .text.HAL_ADC_ErrorCallback
                0x000000000800289c       0x14 ./Drivers/STM32G4xx_HAL_Driver/Src/stm32g4xx_hal_adc.o
                0x000000000800289c                HAL_ADC_ErrorCallback
 .text.HAL_ADC_ConfigChannel
                0x00000000080028b0      0x7e0 ./Drivers/STM32G4xx_HAL_Driver/Src/stm32g4xx_hal_adc.o
                0x00000000080028b0                HAL_ADC_ConfigChannel
 .text.ADC_Enable
                0x0000000008003090       0xc4 ./Drivers/STM32G4xx_HAL_Driver/Src/stm32g4xx_hal_adc.o
                0x0000000008003090                ADC_Enable
 .text.ADC_Disable
                0x0000000008003154       0xbe ./Drivers/STM32G4xx_HAL_Driver/Src/stm32g4xx_hal_adc.o
                0x0000000008003154                ADC_Disable
 .text.ADC_DMAConvCplt
                0x0000000008003212       0xd8 ./Drivers/STM32G4xx_HAL_Driver/Src/stm32g4xx_hal_adc.o
                0x0000000008003212                ADC_DMAConvCplt
 .text.ADC_DMAHalfConvCplt
                0x00000000080032ea       0x1c ./Drivers/STM32G4xx_HAL_Driver/Src/stm32g4xx_hal_adc.o
                0x00000000080032ea                ADC_DMAHalfConvCplt
 .text.ADC_DMAError
                0x0000000008003306       0x34 ./Drivers/STM32G4xx_HAL_Driver/Src/stm32g4xx_hal_adc.o
                0x0000000008003306                ADC_DMAError
 .text.LL_ADC_IsEnabled
                0x000000000800333a       0x26 ./Drivers/STM32G4xx_HAL_Driver/Src/stm32g4xx_hal_adc_ex.o
 .text.LL_ADC_StartCalibration
                0x0000000008003360       0x32 ./Drivers/STM32G4xx_HAL_Driver/Src/stm32g4xx_hal_adc_ex.o
 .text.LL_ADC_IsCalibrationOnGoing
                0x0000000008003392       0x28 ./Drivers/STM32G4xx_HAL_Driver/Src/stm32g4xx_hal_adc_ex.o
 .text.LL_ADC_REG_IsConversionOngoing
                0x00000000080033ba       0x26 ./Drivers/STM32G4xx_HAL_Driver/Src/stm32g4xx_hal_adc_ex.o
 .text.HAL_ADCEx_Calibration_Start
                0x00000000080033e0       0xc4 ./Drivers/STM32G4xx_HAL_Driver/Src/stm32g4xx_hal_adc_ex.o
                0x00000000080033e0                HAL_ADCEx_Calibration_Start
 .text.HAL_ADCEx_MultiModeConfigChannel
                0x00000000080034a4      0x148 ./Drivers/STM32G4xx_HAL_Driver/Src/stm32g4xx_hal_adc_ex.o
                0x00000000080034a4                HAL_ADCEx_MultiModeConfigChannel
 .text.__NVIC_SetPriorityGrouping
                0x00000000080035ec       0x48 ./Drivers/STM32G4xx_HAL_Driver/Src/stm32g4xx_hal_cortex.o
 .text.__NVIC_GetPriorityGrouping
                0x0000000008003634       0x1c ./Drivers/STM32G4xx_HAL_Driver/Src/stm32g4xx_hal_cortex.o
 .text.__NVIC_EnableIRQ
                0x0000000008003650       0x3c ./Drivers/STM32G4xx_HAL_Driver/Src/stm32g4xx_hal_cortex.o
 .text.__NVIC_DisableIRQ
                0x000000000800368c       0x48 ./Drivers/STM32G4xx_HAL_Driver/Src/stm32g4xx_hal_cortex.o
 .text.__NVIC_SetPriority
                0x00000000080036d4       0x54 ./Drivers/STM32G4xx_HAL_Driver/Src/stm32g4xx_hal_cortex.o
 .text.NVIC_EncodePriority
                0x0000000008003728       0x66 ./Drivers/STM32G4xx_HAL_Driver/Src/stm32g4xx_hal_cortex.o
 *fill*         0x000000000800378e        0x2 
 .text.SysTick_Config
                0x0000000008003790       0x44 ./Drivers/STM32G4xx_HAL_Driver/Src/stm32g4xx_hal_cortex.o
 .text.HAL_NVIC_SetPriorityGrouping
                0x00000000080037d4       0x16 ./Drivers/STM32G4xx_HAL_Driver/Src/stm32g4xx_hal_cortex.o
                0x00000000080037d4                HAL_NVIC_SetPriorityGrouping
 .text.HAL_NVIC_SetPriority
                0x00000000080037ea       0x34 ./Drivers/STM32G4xx_HAL_Driver/Src/stm32g4xx_hal_cortex.o
                0x00000000080037ea                HAL_NVIC_SetPriority
 .text.HAL_NVIC_EnableIRQ
                0x000000000800381e       0x1c ./Drivers/STM32G4xx_HAL_Driver/Src/stm32g4xx_hal_cortex.o
                0x000000000800381e                HAL_NVIC_EnableIRQ
 .text.HAL_NVIC_DisableIRQ
                0x000000000800383a       0x1c ./Drivers/STM32G4xx_HAL_Driver/Src/stm32g4xx_hal_cortex.o
                0x000000000800383a                HAL_NVIC_DisableIRQ
 .text.HAL_SYSTICK_Config
                0x0000000008003856       0x18 ./Drivers/STM32G4xx_HAL_Driver/Src/stm32g4xx_hal_cortex.o
                0x0000000008003856                HAL_SYSTICK_Config
 *fill*         0x000000000800386e        0x2 
 .text.HAL_DMA_Init
                0x0000000008003870      0x150 ./Drivers/STM32G4xx_HAL_Driver/Src/stm32g4xx_hal_dma.o
                0x0000000008003870                HAL_DMA_Init
 .text.HAL_DMA_Start_IT
                0x00000000080039c0       0xf6 ./Drivers/STM32G4xx_HAL_Driver/Src/stm32g4xx_hal_dma.o
                0x00000000080039c0                HAL_DMA_Start_IT
 .text.HAL_DMA_Abort
                0x0000000008003ab6       0xb2 ./Drivers/STM32G4xx_HAL_Driver/Src/stm32g4xx_hal_dma.o
                0x0000000008003ab6                HAL_DMA_Abort
 .text.HAL_DMA_Abort_IT
                0x0000000008003b68       0xce ./Drivers/STM32G4xx_HAL_Driver/Src/stm32g4xx_hal_dma.o
                0x0000000008003b68                HAL_DMA_Abort_IT
 .text.DMA_SetConfig
                0x0000000008003c36       0x7c ./Drivers/STM32G4xx_HAL_Driver/Src/stm32g4xx_hal_dma.o
 *fill*         0x0000000008003cb2        0x2 
 .text.DMA_CalcDMAMUXChannelBaseAndMask
                0x0000000008003cb4       0x7c ./Drivers/STM32G4xx_HAL_Driver/Src/stm32g4xx_hal_dma.o
 .text.DMA_CalcDMAMUXRequestGenBaseAndMask
                0x0000000008003d30       0x48 ./Drivers/STM32G4xx_HAL_Driver/Src/stm32g4xx_hal_dma.o
 .text.HAL_GPIO_Init
                0x0000000008003d78      0x304 ./Drivers/STM32G4xx_HAL_Driver/Src/stm32g4xx_hal_gpio.o
                0x0000000008003d78                HAL_GPIO_Init
 .text.HAL_GPIO_DeInit
                0x000000000800407c      0x1c4 ./Drivers/STM32G4xx_HAL_Driver/Src/stm32g4xx_hal_gpio.o
                0x000000000800407c                HAL_GPIO_DeInit
 .text.HAL_GPIO_WritePin
                0x0000000008004240       0x30 ./Drivers/STM32G4xx_HAL_Driver/Src/stm32g4xx_hal_gpio.o
                0x0000000008004240                HAL_GPIO_WritePin
 .text.HAL_I2C_Init
                0x0000000008004270      0x11e ./Drivers/STM32G4xx_HAL_Driver/Src/stm32g4xx_hal_i2c.o
                0x0000000008004270                HAL_I2C_Init
 .text.HAL_I2CEx_ConfigAnalogFilter
                0x000000000800438e       0x96 ./Drivers/STM32G4xx_HAL_Driver/Src/stm32g4xx_hal_i2c_ex.o
                0x000000000800438e                HAL_I2CEx_ConfigAnalogFilter
 .text.HAL_I2CEx_ConfigDigitalFilter
                0x0000000008004424       0x98 ./Drivers/STM32G4xx_HAL_Driver/Src/stm32g4xx_hal_i2c_ex.o
                0x0000000008004424                HAL_I2CEx_ConfigDigitalFilter
 .text.HAL_PWREx_ControlVoltageScaling
                0x00000000080044bc      0x148 ./Drivers/STM32G4xx_HAL_Driver/Src/stm32g4xx_hal_pwr_ex.o
                0x00000000080044bc                HAL_PWREx_ControlVoltageScaling
 .text.HAL_RCC_OscConfig
                0x0000000008004604      0x630 ./Drivers/STM32G4xx_HAL_Driver/Src/stm32g4xx_hal_rcc.o
                0x0000000008004604                HAL_RCC_OscConfig
 .text.HAL_RCC_ClockConfig
                0x0000000008004c34      0x278 ./Drivers/STM32G4xx_HAL_Driver/Src/stm32g4xx_hal_rcc.o
                0x0000000008004c34                HAL_RCC_ClockConfig
 .text.HAL_RCC_GetSysClockFreq
                0x0000000008004eac       0xc4 ./Drivers/STM32G4xx_HAL_Driver/Src/stm32g4xx_hal_rcc.o
                0x0000000008004eac                HAL_RCC_GetSysClockFreq
 .text.HAL_RCC_GetHCLKFreq
                0x0000000008004f70       0x18 ./Drivers/STM32G4xx_HAL_Driver/Src/stm32g4xx_hal_rcc.o
                0x0000000008004f70                HAL_RCC_GetHCLKFreq
 .text.HAL_RCC_GetPCLK1Freq
                0x0000000008004f88       0x2c ./Drivers/STM32G4xx_HAL_Driver/Src/stm32g4xx_hal_rcc.o
                0x0000000008004f88                HAL_RCC_GetPCLK1Freq
 .text.HAL_RCC_GetPCLK2Freq
                0x0000000008004fb4       0x2c ./Drivers/STM32G4xx_HAL_Driver/Src/stm32g4xx_hal_rcc.o
                0x0000000008004fb4                HAL_RCC_GetPCLK2Freq
 .text.RCC_GetSysClockFreqFromPLLSource
                0x0000000008004fe0       0x8c ./Drivers/STM32G4xx_HAL_Driver/Src/stm32g4xx_hal_rcc.o
 .text.HAL_RCCEx_PeriphCLKConfig
                0x000000000800506c      0x3e0 ./Drivers/STM32G4xx_HAL_Driver/Src/stm32g4xx_hal_rcc_ex.o
                0x000000000800506c                HAL_RCCEx_PeriphCLKConfig
 .text.HAL_UART_Init
                0x000000000800544c       0xa0 ./Drivers/STM32G4xx_HAL_Driver/Src/stm32g4xx_hal_uart.o
                0x000000000800544c                HAL_UART_Init
 .text.HAL_UART_DeInit
                0x00000000080054ec       0x78 ./Drivers/STM32G4xx_HAL_Driver/Src/stm32g4xx_hal_uart.o
                0x00000000080054ec                HAL_UART_DeInit
 .text.HAL_UART_Transmit
                0x0000000008005564      0x12c ./Drivers/STM32G4xx_HAL_Driver/Src/stm32g4xx_hal_uart.o
                0x0000000008005564                HAL_UART_Transmit
 .text.HAL_UART_Receive
                0x0000000008005690      0x1a6 ./Drivers/STM32G4xx_HAL_Driver/Src/stm32g4xx_hal_uart.o
                0x0000000008005690                HAL_UART_Receive
 *fill*         0x0000000008005836        0x2 
 .text.HAL_UART_Receive_IT
                0x0000000008005838       0xac ./Drivers/STM32G4xx_HAL_Driver/Src/stm32g4xx_hal_uart.o
                0x0000000008005838                HAL_UART_Receive_IT
 .text.HAL_UART_IRQHandler
                0x00000000080058e4      0x630 ./Drivers/STM32G4xx_HAL_Driver/Src/stm32g4xx_hal_uart.o
                0x00000000080058e4                HAL_UART_IRQHandler
 .text.HAL_UART_TxCpltCallback
                0x0000000008005f14       0x14 ./Drivers/STM32G4xx_HAL_Driver/Src/stm32g4xx_hal_uart.o
                0x0000000008005f14                HAL_UART_TxCpltCallback
 .text.HAL_UARTEx_RxEventCallback
                0x0000000008005f28       0x18 ./Drivers/STM32G4xx_HAL_Driver/Src/stm32g4xx_hal_uart.o
                0x0000000008005f28                HAL_UARTEx_RxEventCallback
 .text.UART_SetConfig
                0x0000000008005f40      0x598 ./Drivers/STM32G4xx_HAL_Driver/Src/stm32g4xx_hal_uart.o
                0x0000000008005f40                UART_SetConfig
 .text.UART_AdvFeatureConfig
                0x00000000080064d8      0x144 ./Drivers/STM32G4xx_HAL_Driver/Src/stm32g4xx_hal_uart.o
                0x00000000080064d8                UART_AdvFeatureConfig
 .text.UART_CheckIdleState
                0x000000000800661c       0x96 ./Drivers/STM32G4xx_HAL_Driver/Src/stm32g4xx_hal_uart.o
                0x000000000800661c                UART_CheckIdleState
 .text.UART_WaitOnFlagUntilTimeout
                0x00000000080066b2      0x190 ./Drivers/STM32G4xx_HAL_Driver/Src/stm32g4xx_hal_uart.o
                0x00000000080066b2                UART_WaitOnFlagUntilTimeout
 *fill*         0x0000000008006842        0x2 
 .text.UART_Start_Receive_IT
                0x0000000008006844      0x254 ./Drivers/STM32G4xx_HAL_Driver/Src/stm32g4xx_hal_uart.o
                0x0000000008006844                UART_Start_Receive_IT
 .text.UART_EndRxTransfer
                0x0000000008006a98       0xcc ./Drivers/STM32G4xx_HAL_Driver/Src/stm32g4xx_hal_uart.o
 .text.UART_DMAAbortOnError
                0x0000000008006b64       0x2c ./Drivers/STM32G4xx_HAL_Driver/Src/stm32g4xx_hal_uart.o
 .text.UART_EndTransmit_IT
                0x0000000008006b90       0x56 ./Drivers/STM32G4xx_HAL_Driver/Src/stm32g4xx_hal_uart.o
 .text.UART_RxISR_8BIT
                0x0000000008006be6      0x160 ./Drivers/STM32G4xx_HAL_Driver/Src/stm32g4xx_hal_uart.o
 .text.UART_RxISR_16BIT
                0x0000000008006d46      0x160 ./Drivers/STM32G4xx_HAL_Driver/Src/stm32g4xx_hal_uart.o
 *fill*         0x0000000008006ea6        0x2 
 .text.UART_RxISR_8BIT_FIFOEN
                0x0000000008006ea8      0x2f8 ./Drivers/STM32G4xx_HAL_Driver/Src/stm32g4xx_hal_uart.o
 .text.UART_RxISR_16BIT_FIFOEN
                0x00000000080071a0      0x300 ./Drivers/STM32G4xx_HAL_Driver/Src/stm32g4xx_hal_uart.o
 .text.HAL_UARTEx_WakeupCallback
                0x00000000080074a0       0x14 ./Drivers/STM32G4xx_HAL_Driver/Src/stm32g4xx_hal_uart_ex.o
                0x00000000080074a0                HAL_UARTEx_WakeupCallback
 .text.HAL_UARTEx_RxFifoFullCallback
                0x00000000080074b4       0x14 ./Drivers/STM32G4xx_HAL_Driver/Src/stm32g4xx_hal_uart_ex.o
                0x00000000080074b4                HAL_UARTEx_RxFifoFullCallback
 .text.HAL_UARTEx_TxFifoEmptyCallback
                0x00000000080074c8       0x14 ./Drivers/STM32G4xx_HAL_Driver/Src/stm32g4xx_hal_uart_ex.o
                0x00000000080074c8                HAL_UARTEx_TxFifoEmptyCallback
 .text.HAL_UARTEx_EnableFifoMode
                0x00000000080074dc       0x76 ./Drivers/STM32G4xx_HAL_Driver/Src/stm32g4xx_hal_uart_ex.o
                0x00000000080074dc                HAL_UARTEx_EnableFifoMode
 .text.HAL_UARTEx_DisableFifoMode
                0x0000000008007552       0x72 ./Drivers/STM32G4xx_HAL_Driver/Src/stm32g4xx_hal_uart_ex.o
                0x0000000008007552                HAL_UARTEx_DisableFifoMode
 .text.HAL_UARTEx_SetTxFifoThreshold
                0x00000000080075c4       0x7c ./Drivers/STM32G4xx_HAL_Driver/Src/stm32g4xx_hal_uart_ex.o
                0x00000000080075c4                HAL_UARTEx_SetTxFifoThreshold
 .text.HAL_UARTEx_SetRxFifoThreshold
                0x0000000008007640       0x7c ./Drivers/STM32G4xx_HAL_Driver/Src/stm32g4xx_hal_uart_ex.o
                0x0000000008007640                HAL_UARTEx_SetRxFifoThreshold
 .text.UARTEx_SetNbDataToProcess
                0x00000000080076bc       0x9c ./Drivers/STM32G4xx_HAL_Driver/Src/stm32g4xx_hal_uart_ex.o
 .text.LL_GPIO_SetPinMode
                0x0000000008007758       0x7a ./Drivers/STM32G4xx_HAL_Driver/Src/stm32g4xx_ll_gpio.o
 .text.LL_GPIO_SetPinOutputType
                0x00000000080077d2       0x30 ./Drivers/STM32G4xx_HAL_Driver/Src/stm32g4xx_ll_gpio.o
 .text.LL_GPIO_SetPinSpeed
                0x0000000008007802       0x7a ./Drivers/STM32G4xx_HAL_Driver/Src/stm32g4xx_ll_gpio.o
 .text.LL_GPIO_SetPinPull
                0x000000000800787c       0x7a ./Drivers/STM32G4xx_HAL_Driver/Src/stm32g4xx_ll_gpio.o
 .text.LL_GPIO_SetAFPin_0_7
                0x00000000080078f6       0x7a ./Drivers/STM32G4xx_HAL_Driver/Src/stm32g4xx_ll_gpio.o
 .text.LL_GPIO_SetAFPin_8_15
                0x0000000008007970       0x7e ./Drivers/STM32G4xx_HAL_Driver/Src/stm32g4xx_ll_gpio.o
 .text.LL_GPIO_Init
                0x00000000080079ee       0xdc ./Drivers/STM32G4xx_HAL_Driver/Src/stm32g4xx_ll_gpio.o
                0x00000000080079ee                LL_GPIO_Init
 .text.LL_TIM_SetPrescaler
                0x0000000008007aca       0x1c ./Drivers/STM32G4xx_HAL_Driver/Src/stm32g4xx_ll_tim.o
 .text.LL_TIM_SetAutoReload
                0x0000000008007ae6       0x1c ./Drivers/STM32G4xx_HAL_Driver/Src/stm32g4xx_ll_tim.o
 .text.LL_TIM_SetRepetitionCounter
                0x0000000008007b02       0x1c ./Drivers/STM32G4xx_HAL_Driver/Src/stm32g4xx_ll_tim.o
 .text.LL_TIM_OC_SetCompareCH1
                0x0000000008007b1e       0x1c ./Drivers/STM32G4xx_HAL_Driver/Src/stm32g4xx_ll_tim.o
 .text.LL_TIM_OC_SetCompareCH2
                0x0000000008007b3a       0x1c ./Drivers/STM32G4xx_HAL_Driver/Src/stm32g4xx_ll_tim.o
 .text.LL_TIM_OC_SetCompareCH3
                0x0000000008007b56       0x1c ./Drivers/STM32G4xx_HAL_Driver/Src/stm32g4xx_ll_tim.o
 .text.LL_TIM_OC_SetCompareCH4
                0x0000000008007b72       0x1c ./Drivers/STM32G4xx_HAL_Driver/Src/stm32g4xx_ll_tim.o
 .text.LL_TIM_OC_SetCompareCH5
                0x0000000008007b8e       0x20 ./Drivers/STM32G4xx_HAL_Driver/Src/stm32g4xx_ll_tim.o
 .text.LL_TIM_OC_SetCompareCH6
                0x0000000008007bae       0x1c ./Drivers/STM32G4xx_HAL_Driver/Src/stm32g4xx_ll_tim.o
 .text.LL_TIM_GenerateEvent_UPDATE
                0x0000000008007bca       0x20 ./Drivers/STM32G4xx_HAL_Driver/Src/stm32g4xx_ll_tim.o
 *fill*         0x0000000008007bea        0x2 
 .text.LL_TIM_Init
                0x0000000008007bec      0x114 ./Drivers/STM32G4xx_HAL_Driver/Src/stm32g4xx_ll_tim.o
                0x0000000008007bec                LL_TIM_Init
 .text.LL_TIM_OC_Init
                0x0000000008007d00       0xbe ./Drivers/STM32G4xx_HAL_Driver/Src/stm32g4xx_ll_tim.o
                0x0000000008007d00                LL_TIM_OC_Init
 *fill*         0x0000000008007dbe        0x2 
 .text.LL_TIM_BDTR_Init
                0x0000000008007dc0      0x110 ./Drivers/STM32G4xx_HAL_Driver/Src/stm32g4xx_ll_tim.o
                0x0000000008007dc0                LL_TIM_BDTR_Init
 .text.OC1Config
                0x0000000008007ed0      0x100 ./Drivers/STM32G4xx_HAL_Driver/Src/stm32g4xx_ll_tim.o
 .text.OC2Config
                0x0000000008007fd0      0x108 ./Drivers/STM32G4xx_HAL_Driver/Src/stm32g4xx_ll_tim.o
 .text.OC3Config
                0x00000000080080d8      0x108 ./Drivers/STM32G4xx_HAL_Driver/Src/stm32g4xx_ll_tim.o
 .text.OC4Config
                0x00000000080081e0      0x108 ./Drivers/STM32G4xx_HAL_Driver/Src/stm32g4xx_ll_tim.o
 .text.OC5Config
                0x00000000080082e8       0xc8 ./Drivers/STM32G4xx_HAL_Driver/Src/stm32g4xx_ll_tim.o
 .text.OC6Config
                0x00000000080083b0       0xc8 ./Drivers/STM32G4xx_HAL_Driver/Src/stm32g4xx_ll_tim.o
 .text.calcCRC  0x0000000008008478       0x8e ./app/common/common.o
                0x0000000008008478                calcCRC
 *fill*         0x0000000008008506        0x2 
 .text.create_fifo
                0x0000000008008508       0xb8 ./app/common/fifo.o
                0x0000000008008508                create_fifo
 .text.FIFO_GetAvaiableSpace
                0x00000000080085c0       0x2a ./app/common/fifo.o
 .text.FIFO_Put
                0x00000000080085ea       0x78 ./app/common/fifo.o
 .text.FIFO_Puts
                0x0000000008008662       0x78 ./app/common/fifo.o
 .text.FIFO_Peak
                0x00000000080086da       0x4a ./app/common/fifo.o
 .text.FIFO_Peaks
                0x0000000008008724       0x7a ./app/common/fifo.o
 .text.FIFO_Get
                0x000000000800879e       0x84 ./app/common/fifo.o
 .text.FIFO_Gets
                0x0000000008008822       0x5c ./app/common/fifo.o
 .text.FIFO_Clear
                0x000000000800887e       0x2e ./app/common/fifo.o
 .text.ModbusResetValue
                0x00000000080088ac       0x68 ./app/driver/com/modbus.o
 .text.ModbusGetData
                0x0000000008008914      0x120 ./app/driver/com/modbus.o
 .text.ModbusSetData
                0x0000000008008a34      0x1e8 ./app/driver/com/modbus.o
 .text.ModbusCreateData
                0x0000000008008c1c      0x21c ./app/driver/com/modbus.o
 .text.ModbusSendData
                0x0000000008008e38       0x48 ./app/driver/com/modbus.o
 .text.ModbusSetReDe
                0x0000000008008e80       0x24 ./app/driver/com/modbus.o
 .text.create_modbus
                0x0000000008008ea4       0x84 ./app/driver/com/modbus.o
                0x0000000008008ea4                create_modbus
 .text.Modbus1kHz
                0x0000000008008f28       0x50 ./app/driver/com/modbus.o
                0x0000000008008f28                Modbus1kHz
 .text.ModbusBackground
                0x0000000008008f78      0x12c ./app/driver/com/modbus.o
                0x0000000008008f78                ModbusBackground
 .text.ModbusAddVariable
                0x00000000080090a4       0x7c ./app/driver/com/modbus.o
                0x00000000080090a4                ModbusAddVariable
 .text.SetCompareCH3
                0x0000000008009120       0x1e ./app/driver/control/driver_pwm_dc_dc.o
 .text.SetCompareCH4
                0x000000000800913e       0x1e ./app/driver/control/driver_pwm_dc_dc.o
 .text.DisableTimerChanel
                0x000000000800915c       0x24 ./app/driver/control/driver_pwm_dc_dc.o
 .text.EnableTimerChanel
                0x0000000008009180       0x24 ./app/driver/control/driver_pwm_dc_dc.o
 .text.EnableCH1NOutput
                0x00000000080091a4       0x24 ./app/driver/control/driver_pwm_dc_dc.o
 .text.EnableCH2NOutput
                0x00000000080091c8       0x24 ./app/driver/control/driver_pwm_dc_dc.o
 .text.DisableCH1NOutput
                0x00000000080091ec       0x24 ./app/driver/control/driver_pwm_dc_dc.o
 .text.DisableCH2NOutput
                0x0000000008009210       0x24 ./app/driver/control/driver_pwm_dc_dc.o
 .text.DisableCH1NAndCH2NOutputs
                0x0000000008009234       0x24 ./app/driver/control/driver_pwm_dc_dc.o
 .text.EnableCntTimer
                0x0000000008009258       0x24 ./app/driver/control/driver_pwm_dc_dc.o
 .text.TIM_EnableIT_CC3
                0x000000000800927c       0x24 ./app/driver/control/driver_pwm_dc_dc.o
 .text.TIM_ClearFlag_CC3
                0x00000000080092a0       0x1e ./app/driver/control/driver_pwm_dc_dc.o
 *fill*         0x00000000080092be        0x2 
 .text.PwmWindBoostInit
                0x00000000080092c0       0x60 ./app/driver/control/driver_pwm_dc_dc.o
                0x00000000080092c0                PwmWindBoostInit
 .text.PwmWindBuckBoostDisableAllOutput
                0x0000000008009320       0x1c ./app/driver/control/driver_pwm_dc_dc.o
                0x0000000008009320                PwmWindBuckBoostDisableAllOutput
 .text.PwmWindBuckEnable
                0x000000000800933c       0x1c ./app/driver/control/driver_pwm_dc_dc.o
                0x000000000800933c                PwmWindBuckEnable
 .text.PwmWindBoostEnable
                0x0000000008009358       0x1c ./app/driver/control/driver_pwm_dc_dc.o
                0x0000000008009358                PwmWindBoostEnable
 .text.PwmWindBuckDisable
                0x0000000008009374       0x16 ./app/driver/control/driver_pwm_dc_dc.o
                0x0000000008009374                PwmWindBuckDisable
 .text.PwmWindBoostDisable
                0x000000000800938a       0x16 ./app/driver/control/driver_pwm_dc_dc.o
                0x000000000800938a                PwmWindBoostDisable
 .text.DisableTimerChanel
                0x00000000080093a0       0x24 ./app/driver/control/driver_pwm_dumpload.o
 .text.EnableTimerChanel
                0x00000000080093c4       0x24 ./app/driver/control/driver_pwm_dumpload.o
 .text.EnableCH2Output
                0x00000000080093e8       0x24 ./app/driver/control/driver_pwm_dumpload.o
 .text.DisableCH2Output
                0x000000000800940c       0x24 ./app/driver/control/driver_pwm_dumpload.o
 .text.PwmWindDumpLoadEnableOutput
                0x0000000008009430       0x1c ./app/driver/control/driver_pwm_dumpload.o
                0x0000000008009430                PwmWindDumpLoadEnableOutput
 .text.PwmWindDumpLoadDisableOutput
                0x000000000800944c       0x1c ./app/driver/control/driver_pwm_dumpload.o
                0x000000000800944c                PwmWindDumpLoadDisableOutput
 .text.Pin_Func_Init
                0x0000000008009468      0x118 ./app/driver/control/pin_func.o
                0x0000000008009468                Pin_Func_Init
 .text.Pin_Func_TurnOn
                0x0000000008009580       0x54 ./app/driver/control/pin_func.o
                0x0000000008009580                Pin_Func_TurnOn
 .text.Pin_Func_TurnOff
                0x00000000080095d4       0x54 ./app/driver/control/pin_func.o
                0x00000000080095d4                Pin_Func_TurnOff
 .text.Signal_Init
                0x0000000008009628       0x40 ./app/driver/measure/signal.o
                0x0000000008009628                Signal_Init
 .text.Signal_Update
                0x0000000008009668       0xd0 ./app/driver/measure/signal.o
                0x0000000008009668                Signal_Update
 .text.EC200_Delayms
                0x0000000008009738       0x16 ./app/lib/EC200_common/EC200_common.o
                0x0000000008009738                EC200_Delayms
 .text.EC200_RESET
                0x000000000800974e       0x2e ./app/lib/EC200_common/EC200_common.o
                0x000000000800974e                EC200_RESET
 .text.EC200_Init
                0x000000000800977c       0x10 ./app/lib/EC200_common/EC200_common.o
                0x000000000800977c                EC200_Init
 .text.EC200_UART_InitPins
                0x000000000800978c        0xe ./app/lib/EC200_common/EC200_uart.o
                0x000000000800978c                EC200_UART_InitPins
 .text.EC200_RESET_InitPins
                0x000000000800979a        0xe ./app/lib/EC200_common/EC200_uart.o
                0x000000000800979a                EC200_RESET_InitPins
 .text.EC200_UART_Init
                0x00000000080097a8       0x28 ./app/lib/EC200_common/EC200_uart.o
                0x00000000080097a8                EC200_UART_Init
 .text.EC200_UART_Handler
                0x00000000080097d0      0x214 ./app/lib/EC200_common/EC200_uart.o
                0x00000000080097d0                EC200_UART_Handler
 .text.ADC_DMA_CREATE
                0x00000000080099e4       0x98 ./app/porting/adc/adc.o
                0x00000000080099e4                ADC_DMA_CREATE
 .text.Get_ADC_VAL_CH
                0x0000000008009a7c       0x84 ./app/porting/adc/adc.o
                0x0000000008009a7c                Get_ADC_VAL_CH
 .text.GPIO_SetPinOut
                0x0000000008009b00       0x4c ./app/porting/gpio/gpio.o
                0x0000000008009b00                GPIO_SetPinOut
 .text.GPIO_SetPinIn
                0x0000000008009b4c       0x50 ./app/porting/gpio/gpio.o
                0x0000000008009b4c                GPIO_SetPinIn
 .text.GPIO_WritePin
                0x0000000008009b9c       0x40 ./app/porting/gpio/gpio.o
                0x0000000008009b9c                GPIO_WritePin
 .text.OpenUart2
                0x0000000008009bdc       0x3c ./app/porting/serial/serial.o
 .text.SendByteUart2
                0x0000000008009c18       0x34 ./app/porting/serial/serial.o
 .text.ReceiveByteUart2
                0x0000000008009c4c       0x30 ./app/porting/serial/serial.o
 .text.OpenUart3
                0x0000000008009c7c       0x64 ./app/porting/serial/serial.o
 .text.SendByteUart3
                0x0000000008009ce0       0x34 ./app/porting/serial/serial.o
 .text.ReceiveByteUart3
                0x0000000008009d14       0x40 ./app/porting/serial/serial.o
 .text.HAL_UART_RxCpltCallback
                0x0000000008009d54       0x34 ./app/porting/serial/serial.o
                0x0000000008009d54                HAL_UART_RxCpltCallback
 .text.HAL_UART_ErrorCallback
                0x0000000008009d88       0x28 ./app/porting/serial/serial.o
                0x0000000008009d88                HAL_UART_ErrorCallback
 .text.SerialHandle
                0x0000000008009db0       0xd0 ./app/porting/serial/serial.o
                0x0000000008009db0                SerialHandle
 .text.create_serial
                0x0000000008009e80       0xc4 ./app/porting/serial/serial.o
                0x0000000008009e80                create_serial
 .text.SerialSendBuf
                0x0000000008009f44       0x4c ./app/porting/serial/serial.o
                0x0000000008009f44                SerialSendBuf
 .text.SerialReadBuf
                0x0000000008009f90       0x50 ./app/porting/serial/serial.o
                0x0000000008009f90                SerialReadBuf
 .text.Timer1kHzAddCallback
                0x0000000008009fe0       0x40 ./app/porting/timer/timer.o
                0x0000000008009fe0                Timer1kHzAddCallback
 .text.TimerTick1kHz
                0x000000000800a020       0x48 ./app/porting/timer/timer.o
                0x000000000800a020                TimerTick1kHz
 .text.TIM_GetCounterMode
                0x000000000800a068       0x22 ./app/porting/timer/timer_pwm.o
 .text.TIM_SetAutoReload
                0x000000000800a08a       0x1e ./app/porting/timer/timer_pwm.o
 .text.create_advance_timer
                0x000000000800a0a8      0x108 ./app/porting/timer/timer_pwm.o
                0x000000000800a0a8                create_advance_timer
 .text.AppMainInit
                0x000000000800a1b0       0x5c ./app/src/app_main.o
                0x000000000800a1b0                AppMainInit
 .text.AppMainProcess
                0x000000000800a20c       0x3c ./app/src/app_main.o
                0x000000000800a20c                AppMainProcess
 .text.MainAddBackgroundProcess
                0x000000000800a248       0x3c ./app/src/app_main.o
 .text.SetCompareCH1
                0x000000000800a284       0x1e ./app/src/control_dcdc.o
 .text.SetCompareCH2
                0x000000000800a2a2       0x1e ./app/src/control_dcdc.o
 .text.SetCompareCH4
                0x000000000800a2c0       0x1e ./app/src/control_dcdc.o
 *fill*         0x000000000800a2de        0x2 
 .text.ControlDcDcBoostInit
                0x000000000800a2e0       0x2c ./app/src/control_dcdc.o
                0x000000000800a2e0                ControlDcDcBoostInit
 .text.DcDcProcess
                0x000000000800a30c       0x40 ./app/src/control_dcdc.o
 .text.DC_StopPWM_Boost
                0x000000000800a34c       0x18 ./app/src/control_dcdc.o
                0x000000000800a34c                DC_StopPWM_Boost
 .text.DC_StartPWM_Boost
                0x000000000800a364       0x24 ./app/src/control_dcdc.o
                0x000000000800a364                DC_StartPWM_Boost
 .text.DC_StopPWM_Buck
                0x000000000800a388       0x18 ./app/src/control_dcdc.o
                0x000000000800a388                DC_StopPWM_Buck
 .text.DC_StartPWM_Buck
                0x000000000800a3a0       0x24 ./app/src/control_dcdc.o
                0x000000000800a3a0                DC_StartPWM_Buck
 .text.DcDc_ControllerMppt
                0x000000000800a3c4      0x150 ./app/src/control_dcdc.o
                0x000000000800a3c4                DcDc_ControllerMppt
 .text.SetCompareCH2
                0x000000000800a514       0x1e ./app/src/control_dumpload.o
 *fill*         0x000000000800a532        0x2 
 .text.Start_PWM_Dumpload
                0x000000000800a534       0x18 ./app/src/control_dumpload.o
                0x000000000800a534                Start_PWM_Dumpload
 .text.Stop_PWM_Dumpload
                0x000000000800a54c       0x18 ./app/src/control_dumpload.o
                0x000000000800a54c                Stop_PWM_Dumpload
 .text.Dumpload_controller
                0x000000000800a564       0x94 ./app/src/control_dumpload.o
                0x000000000800a564                Dumpload_controller
 .text.ErrorCheckInit
                0x000000000800a5f8       0x98 ./app/src/error_check.o
                0x000000000800a5f8                ErrorCheckInit
 .text.ErrorCheck_Running
                0x000000000800a690      0x2dc ./app/src/error_check.o
                0x000000000800a690                ErrorCheck_Running
 .text.UpdateCalc
                0x000000000800a96c       0x44 ./app/src/error_check.o
 .text.getFaultInfo
                0x000000000800a9b0       0x80 ./app/src/error_check.o
                0x000000000800a9b0                getFaultInfo
 .text.serial_init
                0x000000000800aa30       0x24 ./app/src/interface.o
                0x000000000800aa30                serial_init
 .text.initGlobalVariables
                0x000000000800aa54       0x28 ./app/src/interface.o
                0x000000000800aa54                initGlobalVariables
 .text.UpdateAllVariable
                0x000000000800aa7c       0xbc ./app/src/interface.o
                0x000000000800aa7c                UpdateAllVariable
 .text.StateInit
                0x000000000800ab38       0x1c ./app/src/state_machine.o
                0x000000000800ab38                StateInit
 .text.StateMachineRunning
                0x000000000800ab54      0x1fc ./app/src/state_machine.o
 .text.WindOff  0x000000000800ad50       0x24 ./app/src/state_machine.o
 .text.CheckWind
                0x000000000800ad74       0xf0 ./app/src/state_machine.o
 .text.CloseLoop
                0x000000000800ae64      0x198 ./app/src/state_machine.o
 .text.ErrorFunction
                0x000000000800affc       0x4c ./app/src/state_machine.o
 .text.StateReset
                0x000000000800b048       0x20 ./app/src/state_machine.o
 .text.WindControlInit
                0x000000000800b068       0x20 ./app/src/wind_control.o
                0x000000000800b068                WindControlInit
 .text.WindControlMppt
                0x000000000800b088       0x1a ./app/src/wind_control.o
                0x000000000800b088                WindControlMppt
 .text.WindControlUpdate
                0x000000000800b0a2       0x28 ./app/src/wind_control.o
                0x000000000800b0a2                WindControlUpdate
 *fill*         0x000000000800b0ca        0x2 
 .text.TestMPPTInit
                0x000000000800b0cc       0xa4 ./app/src/wind_mppt.o
                0x000000000800b0cc                TestMPPTInit
 .text.TestMPPTProcess
                0x000000000800b170      0x16a ./app/src/wind_mppt.o
                0x000000000800b170                TestMPPTProcess
 *fill*         0x000000000800b2da        0x2 
 .text.TestMPPTUpdate
                0x000000000800b2dc       0x74 ./app/src/wind_mppt.o
                0x000000000800b2dc                TestMPPTUpdate
 .text.malloc   0x000000000800b350       0x10 c:/st/stm32cubeide_1.11.0/stm32cubeide/plugins/com.st.stm32cube.ide.mcu.externaltools.gnu-tools-for-stm32.11.3.rel1.win32_1.0.100.202301251239/tools/bin/../lib/gcc/arm-none-eabi/11.3.1/../../../../arm-none-eabi/lib/thumb/v7e-m+fp/hard\libc_nano.a(libc_a-malloc.o)
                0x000000000800b350                malloc
 .text.free     0x000000000800b360       0x10 c:/st/stm32cubeide_1.11.0/stm32cubeide/plugins/com.st.stm32cube.ide.mcu.externaltools.gnu-tools-for-stm32.11.3.rel1.win32_1.0.100.202301251239/tools/bin/../lib/gcc/arm-none-eabi/11.3.1/../../../../arm-none-eabi/lib/thumb/v7e-m+fp/hard\libc_nano.a(libc_a-malloc.o)
                0x000000000800b360                free
 .text.sbrk_aligned
                0x000000000800b370       0x40 c:/st/stm32cubeide_1.11.0/stm32cubeide/plugins/com.st.stm32cube.ide.mcu.externaltools.gnu-tools-for-stm32.11.3.rel1.win32_1.0.100.202301251239/tools/bin/../lib/gcc/arm-none-eabi/11.3.1/../../../../arm-none-eabi/lib/thumb/v7e-m+fp/hard\libc_nano.a(libc_a-mallocr.o)
 .text._malloc_r
                0x000000000800b3b0      0x100 c:/st/stm32cubeide_1.11.0/stm32cubeide/plugins/com.st.stm32cube.ide.mcu.externaltools.gnu-tools-for-stm32.11.3.rel1.win32_1.0.100.202301251239/tools/bin/../lib/gcc/arm-none-eabi/11.3.1/../../../../arm-none-eabi/lib/thumb/v7e-m+fp/hard\libc_nano.a(libc_a-mallocr.o)
                0x000000000800b3b0                _malloc_r
 .text.__malloc_lock
                0x000000000800b4b0        0xc c:/st/stm32cubeide_1.11.0/stm32cubeide/plugins/com.st.stm32cube.ide.mcu.externaltools.gnu-tools-for-stm32.11.3.rel1.win32_1.0.100.202301251239/tools/bin/../lib/gcc/arm-none-eabi/11.3.1/../../../../arm-none-eabi/lib/thumb/v7e-m+fp/hard\libc_nano.a(libc_a-mlock.o)
                0x000000000800b4b0                __malloc_lock
 .text.__malloc_unlock
                0x000000000800b4bc        0xc c:/st/stm32cubeide_1.11.0/stm32cubeide/plugins/com.st.stm32cube.ide.mcu.externaltools.gnu-tools-for-stm32.11.3.rel1.win32_1.0.100.202301251239/tools/bin/../lib/gcc/arm-none-eabi/11.3.1/../../../../arm-none-eabi/lib/thumb/v7e-m+fp/hard\libc_nano.a(libc_a-mlock.o)
                0x000000000800b4bc                __malloc_unlock
 .text.memset   0x000000000800b4c8       0x10 c:/st/stm32cubeide_1.11.0/stm32cubeide/plugins/com.st.stm32cube.ide.mcu.externaltools.gnu-tools-for-stm32.11.3.rel1.win32_1.0.100.202301251239/tools/bin/../lib/gcc/arm-none-eabi/11.3.1/../../../../arm-none-eabi/lib/thumb/v7e-m+fp/hard\libc_nano.a(libc_a-memset.o)
                0x000000000800b4c8                memset
 .text.strstr   0x000000000800b4d8       0x2c c:/st/stm32cubeide_1.11.0/stm32cubeide/plugins/com.st.stm32cube.ide.mcu.externaltools.gnu-tools-for-stm32.11.3.rel1.win32_1.0.100.202301251239/tools/bin/../lib/gcc/arm-none-eabi/11.3.1/../../../../arm-none-eabi/lib/thumb/v7e-m+fp/hard\libc_nano.a(libc_a-strstr.o)
                0x000000000800b4d8                strstr
 .text._sbrk_r  0x000000000800b504       0x20 c:/st/stm32cubeide_1.11.0/stm32cubeide/plugins/com.st.stm32cube.ide.mcu.externaltools.gnu-tools-for-stm32.11.3.rel1.win32_1.0.100.202301251239/tools/bin/../lib/gcc/arm-none-eabi/11.3.1/../../../../arm-none-eabi/lib/thumb/v7e-m+fp/hard\libc_nano.a(libc_a-sbrkr.o)
                0x000000000800b504                _sbrk_r
 .text.__errno  0x000000000800b524        0xc c:/st/stm32cubeide_1.11.0/stm32cubeide/plugins/com.st.stm32cube.ide.mcu.externaltools.gnu-tools-for-stm32.11.3.rel1.win32_1.0.100.202301251239/tools/bin/../lib/gcc/arm-none-eabi/11.3.1/../../../../arm-none-eabi/lib/thumb/v7e-m+fp/hard\libc_nano.a(libc_a-errno.o)
                0x000000000800b524                __errno
 .text.__libc_init_array
                0x000000000800b530       0x48 c:/st/stm32cubeide_1.11.0/stm32cubeide/plugins/com.st.stm32cube.ide.mcu.externaltools.gnu-tools-for-stm32.11.3.rel1.win32_1.0.100.202301251239/tools/bin/../lib/gcc/arm-none-eabi/11.3.1/../../../../arm-none-eabi/lib/thumb/v7e-m+fp/hard\libc_nano.a(libc_a-init.o)
                0x000000000800b530                __libc_init_array
 .text.__retarget_lock_acquire_recursive
                0x000000000800b578        0x2 c:/st/stm32cubeide_1.11.0/stm32cubeide/plugins/com.st.stm32cube.ide.mcu.externaltools.gnu-tools-for-stm32.11.3.rel1.win32_1.0.100.202301251239/tools/bin/../lib/gcc/arm-none-eabi/11.3.1/../../../../arm-none-eabi/lib/thumb/v7e-m+fp/hard\libc_nano.a(libc_a-lock.o)
                0x000000000800b578                __retarget_lock_acquire_recursive
 .text.__retarget_lock_release_recursive
                0x000000000800b57a        0x2 c:/st/stm32cubeide_1.11.0/stm32cubeide/plugins/com.st.stm32cube.ide.mcu.externaltools.gnu-tools-for-stm32.11.3.rel1.win32_1.0.100.202301251239/tools/bin/../lib/gcc/arm-none-eabi/11.3.1/../../../../arm-none-eabi/lib/thumb/v7e-m+fp/hard\libc_nano.a(libc_a-lock.o)
                0x000000000800b57a                __retarget_lock_release_recursive
 .text.memcpy   0x000000000800b57c       0x1c c:/st/stm32cubeide_1.11.0/stm32cubeide/plugins/com.st.stm32cube.ide.mcu.externaltools.gnu-tools-for-stm32.11.3.rel1.win32_1.0.100.202301251239/tools/bin/../lib/gcc/arm-none-eabi/11.3.1/../../../../arm-none-eabi/lib/thumb/v7e-m+fp/hard\libc_nano.a(libc_a-memcpy-stub.o)
                0x000000000800b57c                memcpy
 .text._free_r  0x000000000800b598       0x98 c:/st/stm32cubeide_1.11.0/stm32cubeide/plugins/com.st.stm32cube.ide.mcu.externaltools.gnu-tools-for-stm32.11.3.rel1.win32_1.0.100.202301251239/tools/bin/../lib/gcc/arm-none-eabi/11.3.1/../../../../arm-none-eabi/lib/thumb/v7e-m+fp/hard\libc_nano.a(libc_a-freer.o)
                0x000000000800b598                _free_r
 *(.glue_7)
 .glue_7        0x000000000800b630        0x0 linker stubs
 *(.glue_7t)
 .glue_7t       0x000000000800b630        0x0 linker stubs
 *(.eh_frame)
 .eh_frame      0x000000000800b630        0x0 c:/st/stm32cubeide_1.11.0/stm32cubeide/plugins/com.st.stm32cube.ide.mcu.externaltools.gnu-tools-for-stm32.11.3.rel1.win32_1.0.100.202301251239/tools/bin/../lib/gcc/arm-none-eabi/11.3.1/thumb/v7e-m+fp/hard/crtbegin.o
 *(.init)
 .init          0x000000000800b630        0x4 c:/st/stm32cubeide_1.11.0/stm32cubeide/plugins/com.st.stm32cube.ide.mcu.externaltools.gnu-tools-for-stm32.11.3.rel1.win32_1.0.100.202301251239/tools/bin/../lib/gcc/arm-none-eabi/11.3.1/thumb/v7e-m+fp/hard/crti.o
                0x000000000800b630                _init
 .init          0x000000000800b634        0x8 c:/st/stm32cubeide_1.11.0/stm32cubeide/plugins/com.st.stm32cube.ide.mcu.externaltools.gnu-tools-for-stm32.11.3.rel1.win32_1.0.100.202301251239/tools/bin/../lib/gcc/arm-none-eabi/11.3.1/thumb/v7e-m+fp/hard/crtn.o
 *(.fini)
 .fini          0x000000000800b63c        0x4 c:/st/stm32cubeide_1.11.0/stm32cubeide/plugins/com.st.stm32cube.ide.mcu.externaltools.gnu-tools-for-stm32.11.3.rel1.win32_1.0.100.202301251239/tools/bin/../lib/gcc/arm-none-eabi/11.3.1/thumb/v7e-m+fp/hard/crti.o
                0x000000000800b63c                _fini
 .fini          0x000000000800b640        0x8 c:/st/stm32cubeide_1.11.0/stm32cubeide/plugins/com.st.stm32cube.ide.mcu.externaltools.gnu-tools-for-stm32.11.3.rel1.win32_1.0.100.202301251239/tools/bin/../lib/gcc/arm-none-eabi/11.3.1/thumb/v7e-m+fp/hard/crtn.o
                0x000000000800b648                . = ALIGN (0x4)
                0x000000000800b648                _etext = .

.vfp11_veneer   0x000000000800b648        0x0
 .vfp11_veneer  0x000000000800b648        0x0 linker stubs

.v4_bx          0x000000000800b648        0x0
 .v4_bx         0x000000000800b648        0x0 linker stubs

.iplt           0x000000000800b648        0x0
 .iplt          0x000000000800b648        0x0 c:/st/stm32cubeide_1.11.0/stm32cubeide/plugins/com.st.stm32cube.ide.mcu.externaltools.gnu-tools-for-stm32.11.3.rel1.win32_1.0.100.202301251239/tools/bin/../lib/gcc/arm-none-eabi/11.3.1/thumb/v7e-m+fp/hard/crtbegin.o

.rodata         0x000000000800b648       0x80
                0x000000000800b648                . = ALIGN (0x4)
 *(.rodata)
 .rodata        0x000000000800b648       0x28 ./app/lib/EC200_common/EC200_uart.o
 *(.rodata*)
 .rodata.OFFSET_TAB_CCMRx
                0x000000000800b670        0xa ./Core/Src/main.o
 *fill*         0x000000000800b67a        0x2 
 .rodata.SHIFT_TAB_OCxx
                0x000000000800b67c        0xa ./Core/Src/main.o
 *fill*         0x000000000800b686        0x2 
 .rodata.AHBPrescTable
                0x000000000800b688       0x10 ./Core/Src/system_stm32g4xx.o
                0x000000000800b688                AHBPrescTable
 .rodata.APBPrescTable
                0x000000000800b698        0x8 ./Core/Src/system_stm32g4xx.o
                0x000000000800b698                APBPrescTable
 .rodata.UARTPrescTable
                0x000000000800b6a0       0x18 ./Drivers/STM32G4xx_HAL_Driver/Src/stm32g4xx_hal_uart.o
                0x000000000800b6a0                UARTPrescTable
 .rodata.numerator.1
                0x000000000800b6b8        0x8 ./Drivers/STM32G4xx_HAL_Driver/Src/stm32g4xx_hal_uart_ex.o
 .rodata.denominator.0
                0x000000000800b6c0        0x8 ./Drivers/STM32G4xx_HAL_Driver/Src/stm32g4xx_hal_uart_ex.o
                0x000000000800b6c8                . = ALIGN (0x4)

.ARM.extab      0x000000000800b6c8        0x0
                0x000000000800b6c8                . = ALIGN (0x4)
 *(.ARM.extab* .gnu.linkonce.armextab.*)
                0x000000000800b6c8                . = ALIGN (0x4)

.ARM            0x000000000800b6c8        0x8
                0x000000000800b6c8                . = ALIGN (0x4)
                0x000000000800b6c8                __exidx_start = .
 *(.ARM.exidx*)
 .ARM.exidx     0x000000000800b6c8        0x8 c:/st/stm32cubeide_1.11.0/stm32cubeide/plugins/com.st.stm32cube.ide.mcu.externaltools.gnu-tools-for-stm32.11.3.rel1.win32_1.0.100.202301251239/tools/bin/../lib/gcc/arm-none-eabi/11.3.1/thumb/v7e-m+fp/hard\libgcc.a(_udivmoddi4.o)
                0x000000000800b6d0                __exidx_end = .
                0x000000000800b6d0                . = ALIGN (0x4)

.rel.dyn        0x000000000800b6d0        0x0
 .rel.iplt      0x000000000800b6d0        0x0 c:/st/stm32cubeide_1.11.0/stm32cubeide/plugins/com.st.stm32cube.ide.mcu.externaltools.gnu-tools-for-stm32.11.3.rel1.win32_1.0.100.202301251239/tools/bin/../lib/gcc/arm-none-eabi/11.3.1/thumb/v7e-m+fp/hard/crtbegin.o

.preinit_array  0x000000000800b6d0        0x0
                0x000000000800b6d0                . = ALIGN (0x4)
                0x000000000800b6d0                PROVIDE (__preinit_array_start = .)
 *(.preinit_array*)
                0x000000000800b6d0                PROVIDE (__preinit_array_end = .)
                0x000000000800b6d0                . = ALIGN (0x4)

.init_array     0x000000000800b6d0        0x4
                0x000000000800b6d0                . = ALIGN (0x4)
                0x000000000800b6d0                PROVIDE (__init_array_start = .)
 *(SORT_BY_NAME(.init_array.*))
 *(.init_array*)
 .init_array    0x000000000800b6d0        0x4 c:/st/stm32cubeide_1.11.0/stm32cubeide/plugins/com.st.stm32cube.ide.mcu.externaltools.gnu-tools-for-stm32.11.3.rel1.win32_1.0.100.202301251239/tools/bin/../lib/gcc/arm-none-eabi/11.3.1/thumb/v7e-m+fp/hard/crtbegin.o
                0x000000000800b6d4                PROVIDE (__init_array_end = .)
                0x000000000800b6d4                . = ALIGN (0x4)

.fini_array     0x000000000800b6d4        0x4
                0x000000000800b6d4                . = ALIGN (0x4)
                [!provide]                        PROVIDE (__fini_array_start = .)
 *(SORT_BY_NAME(.fini_array.*))
 *(.fini_array*)
 .fini_array    0x000000000800b6d4        0x4 c:/st/stm32cubeide_1.11.0/stm32cubeide/plugins/com.st.stm32cube.ide.mcu.externaltools.gnu-tools-for-stm32.11.3.rel1.win32_1.0.100.202301251239/tools/bin/../lib/gcc/arm-none-eabi/11.3.1/thumb/v7e-m+fp/hard/crtbegin.o
                [!provide]                        PROVIDE (__fini_array_end = .)
                0x000000000800b6d8                . = ALIGN (0x4)
                0x000000000800b6d8                _sidata = LOADADDR (.data)

.data           0x0000000020000000      0x4c0 load address 0x000000000800b6d8
                0x0000000020000000                . = ALIGN (0x4)
                0x0000000020000000                _sdata = .
 *(.data)
 *(.data*)
 .data.SystemCoreClock
                0x0000000020000000        0x4 ./Core/Src/system_stm32g4xx.o
                0x0000000020000000                SystemCoreClock
 .data.uwTickPrio
                0x0000000020000004        0x4 ./Drivers/STM32G4xx_HAL_Driver/Src/stm32g4xx_hal.o
                0x0000000020000004                uwTickPrio
 .data.uwTickFreq
                0x0000000020000008        0x4 ./Drivers/STM32G4xx_HAL_Driver/Src/stm32g4xx_hal.o
                0x0000000020000008                uwTickFreq
 .data.pin_func_list
                0x000000002000000c       0x23 ./app/driver/control/pin_func.o
                0x000000002000000c                pin_func_list
 *fill*         0x000000002000002f        0x1 
 .data.g_signal_value
                0x0000000020000030       0xa0 ./app/driver/measure/signal.o
                0x0000000020000030                g_signal_value
 .data.adc_id_inf
                0x00000000200000d0      0x128 ./app/porting/adc/adc.o
 .data.s_gpio_pin
                0x00000000200001f8       0x80 ./app/porting/gpio/gpio.o
 .data.s_gpio_port
                0x0000000020000278       0x38 ./app/porting/gpio/gpio.o
 .data.uart_list
                0x00000000200002b0       0x58 ./app/porting/serial/serial.o
 .data.timeradvanceTable
                0x0000000020000308       0x10 ./app/porting/timer/timer_pwm.o
 .data.listError
                0x0000000020000318       0xfc ./app/src/error_check.o
 .data.IsStartState
                0x0000000020000414        0x1 ./app/src/state_machine.o
                0x0000000020000414                IsStartState
 *fill*         0x0000000020000415        0x3 
 .data.state_list
                0x0000000020000418       0x50 ./app/src/state_machine.o
                0x0000000020000418                state_list
 .data.vwt_avg_multiplier.1
                0x0000000020000468        0x4 ./app/src/wind_mppt.o
 .data.iwt_avg_multiplier.0
                0x000000002000046c        0x4 ./app/src/wind_mppt.o
 .data._impure_data
                0x0000000020000470       0x4c c:/st/stm32cubeide_1.11.0/stm32cubeide/plugins/com.st.stm32cube.ide.mcu.externaltools.gnu-tools-for-stm32.11.3.rel1.win32_1.0.100.202301251239/tools/bin/../lib/gcc/arm-none-eabi/11.3.1/../../../../arm-none-eabi/lib/thumb/v7e-m+fp/hard\libc_nano.a(libc_a-impure.o)
                0x0000000020000470                _impure_data
 .data._impure_ptr
                0x00000000200004bc        0x4 c:/st/stm32cubeide_1.11.0/stm32cubeide/plugins/com.st.stm32cube.ide.mcu.externaltools.gnu-tools-for-stm32.11.3.rel1.win32_1.0.100.202301251239/tools/bin/../lib/gcc/arm-none-eabi/11.3.1/../../../../arm-none-eabi/lib/thumb/v7e-m+fp/hard\libc_nano.a(libc_a-impure.o)
                0x00000000200004bc                _impure_ptr
 *(.RamFunc)
 *(.RamFunc*)
                0x00000000200004c0                . = ALIGN (0x4)
                0x00000000200004c0                _edata = .

.igot.plt       0x00000000200004c0        0x0 load address 0x000000000800bb98
 .igot.plt      0x00000000200004c0        0x0 c:/st/stm32cubeide_1.11.0/stm32cubeide/plugins/com.st.stm32cube.ide.mcu.externaltools.gnu-tools-for-stm32.11.3.rel1.win32_1.0.100.202301251239/tools/bin/../lib/gcc/arm-none-eabi/11.3.1/thumb/v7e-m+fp/hard/crtbegin.o
                0x00000000200004c0                . = ALIGN (0x4)

.bss            0x00000000200004c0     0x126c load address 0x000000000800bb98
                0x00000000200004c0                _sbss = .
                0x00000000200004c0                __bss_start__ = _sbss
 *(.bss)
 .bss           0x00000000200004c0       0x1c c:/st/stm32cubeide_1.11.0/stm32cubeide/plugins/com.st.stm32cube.ide.mcu.externaltools.gnu-tools-for-stm32.11.3.rel1.win32_1.0.100.202301251239/tools/bin/../lib/gcc/arm-none-eabi/11.3.1/thumb/v7e-m+fp/hard/crtbegin.o
 *(.bss*)
 .bss.hadc1     0x00000000200004dc       0x6c ./Core/Src/main.o
                0x00000000200004dc                hadc1
 .bss.hadc2     0x0000000020000548       0x6c ./Core/Src/main.o
                0x0000000020000548                hadc2
 .bss.hdma_adc1
                0x00000000200005b4       0x60 ./Core/Src/main.o
                0x00000000200005b4                hdma_adc1
 .bss.hdma_adc2
                0x0000000020000614       0x60 ./Core/Src/main.o
                0x0000000020000614                hdma_adc2
 .bss.hi2c2     0x0000000020000674       0x4c ./Core/Src/main.o
                0x0000000020000674                hi2c2
 .bss.huart2    0x00000000200006c0       0x90 ./Core/Src/main.o
                0x00000000200006c0                huart2
 .bss.huart3    0x0000000020000750       0x90 ./Core/Src/main.o
                0x0000000020000750                huart3
 .bss.HAL_RCC_ADC12_CLK_ENABLED
                0x00000000200007e0        0x4 ./Core/Src/stm32g4xx_hal_msp.o
 .bss.__sbrk_heap_end
                0x00000000200007e4        0x4 ./Core/Src/sysmem.o
 .bss.uwTick    0x00000000200007e8        0x4 ./Drivers/STM32G4xx_HAL_Driver/Src/stm32g4xx_hal.o
                0x00000000200007e8                uwTick
 .bss.current_index_list_var
                0x00000000200007ec        0x4 ./app/driver/com/modbus.o
 .bss.data_list
                0x00000000200007f0       0x78 ./app/driver/com/modbus.o
 .bss.current_index_modbus_dev
                0x0000000020000868        0x4 ./app/driver/com/modbus.o
 .bss.modbus_list
                0x000000002000086c        0x8 ./app/driver/com/modbus.o
 .bss.s_signal_obj
                0x0000000020000874        0x8 ./app/driver/measure/signal.o
 .bss.g_vin     0x000000002000087c        0x4 ./app/driver/measure/signal.o
                0x000000002000087c                g_vin
 .bss.g_vout    0x0000000020000880        0x4 ./app/driver/measure/signal.o
                0x0000000020000880                g_vout
 .bss.g_iload   0x0000000020000884        0x4 ./app/driver/measure/signal.o
                0x0000000020000884                g_iload
 .bss.g_idumpload
                0x0000000020000888        0x4 ./app/driver/measure/signal.o
                0x0000000020000888                g_idumpload
 .bss.g_temp1   0x000000002000088c        0x4 ./app/driver/measure/signal.o
                0x000000002000088c                g_temp1
 .bss.g_temp2   0x0000000020000890        0x4 ./app/driver/measure/signal.o
                0x0000000020000890                g_temp2
 .bss.g_windspeed
                0x0000000020000894        0x4 ./app/driver/measure/signal.o
                0x0000000020000894                g_windspeed
 .bss.g_freq    0x0000000020000898        0x4 ./app/driver/measure/signal.o
                0x0000000020000898                g_freq
 .bss.EC200_DataProcessing_Array
                0x000000002000089c      0x258 ./app/lib/EC200_common/EC200_uart.o
                0x000000002000089c                EC200_DataProcessing_Array
 .bss.MQTT_Response_Command
                0x0000000020000af4      0x258 ./app/lib/EC200_common/EC200_uart.o
                0x0000000020000af4                MQTT_Response_Command
 .bss.MQTT_Response_Server
                0x0000000020000d4c      0x258 ./app/lib/EC200_common/EC200_uart.o
                0x0000000020000d4c                MQTT_Response_Server
 .bss.FTP_Response_Command
                0x0000000020000fa4      0x258 ./app/lib/EC200_common/EC200_uart.o
                0x0000000020000fa4                FTP_Response_Command
 .bss.FTP_Response_Server
                0x00000000200011fc      0x258 ./app/lib/EC200_common/EC200_uart.o
                0x00000000200011fc                FTP_Response_Server
 .bss.current_application_occur
                0x0000000020001454        0x1 ./app/lib/EC200_common/EC200_uart.o
                0x0000000020001454                current_application_occur
 .bss.ftp_output_mode
                0x0000000020001455        0x1 ./app/lib/EC200_common/EC200_uart.o
                0x0000000020001455                ftp_output_mode
 *fill*         0x0000000020001456        0x2 
 .bss.FTP_received_data_type
                0x0000000020001458        0x2 ./app/lib/EC200_common/EC200_uart.o
                0x0000000020001458                FTP_received_data_type
 *fill*         0x000000002000145a        0x2 
 .bss.MQTT_received_data_type
                0x000000002000145c        0x2 ./app/lib/EC200_common/EC200_uart.o
                0x000000002000145c                MQTT_received_data_type
 *fill*         0x000000002000145e        0x2 
 .bss.serial_EC200
                0x0000000020001460        0x4 ./app/lib/EC200_common/EC200_uart.o
                0x0000000020001460                serial_EC200
 .bss.FTP_preprocessing_data
                0x0000000020001464        0x4 ./app/lib/EC200_common/EC200_uart.o
                0x0000000020001464                FTP_preprocessing_data
 .bss.EC200_preprocessing_data
                0x0000000020001468        0x2 ./app/lib/EC200_common/EC200_uart.o
                0x0000000020001468                EC200_preprocessing_data
 *fill*         0x000000002000146a        0x2 
 .bss.uart2_data_rx_isr_buff
                0x000000002000146c        0x2 ./app/porting/serial/serial.o
 *fill*         0x000000002000146e        0x2 
 .bss.fnFunctionTimer1kHzISR
                0x0000000020001470       0x14 ./app/porting/timer/timer.o
 .bss.current_index_callback_1k_fn
                0x0000000020001484        0x4 ./app/porting/timer/timer.o
 .bss.Tim1CCIsr
                0x0000000020001488        0x4 ./app/porting/timer/timer_pwm.o
                0x0000000020001488                Tim1CCIsr
 .bss.Tim15CCIsr
                0x000000002000148c        0x4 ./app/porting/timer/timer_pwm.o
                0x000000002000148c                Tim15CCIsr
 .bss.debug_modbus
                0x0000000020001490        0x4 ./app/src/app_main.o
                0x0000000020001490                debug_modbus
 .bss.serial_test_1
                0x0000000020001494        0x4 ./app/src/app_main.o
                0x0000000020001494                serial_test_1
 .bss.BackgroundTask
                0x0000000020001498       0x18 ./app/src/app_main.o
 .bss.current_index_background
                0x00000000200014b0        0x4 ./app/src/app_main.o
 .bss.flag      0x00000000200014b4        0x1 ./app/src/control_dcdc.o
                0x00000000200014b4                flag
 *fill*         0x00000000200014b5        0x3 
 .bss.s_ptimer_pwm
                0x00000000200014b8        0x4 ./app/src/control_dcdc.o
 .bss.duty.0    0x00000000200014bc        0x4 ./app/src/control_dcdc.o
 .bss.s_ptimer_pwm
                0x00000000200014c0        0x4 ./app/src/control_dumpload.o
 .bss.countList
                0x00000000200014c4        0x4 ./app/src/error_check.o
 .bss.s_mError  0x00000000200014c8       0x1c ./app/src/error_check.o
 .bss.g_guiValue
                0x00000000200014e4       0x20 ./app/src/interface.o
                0x00000000200014e4                g_guiValue
 .bss.mppt_pno  0x0000000020001504       0x50 ./app/src/interface.o
                0x0000000020001504                mppt_pno
 .bss.g_current_state
                0x0000000020001554        0x1 ./app/src/state_machine.o
                0x0000000020001554                g_current_state
 .bss.prv_state
                0x0000000020001555        0x1 ./app/src/state_machine.o
 .bss.faultInfo
                0x0000000020001556        0x1 ./app/src/state_machine.o
                0x0000000020001556                faultInfo
 .bss.g_state_vin
                0x0000000020001557        0x1 ./app/src/state_machine.o
                0x0000000020001557                g_state_vin
 .bss.g_state_vout
                0x0000000020001558        0x1 ./app/src/state_machine.o
                0x0000000020001558                g_state_vout
 .bss.g_state_bat
                0x0000000020001559        0x1 ./app/src/state_machine.o
                0x0000000020001559                g_state_bat
 *fill*         0x000000002000155a        0x2 
 .bss.tick.4    0x000000002000155c        0x4 ./app/src/state_machine.o
 .bss.loop_check_err.3
                0x0000000020001560        0x4 ./app/src/state_machine.o
 .bss.protect_ret.2
                0x0000000020001564        0x1 ./app/src/state_machine.o
 .bss.ret.1     0x0000000020001565        0x1 ./app/src/state_machine.o
 *fill*         0x0000000020001566        0x2 
 .bss.count_wind.0
                0x0000000020001568        0x4 ./app/src/state_machine.o
 .bss.g_wind    0x000000002000156c       0x78 ./app/src/wind_control.o
                0x000000002000156c                g_wind
 .bss.__malloc_free_list
                0x00000000200015e4        0x4 c:/st/stm32cubeide_1.11.0/stm32cubeide/plugins/com.st.stm32cube.ide.mcu.externaltools.gnu-tools-for-stm32.11.3.rel1.win32_1.0.100.202301251239/tools/bin/../lib/gcc/arm-none-eabi/11.3.1/../../../../arm-none-eabi/lib/thumb/v7e-m+fp/hard\libc_nano.a(libc_a-mallocr.o)
                0x00000000200015e4                __malloc_free_list
 .bss.__malloc_sbrk_start
                0x00000000200015e8        0x4 c:/st/stm32cubeide_1.11.0/stm32cubeide/plugins/com.st.stm32cube.ide.mcu.externaltools.gnu-tools-for-stm32.11.3.rel1.win32_1.0.100.202301251239/tools/bin/../lib/gcc/arm-none-eabi/11.3.1/../../../../arm-none-eabi/lib/thumb/v7e-m+fp/hard\libc_nano.a(libc_a-mallocr.o)
                0x00000000200015e8                __malloc_sbrk_start
 .bss.__sf      0x00000000200015ec      0x138 c:/st/stm32cubeide_1.11.0/stm32cubeide/plugins/com.st.stm32cube.ide.mcu.externaltools.gnu-tools-for-stm32.11.3.rel1.win32_1.0.100.202301251239/tools/bin/../lib/gcc/arm-none-eabi/11.3.1/../../../../arm-none-eabi/lib/thumb/v7e-m+fp/hard\libc_nano.a(libc_a-findfp.o)
                0x00000000200015ec                __sf
 .bss.errno     0x0000000020001724        0x4 c:/st/stm32cubeide_1.11.0/stm32cubeide/plugins/com.st.stm32cube.ide.mcu.externaltools.gnu-tools-for-stm32.11.3.rel1.win32_1.0.100.202301251239/tools/bin/../lib/gcc/arm-none-eabi/11.3.1/../../../../arm-none-eabi/lib/thumb/v7e-m+fp/hard\libc_nano.a(libc_a-reent.o)
                0x0000000020001724                errno
 .bss.__lock___malloc_recursive_mutex
                0x0000000020001728        0x1 c:/st/stm32cubeide_1.11.0/stm32cubeide/plugins/com.st.stm32cube.ide.mcu.externaltools.gnu-tools-for-stm32.11.3.rel1.win32_1.0.100.202301251239/tools/bin/../lib/gcc/arm-none-eabi/11.3.1/../../../../arm-none-eabi/lib/thumb/v7e-m+fp/hard\libc_nano.a(libc_a-lock.o)
                0x0000000020001728                __lock___malloc_recursive_mutex
 *(COMMON)
                0x000000002000172c                . = ALIGN (0x4)
 *fill*         0x0000000020001729        0x3 
                0x000000002000172c                _ebss = .
                0x000000002000172c                __bss_end__ = _ebss

._user_heap_stack
                0x000000002000172c      0x604 load address 0x000000000800bb98
                0x0000000020001730                . = ALIGN (0x8)
 *fill*         0x000000002000172c        0x4 
                [!provide]                        PROVIDE (end = .)
                0x0000000020001730                PROVIDE (_end = .)
                0x0000000020001930                . = (. + _Min_Heap_Size)
 *fill*         0x0000000020001730      0x200 
                0x0000000020001d30                . = (. + _Min_Stack_Size)
 *fill*         0x0000000020001930      0x400 
                0x0000000020001d30                . = ALIGN (0x8)

/DISCARD/
 libc.a(*)
 libm.a(*)
 libgcc.a(*)

.ARM.attributes
                0x0000000000000000       0x30
 *(.ARM.attributes)
 .ARM.attributes
                0x0000000000000000       0x1e c:/st/stm32cubeide_1.11.0/stm32cubeide/plugins/com.st.stm32cube.ide.mcu.externaltools.gnu-tools-for-stm32.11.3.rel1.win32_1.0.100.202301251239/tools/bin/../lib/gcc/arm-none-eabi/11.3.1/thumb/v7e-m+fp/hard/crti.o
 .ARM.attributes
                0x000000000000001e       0x34 c:/st/stm32cubeide_1.11.0/stm32cubeide/plugins/com.st.stm32cube.ide.mcu.externaltools.gnu-tools-for-stm32.11.3.rel1.win32_1.0.100.202301251239/tools/bin/../lib/gcc/arm-none-eabi/11.3.1/thumb/v7e-m+fp/hard/crtbegin.o
 .ARM.attributes
                0x0000000000000052       0x34 ./Core/Src/main.o
 .ARM.attributes
                0x0000000000000086       0x34 ./Core/Src/stm32g4xx_hal_msp.o
 .ARM.attributes
                0x00000000000000ba       0x34 ./Core/Src/stm32g4xx_it.o
 .ARM.attributes
                0x00000000000000ee       0x34 ./Core/Src/sysmem.o
 .ARM.attributes
                0x0000000000000122       0x34 ./Core/Src/system_stm32g4xx.o
 .ARM.attributes
                0x0000000000000156       0x21 ./Core/Startup/startup_stm32g431c8tx.o
 .ARM.attributes
                0x0000000000000177       0x34 ./Drivers/STM32G4xx_HAL_Driver/Src/stm32g4xx_hal.o
 .ARM.attributes
                0x00000000000001ab       0x34 ./Drivers/STM32G4xx_HAL_Driver/Src/stm32g4xx_hal_adc.o
 .ARM.attributes
                0x00000000000001df       0x34 ./Drivers/STM32G4xx_HAL_Driver/Src/stm32g4xx_hal_adc_ex.o
 .ARM.attributes
                0x0000000000000213       0x34 ./Drivers/STM32G4xx_HAL_Driver/Src/stm32g4xx_hal_cortex.o
 .ARM.attributes
                0x0000000000000247       0x34 ./Drivers/STM32G4xx_HAL_Driver/Src/stm32g4xx_hal_dma.o
 .ARM.attributes
                0x000000000000027b       0x34 ./Drivers/STM32G4xx_HAL_Driver/Src/stm32g4xx_hal_gpio.o
 .ARM.attributes
                0x00000000000002af       0x34 ./Drivers/STM32G4xx_HAL_Driver/Src/stm32g4xx_hal_i2c.o
 .ARM.attributes
                0x00000000000002e3       0x34 ./Drivers/STM32G4xx_HAL_Driver/Src/stm32g4xx_hal_i2c_ex.o
 .ARM.attributes
                0x0000000000000317       0x34 ./Drivers/STM32G4xx_HAL_Driver/Src/stm32g4xx_hal_pwr_ex.o
 .ARM.attributes
                0x000000000000034b       0x34 ./Drivers/STM32G4xx_HAL_Driver/Src/stm32g4xx_hal_rcc.o
 .ARM.attributes
                0x000000000000037f       0x34 ./Drivers/STM32G4xx_HAL_Driver/Src/stm32g4xx_hal_rcc_ex.o
 .ARM.attributes
                0x00000000000003b3       0x34 ./Drivers/STM32G4xx_HAL_Driver/Src/stm32g4xx_hal_uart.o
 .ARM.attributes
                0x00000000000003e7       0x34 ./Drivers/STM32G4xx_HAL_Driver/Src/stm32g4xx_hal_uart_ex.o
 .ARM.attributes
                0x000000000000041b       0x34 ./Drivers/STM32G4xx_HAL_Driver/Src/stm32g4xx_ll_gpio.o
 .ARM.attributes
                0x000000000000044f       0x34 ./Drivers/STM32G4xx_HAL_Driver/Src/stm32g4xx_ll_tim.o
 .ARM.attributes
                0x0000000000000483       0x34 ./app/common/common.o
 .ARM.attributes
                0x00000000000004b7       0x34 ./app/common/fifo.o
 .ARM.attributes
                0x00000000000004eb       0x34 ./app/driver/com/modbus.o
 .ARM.attributes
                0x000000000000051f       0x34 ./app/driver/control/driver_pwm_dc_dc.o
 .ARM.attributes
                0x0000000000000553       0x34 ./app/driver/control/driver_pwm_dumpload.o
 .ARM.attributes
                0x0000000000000587       0x34 ./app/driver/control/pin_func.o
 .ARM.attributes
                0x00000000000005bb       0x34 ./app/driver/measure/signal.o
 .ARM.attributes
                0x00000000000005ef       0x34 ./app/lib/EC200_common/EC200_common.o
 .ARM.attributes
                0x0000000000000623       0x34 ./app/lib/EC200_common/EC200_uart.o
 .ARM.attributes
                0x0000000000000657       0x34 ./app/porting/adc/adc.o
 .ARM.attributes
                0x000000000000068b       0x34 ./app/porting/gpio/gpio.o
 .ARM.attributes
                0x00000000000006bf       0x34 ./app/porting/serial/serial.o
 .ARM.attributes
                0x00000000000006f3       0x34 ./app/porting/timer/timer.o
 .ARM.attributes
                0x0000000000000727       0x34 ./app/porting/timer/timer_pwm.o
 .ARM.attributes
                0x000000000000075b       0x34 ./app/src/app_main.o
 .ARM.attributes
                0x000000000000078f       0x34 ./app/src/control_dcdc.o
 .ARM.attributes
                0x00000000000007c3       0x34 ./app/src/control_dumpload.o
 .ARM.attributes
                0x00000000000007f7       0x34 ./app/src/error_check.o
 .ARM.attributes
                0x000000000000082b       0x34 ./app/src/interface.o
 .ARM.attributes
                0x000000000000085f       0x34 ./app/src/state_machine.o
 .ARM.attributes
                0x0000000000000893       0x34 ./app/src/wind_control.o
 .ARM.attributes
                0x00000000000008c7       0x34 ./app/src/wind_mppt.o
 .ARM.attributes
                0x00000000000008fb       0x34 c:/st/stm32cubeide_1.11.0/stm32cubeide/plugins/com.st.stm32cube.ide.mcu.externaltools.gnu-tools-for-stm32.11.3.rel1.win32_1.0.100.202301251239/tools/bin/../lib/gcc/arm-none-eabi/11.3.1/../../../../arm-none-eabi/lib/thumb/v7e-m+fp/hard\libc_nano.a(libc_a-malloc.o)
 .ARM.attributes
                0x000000000000092f       0x34 c:/st/stm32cubeide_1.11.0/stm32cubeide/plugins/com.st.stm32cube.ide.mcu.externaltools.gnu-tools-for-stm32.11.3.rel1.win32_1.0.100.202301251239/tools/bin/../lib/gcc/arm-none-eabi/11.3.1/../../../../arm-none-eabi/lib/thumb/v7e-m+fp/hard\libc_nano.a(libc_a-mallocr.o)
 .ARM.attributes