Archive member included to satisfy reference by file (symbol)

c:/st/stm32cubeide_1.11.0/stm32cubeide/plugins/com.st.stm32cube.ide.mcu.externaltools.gnu-tools-for-stm32.11.3.rel1.win32_1.0.100.202301251239/tools/bin/../lib/gcc/arm-none-eabi/11.3.1/../../../../arm-none-eabi/lib/thumb/v7e-m+fp/hard\libc_nano.a(libc_a-atoi.o)
                              ./app/lib/EC200_application.o (atoi)
c:/st/stm32cubeide_1.11.0/stm32cubeide/plugins/com.st.stm32cube.ide.mcu.externaltools.gnu-tools-for-stm32.11.3.rel1.win32_1.0.100.202301251239/tools/bin/../lib/gcc/arm-none-eabi/11.3.1/../../../../arm-none-eabi/lib/thumb/v7e-m+fp/hard\libc_nano.a(libc_a-exit.o)
                              c:/st/stm32cubeide_1.11.0/stm32cubeide/plugins/com.st.stm32cube.ide.mcu.externaltools.gnu-tools-for-stm32.11.3.rel1.win32_1.0.100.202301251239/tools/bin/../lib/gcc/arm-none-eabi/11.3.1/../../../../arm-none-eabi/lib/thumb/v7e-m+fp/hard/crt0.o (exit)
c:/st/stm32cubeide_1.11.0/stm32cubeide/plugins/com.st.stm32cube.ide.mcu.externaltools.gnu-tools-for-stm32.11.3.rel1.win32_1.0.100.202301251239/tools/bin/../lib/gcc/arm-none-eabi/11.3.1/../../../../arm-none-eabi/lib/thumb/v7e-m+fp/hard\libc_nano.a(libc_a-malloc.o)
                              ./app/common/fifo.o (malloc)
c:/st/stm32cubeide_1.11.0/stm32cubeide/plugins/com.st.stm32cube.ide.mcu.externaltools.gnu-tools-for-stm32.11.3.rel1.win32_1.0.100.202301251239/tools/bin/../lib/gcc/arm-none-eabi/11.3.1/../../../../arm-none-eabi/lib/thumb/v7e-m+fp/hard\libc_nano.a(libc_a-mallocr.o)
                              c:/st/stm32cubeide_1.11.0/stm32cubeide/plugins/com.st.stm32cube.ide.mcu.externaltools.gnu-tools-for-stm32.11.3.rel1.win32_1.0.100.202301251239/tools/bin/../lib/gcc/arm-none-eabi/11.3.1/../../../../arm-none-eabi/lib/thumb/v7e-m+fp/hard\libc_nano.a(libc_a-malloc.o) (_malloc_r)
c:/st/stm32cubeide_1.11.0/stm32cubeide/plugins/com.st.stm32cube.ide.mcu.externaltools.gnu-tools-for-stm32.11.3.rel1.win32_1.0.100.202301251239/tools/bin/../lib/gcc/arm-none-eabi/11.3.1/../../../../arm-none-eabi/lib/thumb/v7e-m+fp/hard\libc_nano.a(libc_a-mlock.o)
                              c:/st/stm32cubeide_1.11.0/stm32cubeide/plugins/com.st.stm32cube.ide.mcu.externaltools.gnu-tools-for-stm32.11.3.rel1.win32_1.0.100.202301251239/tools/bin/../lib/gcc/arm-none-eabi/11.3.1/../../../../arm-none-eabi/lib/thumb/v7e-m+fp/hard\libc_nano.a(libc_a-mallocr.o) (__malloc_lock)
c:/st/stm32cubeide_1.11.0/stm32cubeide/plugins/com.st.stm32cube.ide.mcu.externaltools.gnu-tools-for-stm32.11.3.rel1.win32_1.0.100.202301251239/tools/bin/../lib/gcc/arm-none-eabi/11.3.1/../../../../arm-none-eabi/lib/thumb/v7e-m+fp/hard\libc_nano.a(libc_a-strtol.o)
                              c:/st/stm32cubeide_1.11.0/stm32cubeide/plugins/com.st.stm32cube.ide.mcu.externaltools.gnu-tools-for-stm32.11.3.rel1.win32_1.0.100.202301251239/tools/bin/../lib/gcc/arm-none-eabi/11.3.1/../../../../arm-none-eabi/lib/thumb/v7e-m+fp/hard\libc_nano.a(libc_a-atoi.o) (_strtol_r)
c:/st/stm32cubeide_1.11.0/stm32cubeide/plugins/com.st.stm32cube.ide.mcu.externaltools.gnu-tools-for-stm32.11.3.rel1.win32_1.0.100.202301251239/tools/bin/../lib/gcc/arm-none-eabi/11.3.1/../../../../arm-none-eabi/lib/thumb/v7e-m+fp/hard\libc_nano.a(libc_a-ctype_.o)
                              c:/st/stm32cubeide_1.11.0/stm32cubeide/plugins/com.st.stm32cube.ide.mcu.externaltools.gnu-tools-for-stm32.11.3.rel1.win32_1.0.100.202301251239/tools/bin/../lib/gcc/arm-none-eabi/11.3.1/../../../../arm-none-eabi/lib/thumb/v7e-m+fp/hard\libc_nano.a(libc_a-strtol.o) (_ctype_)
c:/st/stm32cubeide_1.11.0/stm32cubeide/plugins/com.st.stm32cube.ide.mcu.externaltools.gnu-tools-for-stm32.11.3.rel1.win32_1.0.100.202301251239/tools/bin/../lib/gcc/arm-none-eabi/11.3.1/../../../../arm-none-eabi/lib/thumb/v7e-m+fp/hard\libc_nano.a(libc_a-findfp.o)
                              c:/st/stm32cubeide_1.11.0/stm32cubeide/plugins/com.st.stm32cube.ide.mcu.externaltools.gnu-tools-for-stm32.11.3.rel1.win32_1.0.100.202301251239/tools/bin/../lib/gcc/arm-none-eabi/11.3.1/../../../../arm-none-eabi/lib/thumb/v7e-m+fp/hard\libc_nano.a(libc_a-exit.o) (__stdio_exit_handler)
c:/st/stm32cubeide_1.11.0/stm32cubeide/plugins/com.st.stm32cube.ide.mcu.externaltools.gnu-tools-for-stm32.11.3.rel1.win32_1.0.100.202301251239/tools/bin/../lib/gcc/arm-none-eabi/11.3.1/../../../../arm-none-eabi/lib/thumb/v7e-m+fp/hard\libc_nano.a(libc_a-fwalk.o)
                              c:/st/stm32cubeide_1.11.0/stm32cubeide/plugins/com.st.stm32cube.ide.mcu.externaltools.gnu-tools-for-stm32.11.3.rel1.win32_1.0.100.202301251239/tools/bin/../lib/gcc/arm-none-eabi/11.3.1/../../../../arm-none-eabi/lib/thumb/v7e-m+fp/hard\libc_nano.a(libc_a-findfp.o) (_fwalk_sglue)
c:/st/stm32cubeide_1.11.0/stm32cubeide/plugins/com.st.stm32cube.ide.mcu.externaltools.gnu-tools-for-stm32.11.3.rel1.win32_1.0.100.202301251239/tools/bin/../lib/gcc/arm-none-eabi/11.3.1/../../../../arm-none-eabi/lib/thumb/v7e-m+fp/hard\libc_nano.a(libc_a-sprintf.o)
[...]
Memory Configuration

Name             Origin             Length             Attributes
RAM              0x0000000020000000 0x0000000000008000 xrw
FLASH            0x0000000008000000 0x0000000000010000 xr
*default*        0x0000000000000000 0xffffffffffffffff

Linker script and memory map

LOAD c:/st/stm32cubeide_1.11.0/stm32cubeide/plugins/com.st.stm32cube.ide.mcu.externaltools.gnu-tools-for-stm32.11.3.rel1.win32_1.0.100.202301251239/tools/bin/../lib/gcc/arm-none-eabi/11.3.1/thumb/v7e-m+fp/hard/crti.o
LOAD c:/st/stm32cubeide_1.11.0/stm32cubeide/plugins/com.st.stm32cube.ide.mcu.externaltools.gnu-tools-for-stm32.11.3.rel1.win32_1.0.100.202301251239/tools/bin/../lib/gcc/arm-none-eabi/11.3.1/thumb/v7e-m+fp/hard/crtbegin.o
LOAD c:/st/stm32cubeide_1.11.0/stm32cubeide/plugins/com.st.stm32cube.ide.mcu.externaltools.gnu-tools-for-stm32.11.3.rel1.win32_1.0.100.202301251239/tools/bin/../lib/gcc/arm-none-eabi/11.3.1/../../../../arm-none-eabi/lib/thumb/v7e-m+fp/hard/crt0.o
LOAD ./Core/Src/main.o
LOAD ./Core/Src/stm32g4xx_hal_msp.o
LOAD ./Core/Src/stm32g4xx_it.o
LOAD ./Core/Src/syscalls.o
LOAD ./Core/Src/sysmem.o
LOAD ./Core/Src/system_stm32g4xx.o
LOAD ./Core/Startup/startup_stm32g431c8tx.o
LOAD ./Drivers/STM32G4xx_HAL_Driver/Src/stm32g4xx_hal.o
LOAD ./Drivers/STM32G4xx_HAL_Driver/Src/stm32g4xx_hal_adc.o
LOAD ./Drivers/STM32G4xx_HAL_Driver/Src/stm32g4xx_hal_adc_ex.o
LOAD ./Drivers/STM32G4xx_HAL_Driver/Src/stm32g4xx_hal_cortex.o
LOAD ./Drivers/STM32G4xx_HAL_Driver/Src/stm32g4xx_hal_dma.o
LOAD ./Drivers/STM32G4xx_HAL_Driver/Src/stm32g4xx_hal_dma_ex.o
LOAD ./Drivers/STM32G4xx_HAL_Driver/Src/stm32g4xx_hal_exti.o
LOAD ./Drivers/STM32G4xx_HAL_Driver/Src/stm32g4xx_hal_flash.o
LOAD ./Drivers/STM32G4xx_HAL_Driver/Src/stm32g4xx_hal_flash_ex.o
LOAD ./Drivers/STM32G4xx_HAL_Driver/Src/stm32g4xx_hal_flash_ramfunc.o
LOAD ./Drivers/STM32G4xx_HAL_Driver/Src/stm32g4xx_hal_gpio.o
LOAD ./Drivers/STM32G4xx_HAL_Driver/Src/stm32g4xx_hal_i2c.o
LOAD ./Drivers/STM32G4xx_HAL_Driver/Src/stm32g4xx_hal_i2c_ex.o
LOAD ./Drivers/STM32G4xx_HAL_Driver/Src/stm32g4xx_hal_pwr.o
LOAD ./Drivers/STM32G4xx_HAL_Driver/Src/stm32g4xx_hal_pwr_ex.o
LOAD ./Drivers/STM32G4xx_HAL_Driver/Src/stm32g4xx_hal_rcc.o
LOAD ./Drivers/STM32G4xx_HAL_Driver/Src/stm32g4xx_hal_rcc_ex.o
LOAD ./Drivers/STM32G4xx_HAL_Driver/Src/stm32g4xx_hal_tim.o
LOAD ./Drivers/STM32G4xx_HAL_Driver/Src/stm32g4xx_hal_tim_ex.o
LOAD ./Drivers/STM32G4xx_HAL_Driver/Src/stm32g4xx_hal_uart.o
LOAD ./Drivers/STM32G4xx_HAL_Driver/Src/stm32g4xx_hal_uart_ex.o
LOAD ./Drivers/STM32G4xx_HAL_Driver/Src/stm32g4xx_ll_adc.o
LOAD ./Drivers/STM32G4xx_HAL_Driver/Src/stm32g4xx_ll_dma.o
LOAD ./Drivers/STM32G4xx_HAL_Driver/Src/stm32g4xx_ll_exti.o
LOAD ./Drivers/STM32G4xx_HAL_Driver/Src/stm32g4xx_ll_gpio.o
LOAD ./Drivers/STM32G4xx_HAL_Driver/Src/stm32g4xx_ll_tim.o
LOAD ./Drivers/STM32G4xx_HAL_Driver/Src/stm32g4xx_ll_utils.o
LOAD ./app/common/common.o
LOAD ./app/common/fifo.o
LOAD ./app/driver/com/can.o
LOAD ./app/driver/com/modbus.o
LOAD ./app/driver/control/driver_pwm_dc_dc.o
LOAD ./app/driver/control/driver_pwm_dumpload.o
LOAD ./app/driver/control/pin_func.o
LOAD ./app/driver/measure/signal.o
LOAD ./app/lib/CNTL_2P2Z.o
LOAD ./app/lib/EC200_JSON_parsing.o
LOAD ./app/lib/EC200_application.o
LOAD ./app/lib/EC200_uart.o
LOAD ./app/porting/adc/adc.o
LOAD ./app/porting/gpio/gpio.o
LOAD ./app/porting/serial/serial.o
LOAD ./app/porting/timer/timer.o
LOAD ./app/porting/timer/timer_pwm.o
LOAD ./app/src/app_main.o
LOAD ./app/src/control_dcdc.o
LOAD ./app/src/control_dumpload.o
LOAD ./app/src/error_check.o
LOAD ./app/src/interface.o
LOAD ./app/src/state_machine.o
LOAD ./app/src/test_sensor.o
LOAD ./app/src/wind_control.o
LOAD ./app/src/wind_mppt.o
START GROUP
LOAD c:/st/stm32cubeide_1.11.0/stm32cubeide/plugins/com.st.stm32cube.ide.mcu.externaltools.gnu-tools-for-stm32.11.3.rel1.win32_1.0.100.202301251239/tools/bin/../lib/gcc/arm-none-eabi/11.3.1/../../../../arm-none-eabi/lib/thumb/v7e-m+fp/hard\libc_nano.a
LOAD c:/st/stm32cubeide_1.11.0/stm32cubeide/plugins/com.st.stm32cube.ide.mcu.externaltools.gnu-tools-for-stm32.11.3.rel1.win32_1.0.100.202301251239/tools/bin/../lib/gcc/arm-none-eabi/11.3.1/../../../../arm-none-eabi/lib/thumb/v7e-m+fp/hard\libm.a
END GROUP
START GROUP
LOAD c:/st/stm32cubeide_1.11.0/stm32cubeide/plugins/com.st.stm32cube.ide.mcu.externaltools.gnu-tools-for-stm32.11.3.rel1.win32_1.0.100.202301251239/tools/bin/../lib/gcc/arm-none-eabi/11.3.1/thumb/v7e-m+fp/hard\libgcc.a
LOAD c:/st/stm32cubeide_1.11.0/stm32cubeide/plugins/com.st.stm32cube.ide.mcu.externaltools.gnu-tools-for-stm32.11.3.rel1.win32_1.0.100.202301251239/tools/bin/../lib/gcc/arm-none-eabi/11.3.1/../../../../arm-none-eabi/lib/thumb/v7e-m+fp/hard\libc_nano.a
END GROUP
START GROUP
LOAD c:/st/stm32cubeide_1.11.0/stm32cubeide/plugins/com.st.stm32cube.ide.mcu.externaltools.gnu-tools-for-stm32.11.3.rel1.win32_1.0.100.202301251239/tools/bin/../lib/gcc/arm-none-eabi/11.3.1/thumb/v7e-m+fp/hard\libgcc.a
LOAD c:/st/stm32cubeide_1.11.0/stm32cubeide/plugins/com.st.stm32cube.ide.mcu.externaltools.gnu-tools-for-stm32.11.3.rel1.win32_1.0.100.202301251239/tools/bin/../lib/gcc/arm-none-eabi/11.3.1/../../../../arm-none-eabi/lib/thumb/v7e-m+fp/hard\libc_nano.a
LOAD c:/st/stm32cubeide_1.11.0/stm32cubeide/plugins/com.st.stm32cube.ide.mcu.externaltools.gnu-tools-for-stm32.11.3.rel1.win32_1.0.100.202301251239/tools/bin/../lib/gcc/arm-none-eabi/11.3.1/../../../../arm-none-eabi/lib/thumb/v7e-m+fp/hard\libnosys.a
END GROUP
START GROUP
LOAD c:/st/stm32cubeide_1.11.0/stm32cubeide/plugins/com.st.stm32cube.ide.mcu.externaltools.gnu-tools-for-stm32.11.3.rel1.win32_1.0.100.202301251239/tools/bin/../lib/gcc/arm-none-eabi/11.3.1/thumb/v7e-m+fp/hard\libgcc.a
LOAD c:/st/stm32cubeide_1.11.0/stm32cubeide/plugins/com.st.stm32cube.ide.mcu.externaltools.gnu-tools-for-stm32.11.3.rel1.win32_1.0.100.202301251239/tools/bin/../lib/gcc/arm-none-eabi/11.3.1/../../../../arm-none-eabi/lib/thumb/v7e-m+fp/hard\libc_nano.a
LOAD c:/st/stm32cubeide_1.11.0/stm32cubeide/plugins/com.st.stm32cube.ide.mcu.externaltools.gnu-tools-for-stm32.11.3.rel1.win32_1.0.100.202301251239/tools/bin/../lib/gcc/arm-none-eabi/11.3.1/../../../../arm-none-eabi/lib/thumb/v7e-m+fp/hard\libnosys.a
END GROUP
LOAD c:/st/stm32cubeide_1.11.0/stm32cubeide/plugins/com.st.stm32cube.ide.mcu.externaltools.gnu-tools-for-stm32.11.3.rel1.win32_1.0.100.202301251239/tools/bin/../lib/gcc/arm-none-eabi/11.3.1/thumb/v7e-m+fp/hard/crtend.o
LOAD c:/st/stm32cubeide_1.11.0/stm32cubeide/plugins/com.st.stm32cube.ide.mcu.externaltools.gnu-tools-for-stm32.11.3.rel1.win32_1.0.100.202301251239/tools/bin/../lib/gcc/arm-none-eabi/11.3.1/thumb/v7e-m+fp/hard/crtn.o
                0x0000000020008000                _estack = (ORIGIN (RAM) + LENGTH (RAM))
                0x0000000000000200                _Min_Heap_Size = 0x200
                0x0000000000000400                _Min_Stack_Size = 0x400

.isr_vector     0x0000000008000000      0x1d8
                0x0000000008000000                . = ALIGN (0x4)
 *(.isr_vector)
 .isr_vector    0x0000000008000000      0x1d8 ./Core/Startup/startup_stm32g431c8tx.o
                0x0000000008000000                g_pfnVectors
                0x00000000080001d8                . = ALIGN (0x4)

.text           0x00000000080001e0     0xc8d4
                0x00000000080001e0                . = ALIGN (0x4)
 *(.text)
 .text          0x00000000080001e0       0x40 c:/st/stm32cubeide_1.11.0/stm32cubeide/plugins/com.st.stm32cube.ide.mcu.externaltools.gnu-tools-for-stm32.11.3.rel1.win32_1.0.100.202301251239/tools/bin/../lib/gcc/arm-none-eabi/11.3.1/thumb/v7e-m+fp/hard/crtbegin.o
 .text          0x0000000008000220       0x14 c:/st/stm32cubeide_1.11.0/stm32cubeide/plugins/com.st.stm32cube.ide.mcu.externaltools.gnu-tools-for-stm32.11.3.rel1.win32_1.0.100.202301251239/tools/bin/../lib/gcc/arm-none-eabi/11.3.1/../../../../arm-none-eabi/lib/thumb/v7e-m+fp/hard\libc_nano.a(libc_a-strcmp.o)
                0x0000000008000220                strcmp
 .text          0x0000000008000234       0x10 c:/st/stm32cubeide_1.11.0/stm32cubeide/plugins/com.st.stm32cube.ide.mcu.externaltools.gnu-tools-for-stm32.11.3.rel1.win32_1.0.100.202301251239/tools/bin/../lib/gcc/arm-none-eabi/11.3.1/../../../../arm-none-eabi/lib/thumb/v7e-m+fp/hard\libc_nano.a(libc_a-strlen.o)
                0x0000000008000234                strlen
 *fill*         0x0000000008000244        0xc 
 .text          0x0000000008000250       0xa0 c:/st/stm32cubeide_1.11.0/stm32cubeide/plugins/com.st.stm32cube.ide.mcu.externaltools.gnu-tools-for-stm32.11.3.rel1.win32_1.0.100.202301251239/tools/bin/../lib/gcc/arm-none-eabi/11.3.1/../../../../arm-none-eabi/lib/thumb/v7e-m+fp/hard\libc_nano.a(libc_a-memchr.o)
                0x0000000008000250                memchr
 .text          0x00000000080002f0      0x378 c:/st/stm32cubeide_1.11.0/stm32cubeide/plugins/com.st.stm32cube.ide.mcu.externaltools.gnu-tools-for-stm32.11.3.rel1.win32_1.0.100.202301251239/tools/bin/../lib/gcc/arm-none-eabi/11.3.1/thumb/v7e-m+fp/hard\libgcc.a(_arm_addsubdf3.o)
                0x00000000080002f0                __aeabi_drsub
                0x00000000080002f8                __aeabi_dsub
                0x00000000080002f8                __subdf3
                0x00000000080002fc                __aeabi_dadd
                0x00000000080002fc                __adddf3
                0x0000000008000574                __floatunsidf
                0x0000000008000574                __aeabi_ui2d
                0x0000000008000594                __floatsidf
                0x0000000008000594                __aeabi_i2d
                0x00000000080005b8                __aeabi_f2d
                0x00000000080005b8                __extendsfdf2
                0x00000000080005fc                __floatundidf
                0x00000000080005fc                __aeabi_ul2d
                0x000000000800060c                __floatdidf
                0x000000000800060c                __aeabi_l2d
 .text          0x0000000008000668       0xa0 c:/st/stm32cubeide_1.11.0/stm32cubeide/plugins/com.st.stm32cube.ide.mcu.externaltools.gnu-tools-for-stm32.11.3.rel1.win32_1.0.100.202301251239/tools/bin/../lib/gcc/arm-none-eabi/11.3.1/thumb/v7e-m+fp/hard\libgcc.a(_arm_truncdfsf2.o)
                0x0000000008000668                __truncdfsf2
                0x0000000008000668                __aeabi_d2f
 .text          0x0000000008000708       0x30 c:/st/stm32cubeide_1.11.0/stm32cubeide/plugins/com.st.stm32cube.ide.mcu.externaltools.gnu-tools-for-stm32.11.3.rel1.win32_1.0.100.202301251239/tools/bin/../lib/gcc/arm-none-eabi/11.3.1/thumb/v7e-m+fp/hard\libgcc.a(_aeabi_uldivmod.o)
                0x0000000008000708                __aeabi_uldivmod
 .text          0x0000000008000738      0x2c8 c:/st/stm32cubeide_1.11.0/stm32cubeide/plugins/com.st.stm32cube.ide.mcu.externaltools.gnu-tools-for-stm32.11.3.rel1.win32_1.0.100.202301251239/tools/bin/../lib/gcc/arm-none-eabi/11.3.1/thumb/v7e-m+fp/hard\libgcc.a(_udivmoddi4.o)
                0x0000000008000738                __udivmoddi4
 .text          0x0000000008000a00        0x4 c:/st/stm32cubeide_1.11.0/stm32cubeide/plugins/com.st.stm32cube.ide.mcu.externaltools.gnu-tools-for-stm32.11.3.rel1.win32_1.0.100.202301251239/tools/bin/../lib/gcc/arm-none-eabi/11.3.1/thumb/v7e-m+fp/hard\libgcc.a(_dvmd_tls.o)
                0x0000000008000a00                __aeabi_idiv0
                0x0000000008000a00                __aeabi_ldiv0
 *(.text*)
 .text.__NVIC_GetPriorityGrouping
                0x0000000008000a04       0x1c ./Core/Src/main.o
 .text.__NVIC_EnableIRQ
                0x0000000008000a20       0x3c ./Core/Src/main.o
 .text.__NVIC_SetPriority
                0x0000000008000a5c       0x54 ./Core/Src/main.o
 .text.NVIC_EncodePriority
                0x0000000008000ab0       0x66 ./Core/Src/main.o
 .text.LL_TIM_EnableARRPreload
                0x0000000008000b16       0x20 ./Core/Src/main.o
 .text.LL_TIM_DisableARRPreload
                0x0000000008000b36       0x20 ./Core/Src/main.o
 *fill*         0x0000000008000b56        0x2 
 .text.LL_TIM_OC_DisableFast
                0x0000000008000b58       0xb0 ./Core/Src/main.o
 .text.LL_TIM_OC_EnablePreload
                0x0000000008000c08       0xac ./Core/Src/main.o
 .text.LL_TIM_SetClockSource
                0x0000000008000cb4       0x2a ./Core/Src/main.o
 .text.LL_TIM_SetTriggerOutput
                0x0000000008000cde       0x2a ./Core/Src/main.o
 .text.LL_TIM_SetTriggerOutput2
                0x0000000008000d08       0x26 ./Core/Src/main.o
 .text.LL_TIM_DisableMasterSlaveMode
                0x0000000008000d2e       0x20 ./Core/Src/main.o
 *fill*         0x0000000008000d4e        0x2 
 .text.LL_AHB2_GRP1_EnableClock
                0x0000000008000d50       0x30 ./Core/Src/main.o
 .text.LL_APB2_GRP1_EnableClock
                0x0000000008000d80       0x30 ./Core/Src/main.o
 .text.main     0x0000000008000db0       0x3e ./Core/Src/main.o
                0x0000000008000db0                main
 .text.SystemClock_Config
                0x0000000008000dee       0x92 ./Core/Src/main.o
                0x0000000008000dee                SystemClock_Config
 .text.MX_ADC1_Init
                0x0000000008000e80      0x154 ./Core/Src/main.o
 .text.MX_ADC2_Init
                0x0000000008000fd4      0x130 ./Core/Src/main.o
 .text.MX_I2C2_Init
                0x0000000008001104       0x80 ./Core/Src/main.o
 .text.MX_TIM1_Init
                0x0000000008001184      0x220 ./Core/Src/main.o
 .text.MX_TIM15_Init
                0x00000000080013a4      0x16c ./Core/Src/main.o
 .text.MX_USART2_UART_Init
                0x0000000008001510       0x98 ./Core/Src/main.o
 .text.MX_USART3_UART_Init
                0x00000000080015a8       0x9c ./Core/Src/main.o
 .text.MX_DMA_Init
                0x0000000008001644       0x48 ./Core/Src/main.o
 .text.MX_GPIO_Init
                0x000000000800168c      0x11c ./Core/Src/main.o
 .text.Error_Handler
                0x00000000080017a8        0xa ./Core/Src/main.o
                0x00000000080017a8                Error_Handler
 *fill*         0x00000000080017b2        0x2 
 .text.HAL_MspInit
                0x00000000080017b4       0x54 ./Core/Src/stm32g4xx_hal_msp.o
                0x00000000080017b4                HAL_MspInit
 .text.HAL_ADC_MspInit
                0x0000000008001808      0x240 ./Core/Src/stm32g4xx_hal_msp.o
                0x0000000008001808                HAL_ADC_MspInit
 .text.HAL_I2C_MspInit
                0x0000000008001a48       0xb0 ./Core/Src/stm32g4xx_hal_msp.o
                0x0000000008001a48                HAL_I2C_MspInit
 .text.HAL_UART_MspInit
                0x0000000008001af8      0x140 ./Core/Src/stm32g4xx_hal_msp.o
                0x0000000008001af8                HAL_UART_MspInit
 .text.HAL_UART_MspDeInit
                0x0000000008001c38       0x68 ./Core/Src/stm32g4xx_hal_msp.o
                0x0000000008001c38                HAL_UART_MspDeInit
 .text.LL_TIM_ClearFlag_CC3
                0x0000000008001ca0       0x1c ./Core/Src/stm32g4xx_it.o
 .text.LL_TIM_ClearFlag_CC3OVR
                0x0000000008001cbc       0x1c ./Core/Src/stm32g4xx_it.o
 .text.NMI_Handler
                0x0000000008001cd8        0x6 ./Core/Src/stm32g4xx_it.o
                0x0000000008001cd8                NMI_Handler
 .text.HardFault_Handler
                0x0000000008001cde        0x6 ./Core/Src/stm32g4xx_it.o
                0x0000000008001cde                HardFault_Handler
 .text.MemManage_Handler
                0x0000000008001ce4        0x6 ./Core/Src/stm32g4xx_it.o
                0x0000000008001ce4                MemManage_Handler
 .text.BusFault_Handler
                0x0000000008001cea        0x6 ./Core/Src/stm32g4xx_it.o
                0x0000000008001cea                BusFault_Handler
 .text.UsageFault_Handler
                0x0000000008001cf0        0x6 ./Core/Src/stm32g4xx_it.o
                0x0000000008001cf0                UsageFault_Handler
 .text.SVC_Handler
                0x0000000008001cf6        0xe ./Core/Src/stm32g4xx_it.o
                0x0000000008001cf6                SVC_Handler
 .text.DebugMon_Handler
                0x0000000008001d04        0xe ./Core/Src/stm32g4xx_it.o
                0x0000000008001d04                DebugMon_Handler
 .text.PendSV_Handler
                0x0000000008001d12        0xe ./Core/Src/stm32g4xx_it.o
                0x0000000008001d12                PendSV_Handler
 .text.SysTick_Handler
                0x0000000008001d20       0x10 ./Core/Src/stm32g4xx_it.o
                0x0000000008001d20                SysTick_Handler
 .text.TIM1_BRK_TIM15_IRQHandler
                0x0000000008001d30        0xe ./Core/Src/stm32g4xx_it.o
                0x0000000008001d30                TIM1_BRK_TIM15_IRQHandler
 *fill*         0x0000000008001d3e        0x2 
 .text.TIM1_CC_IRQHandler
                0x0000000008001d40       0x2c ./Core/Src/stm32g4xx_it.o
                0x0000000008001d40                TIM1_CC_IRQHandler
 .text.USART2_IRQHandler
                0x0000000008001d6c       0x14 ./Core/Src/stm32g4xx_it.o
                0x0000000008001d6c                USART2_IRQHandler
 .text._sbrk    0x0000000008001d80       0x6c ./Core/Src/sysmem.o
                0x0000000008001d80                _sbrk
 .text.SystemInit
                0x0000000008001dec       0x24 ./Core/Src/system_stm32g4xx.o
                0x0000000008001dec                SystemInit
 .text.Reset_Handler
                0x0000000008001e10       0x50 ./Core/Startup/startup_stm32g431c8tx.o
                0x0000000008001e10                Reset_Handler
 .text.Default_Handler
                0x0000000008001e60        0x2 ./Core/Startup/startup_stm32g431c8tx.o
                0x0000000008001e60                RTC_Alarm_IRQHandler
                0x0000000008001e60                EXTI2_IRQHandler
                0x0000000008001e60                TIM8_TRG_COM_IRQHandler
                0x0000000008001e60                TIM8_CC_IRQHandler
                0x0000000008001e60                USB_HP_IRQHandler
                0x0000000008001e60                CORDIC_IRQHandler
                0x0000000008001e60                EXTI3_IRQHandler
                0x0000000008001e60                I2C3_ER_IRQHandler
                0x0000000008001e60                EXTI0_IRQHandler
                0x0000000008001e60                I2C2_EV_IRQHandler
                0x0000000008001e60                FPU_IRQHandler
                0x0000000008001e60                FDCAN1_IT1_IRQHandler
                0x0000000008001e60                TIM1_UP_TIM16_IRQHandler
                0x0000000008001e60                ADC1_2_IRQHandler
                0x0000000008001e60                SPI1_IRQHandler
                0x0000000008001e60                TIM6_DAC_IRQHandler
                0x0000000008001e60                TIM8_UP_IRQHandler
                0x0000000008001e60                DMA2_Channel2_IRQHandler
                0x0000000008001e60                DMA1_Channel4_IRQHandler
                0x0000000008001e60                USART3_IRQHandler
                0x0000000008001e60                TIM4_IRQHandler
                0x0000000008001e60                DMA2_Channel1_IRQHandler
                0x0000000008001e60                I2C1_EV_IRQHandler
                0x0000000008001e60                DMA1_Channel6_IRQHandler
                0x0000000008001e60                UART4_IRQHandler
                0x0000000008001e60                DMA2_Channel4_IRQHandler
                0x0000000008001e60                TIM3_IRQHandler
                0x0000000008001e60                RCC_IRQHandler
                0x0000000008001e60                DMA1_Channel1_IRQHandler
                0x0000000008001e60                Default_Handler
                0x0000000008001e60                RTC_TAMP_LSECSS_IRQHandler
                0x0000000008001e60                FMAC_IRQHandler
                0x0000000008001e60                EXTI15_10_IRQHandler
                0x0000000008001e60                TIM7_IRQHandler
                0x0000000008001e60                UCPD1_IRQHandler
                0x0000000008001e60                I2C3_EV_IRQHandler
                0x0000000008001e60                EXTI9_5_IRQHandler
                0x0000000008001e60                RTC_WKUP_IRQHandler
                0x0000000008001e60                PVD_PVM_IRQHandler
                0x0000000008001e60                SPI2_IRQHandler
                0x0000000008001e60                DMA2_Channel5_IRQHandler
                0x0000000008001e60                CRS_IRQHandler
                0x0000000008001e60                DMA1_Channel5_IRQHandler
                0x0000000008001e60                USB_LP_IRQHandler
                0x0000000008001e60                EXTI4_IRQHandler
                0x0000000008001e60                RNG_IRQHandler
                0x0000000008001e60                TIM1_TRG_COM_TIM17_IRQHandler
                0x0000000008001e60                DMA1_Channel3_IRQHandler
                0x0000000008001e60                WWDG_IRQHandler
                0x0000000008001e60                LPUART1_IRQHandler
                0x0000000008001e60                DMA2_Channel6_IRQHandler
                0x0000000008001e60                FDCAN1_IT0_IRQHandler
                0x0000000008001e60                TIM2_IRQHandler
                0x0000000008001e60                COMP1_2_3_IRQHandler
                0x0000000008001e60                EXTI1_IRQHandler
                0x0000000008001e60                I2C2_ER_IRQHandler
                0x0000000008001e60                DMA1_Channel2_IRQHandler
                0x0000000008001e60                TIM8_BRK_IRQHandler
                0x0000000008001e60                FLASH_IRQHandler
                0x0000000008001e60                USART1_IRQHandler
                0x0000000008001e60                SPI3_IRQHandler
                0x0000000008001e60                I2C1_ER_IRQHandler
                0x0000000008001e60                LPTIM1_IRQHandler
                0x0000000008001e60                DMAMUX_OVR_IRQHandler
                0x0000000008001e60                USBWakeUp_IRQHandler
                0x0000000008001e60                SAI1_IRQHandler
                0x0000000008001e60                DMA2_Channel3_IRQHandler
                0x0000000008001e60                COMP4_IRQHandler
 .text.HAL_Init
                0x0000000008001e62       0x30 ./Drivers/STM32G4xx_HAL_Driver/Src/stm32g4xx_hal.o
                0x0000000008001e62                HAL_Init
 *fill*         0x0000000008001e92        0x2 
 .text.HAL_InitTick
                0x0000000008001e94       0x74 ./Drivers/STM32G4xx_HAL_Driver/Src/stm32g4xx_hal.o
                0x0000000008001e94                HAL_InitTick
 .text.HAL_IncTick
                0x0000000008001f08       0x24 ./Drivers/STM32G4xx_HAL_Driver/Src/stm32g4xx_hal.o
                0x0000000008001f08                HAL_IncTick
 .text.HAL_GetTick
                0x0000000008001f2c       0x18 ./Drivers/STM32G4xx_HAL_Driver/Src/stm32g4xx_hal.o
                0x0000000008001f2c                HAL_GetTick
 .text.HAL_Delay
                0x0000000008001f44       0x44 ./Drivers/STM32G4xx_HAL_Driver/Src/stm32g4xx_hal.o
                0x0000000008001f44                HAL_Delay
 .text.HAL_SYSCFG_VREFBUF_VoltageScalingConfig
                0x0000000008001f88       0x28 ./Drivers/STM32G4xx_HAL_Driver/Src/stm32g4xx_hal.o
                0x0000000008001f88                HAL_SYSCFG_VREFBUF_VoltageScalingConfig
 .text.HAL_SYSCFG_VREFBUF_HighImpedanceConfig
                0x0000000008001fb0       0x28 ./Drivers/STM32G4xx_HAL_Driver/Src/stm32g4xx_hal.o
                0x0000000008001fb0                HAL_SYSCFG_VREFBUF_HighImpedanceConfig
 .text.HAL_SYSCFG_EnableVREFBUF
                0x0000000008001fd8       0x48 ./Drivers/STM32G4xx_HAL_Driver/Src/stm32g4xx_hal.o
                0x0000000008001fd8                HAL_SYSCFG_EnableVREFBUF
 .text.LL_ADC_SetCommonClock
                0x0000000008002020       0x26 ./Drivers/STM32G4xx_HAL_Driver/Src/stm32g4xx_hal_adc.o
 .text.LL_ADC_SetCommonPathInternalCh
                0x0000000008002046       0x26 ./Drivers/STM32G4xx_HAL_Driver/Src/stm32g4xx_hal_adc.o
 .text.LL_ADC_GetCommonPathInternalCh
                0x000000000800206c       0x1c ./Drivers/STM32G4xx_HAL_Driver/Src/stm32g4xx_hal_adc.o
 .text.LL_ADC_SetOffset
                0x0000000008002088       0x48 ./Drivers/STM32G4xx_HAL_Driver/Src/stm32g4xx_hal_adc.o
 .text.LL_ADC_GetOffsetChannel
                0x00000000080020d0       0x2c ./Drivers/STM32G4xx_HAL_Driver/Src/stm32g4xx_hal_adc.o
 .text.LL_ADC_SetOffsetState
                0x00000000080020fc       0x36 ./Drivers/STM32G4xx_HAL_Driver/Src/stm32g4xx_hal_adc.o
 .text.LL_ADC_SetOffsetSign
                0x0000000008002132       0x36 ./Drivers/STM32G4xx_HAL_Driver/Src/stm32g4xx_hal_adc.o
 .text.LL_ADC_SetOffsetSaturation
                0x0000000008002168       0x36 ./Drivers/STM32G4xx_HAL_Driver/Src/stm32g4xx_hal_adc.o
 .text.LL_ADC_SetSamplingTimeCommonConfig
                0x000000000800219e       0x26 ./Drivers/STM32G4xx_HAL_Driver/Src/stm32g4xx_hal_adc.o
 .text.LL_ADC_REG_IsTriggerSourceSWStart
                0x00000000080021c4       0x26 ./Drivers/STM32G4xx_HAL_Driver/Src/stm32g4xx_hal_adc.o
 .text.LL_ADC_REG_SetSequencerRanks
                0x00000000080021ea       0x58 ./Drivers/STM32G4xx_HAL_Driver/Src/stm32g4xx_hal_adc.o
 .text.LL_ADC_SetChannelSamplingTime
                0x0000000008002242       0x56 ./Drivers/STM32G4xx_HAL_Driver/Src/stm32g4xx_hal_adc.o
 .text.LL_ADC_SetChannelSingleDiff
                0x0000000008002298       0x50 ./Drivers/STM32G4xx_HAL_Driver/Src/stm32g4xx_hal_adc.o
 .text.LL_ADC_GetMultimode
                0x00000000080022e8       0x1c ./Drivers/STM32G4xx_HAL_Driver/Src/stm32g4xx_hal_adc.o
 .text.LL_ADC_DisableDeepPowerDown
                0x0000000008002304       0x24 ./Drivers/STM32G4xx_HAL_Driver/Src/stm32g4xx_hal_adc.o
 .text.LL_ADC_IsDeepPowerDownEnabled
                0x0000000008002328       0x28 ./Drivers/STM32G4xx_HAL_Driver/Src/stm32g4xx_hal_adc.o
 .text.LL_ADC_EnableInternalRegulator
                0x0000000008002350       0x28 ./Drivers/STM32G4xx_HAL_Driver/Src/stm32g4xx_hal_adc.o
 .text.LL_ADC_IsInternalRegulatorEnabled
                0x0000000008002378       0x28 ./Drivers/STM32G4xx_HAL_Driver/Src/stm32g4xx_hal_adc.o
 .text.LL_ADC_Enable
                0x00000000080023a0       0x28 ./Drivers/STM32G4xx_HAL_Driver/Src/stm32g4xx_hal_adc.o
 .text.LL_ADC_Disable
                0x00000000080023c8       0x28 ./Drivers/STM32G4xx_HAL_Driver/Src/stm32g4xx_hal_adc.o
 .text.LL_ADC_IsEnabled
                0x00000000080023f0       0x26 ./Drivers/STM32G4xx_HAL_Driver/Src/stm32g4xx_hal_adc.o
 .text.LL_ADC_IsDisableOngoing
                0x0000000008002416       0x26 ./Drivers/STM32G4xx_HAL_Driver/Src/stm32g4xx_hal_adc.o
 .text.LL_ADC_REG_StartConversion
                0x000000000800243c       0x28 ./Drivers/STM32G4xx_HAL_Driver/Src/stm32g4xx_hal_adc.o
 .text.LL_ADC_REG_IsConversionOngoing
                0x0000000008002464       0x26 ./Drivers/STM32G4xx_HAL_Driver/Src/stm32g4xx_hal_adc.o
 .text.LL_ADC_INJ_IsConversionOngoing
                0x000000000800248a       0x26 ./Drivers/STM32G4xx_HAL_Driver/Src/stm32g4xx_hal_adc.o
 .text.HAL_ADC_Init
                0x00000000080024b0      0x314 ./Drivers/STM32G4xx_HAL_Driver/Src/stm32g4xx_hal_adc.o
                0x00000000080024b0                HAL_ADC_Init
 .text.HAL_ADC_Start_DMA
                0x00000000080027c4      0x168 ./Drivers/STM32G4xx_HAL_Driver/Src/stm32g4xx_hal_adc.o
                0x00000000080027c4                HAL_ADC_Start_DMA
 .text.HAL_ADC_ConvCpltCallback
                0x000000000800292c       0x14 ./Drivers/STM32G4xx_HAL_Driver/Src/stm32g4xx_hal_adc.o
                0x000000000800292c                HAL_ADC_ConvCpltCallback
 .text.HAL_ADC_ConvHalfCpltCallback
                0x0000000008002940       0x14 ./Drivers/STM32G4xx_HAL_Driver/Src/stm32g4xx_hal_adc.o
                0x0000000008002940                HAL_ADC_ConvHalfCpltCallback
 .text.HAL_ADC_ErrorCallback
                0x0000000008002954       0x14 ./Drivers/STM32G4xx_HAL_Driver/Src/stm32g4xx_hal_adc.o
                0x0000000008002954                HAL_ADC_ErrorCallback
 .text.HAL_ADC_ConfigChannel
                0x0000000008002968      0x7e0 ./Drivers/STM32G4xx_HAL_Driver/Src/stm32g4xx_hal_adc.o
                0x0000000008002968                HAL_ADC_ConfigChannel
 .text.ADC_Enable
                0x0000000008003148       0xc4 ./Drivers/STM32G4xx_HAL_Driver/Src/stm32g4xx_hal_adc.o
                0x0000000008003148                ADC_Enable
 .text.ADC_Disable
                0x000000000800320c       0xbe ./Drivers/STM32G4xx_HAL_Driver/Src/stm32g4xx_hal_adc.o
                0x000000000800320c                ADC_Disable
 .text.ADC_DMAConvCplt
                0x00000000080032ca       0xd8 ./Drivers/STM32G4xx_HAL_Driver/Src/stm32g4xx_hal_adc.o
                0x00000000080032ca                ADC_DMAConvCplt
 .text.ADC_DMAHalfConvCplt
                0x00000000080033a2       0x1c ./Drivers/STM32G4xx_HAL_Driver/Src/stm32g4xx_hal_adc.o
                0x00000000080033a2                ADC_DMAHalfConvCplt
 .text.ADC_DMAError
                0x00000000080033be       0x34 ./Drivers/STM32G4xx_HAL_Driver/Src/stm32g4xx_hal_adc.o
                0x00000000080033be                ADC_DMAError
 .text.LL_ADC_IsEnabled
                0x00000000080033f2       0x26 ./Drivers/STM32G4xx_HAL_Driver/Src/stm32g4xx_hal_adc_ex.o
 .text.LL_ADC_StartCalibration
                0x0000000008003418       0x32 ./Drivers/STM32G4xx_HAL_Driver/Src/stm32g4xx_hal_adc_ex.o
 .text.LL_ADC_IsCalibrationOnGoing
                0x000000000800344a       0x28 ./Drivers/STM32G4xx_HAL_Driver/Src/stm32g4xx_hal_adc_ex.o
 .text.LL_ADC_REG_IsConversionOngoing
                0x0000000008003472       0x26 ./Drivers/STM32G4xx_HAL_Driver/Src/stm32g4xx_hal_adc_ex.o
 .text.HAL_ADCEx_Calibration_Start
                0x0000000008003498       0xc4 ./Drivers/STM32G4xx_HAL_Driver/Src/stm32g4xx_hal_adc_ex.o
                0x0000000008003498                HAL_ADCEx_Calibration_Start
 .text.HAL_ADCEx_MultiModeConfigChannel
                0x000000000800355c      0x148 ./Drivers/STM32G4xx_HAL_Driver/Src/stm32g4xx_hal_adc_ex.o
                0x000000000800355c                HAL_ADCEx_MultiModeConfigChannel
 .text.__NVIC_SetPriorityGrouping
                0x00000000080036a4       0x48 ./Drivers/STM32G4xx_HAL_Driver/Src/stm32g4xx_hal_cortex.o
 .text.__NVIC_GetPriorityGrouping
                0x00000000080036ec       0x1c ./Drivers/STM32G4xx_HAL_Driver/Src/stm32g4xx_hal_cortex.o
 .text.__NVIC_EnableIRQ
                0x0000000008003708       0x3c ./Drivers/STM32G4xx_HAL_Driver/Src/stm32g4xx_hal_cortex.o
 .text.__NVIC_DisableIRQ
                0x0000000008003744       0x48 ./Drivers/STM32G4xx_HAL_Driver/Src/stm32g4xx_hal_cortex.o
 .text.__NVIC_SetPriority
                0x000000000800378c       0x54 ./Drivers/STM32G4xx_HAL_Driver/Src/stm32g4xx_hal_cortex.o
 .text.NVIC_EncodePriority
                0x00000000080037e0       0x66 ./Drivers/STM32G4xx_HAL_Driver/Src/stm32g4xx_hal_cortex.o
 *fill*         0x0000000008003846        0x2 
 .text.SysTick_Config
                0x0000000008003848       0x44 ./Drivers/STM32G4xx_HAL_Driver/Src/stm32g4xx_hal_cortex.o
 .text.HAL_NVIC_SetPriorityGrouping
                0x000000000800388c       0x16 ./Drivers/STM32G4xx_HAL_Driver/Src/stm32g4xx_hal_cortex.o
                0x000000000800388c                HAL_NVIC_SetPriorityGrouping
 .text.HAL_NVIC_SetPriority
                0x00000000080038a2       0x34 ./Drivers/STM32G4xx_HAL_Driver/Src/stm32g4xx_hal_cortex.o
                0x00000000080038a2                HAL_NVIC_SetPriority
 .text.HAL_NVIC_EnableIRQ
                0x00000000080038d6       0x1c ./Drivers/STM32G4xx_HAL_Driver/Src/stm32g4xx_hal_cortex.o
                0x00000000080038d6                HAL_NVIC_EnableIRQ
 .text.HAL_NVIC_DisableIRQ
                0x00000000080038f2       0x1c ./Drivers/STM32G4xx_HAL_Driver/Src/stm32g4xx_hal_cortex.o
                0x00000000080038f2                HAL_NVIC_DisableIRQ
 .text.HAL_SYSTICK_Config
                0x000000000800390e       0x18 ./Drivers/STM32G4xx_HAL_Driver/Src/stm32g4xx_hal_cortex.o
                0x000000000800390e                HAL_SYSTICK_Config
 *fill*         0x0000000008003926        0x2 
 .text.HAL_DMA_Init
                0x0000000008003928      0x150 ./Drivers/STM32G4xx_HAL_Driver/Src/stm32g4xx_hal_dma.o
                0x0000000008003928                HAL_DMA_Init
 .text.HAL_DMA_Start_IT
                0x0000000008003a78       0xf6 ./Drivers/STM32G4xx_HAL_Driver/Src/stm32g4xx_hal_dma.o
                0x0000000008003a78                HAL_DMA_Start_IT
 .text.HAL_DMA_Abort
                0x0000000008003b6e       0xb2 ./Drivers/STM32G4xx_HAL_Driver/Src/stm32g4xx_hal_dma.o
                0x0000000008003b6e                HAL_DMA_Abort
 .text.HAL_DMA_Abort_IT
                0x0000000008003c20       0xce ./Drivers/STM32G4xx_HAL_Driver/Src/stm32g4xx_hal_dma.o
                0x0000000008003c20                HAL_DMA_Abort_IT
 .text.DMA_SetConfig
                0x0000000008003cee       0x7c ./Drivers/STM32G4xx_HAL_Driver/Src/stm32g4xx_hal_dma.o
 *fill*         0x0000000008003d6a        0x2 
 .text.DMA_CalcDMAMUXChannelBaseAndMask
                0x0000000008003d6c       0x7c ./Drivers/STM32G4xx_HAL_Driver/Src/stm32g4xx_hal_dma.o
 .text.DMA_CalcDMAMUXRequestGenBaseAndMask
                0x0000000008003de8       0x48 ./Drivers/STM32G4xx_HAL_Driver/Src/stm32g4xx_hal_dma.o
 .text.HAL_GPIO_Init
                0x0000000008003e30      0x304 ./Drivers/STM32G4xx_HAL_Driver/Src/stm32g4xx_hal_gpio.o
                0x0000000008003e30                HAL_GPIO_Init
 .text.HAL_GPIO_DeInit
                0x0000000008004134      0x1c4 ./Drivers/STM32G4xx_HAL_Driver/Src/stm32g4xx_hal_gpio.o
                0x0000000008004134                HAL_GPIO_DeInit
 .text.HAL_GPIO_WritePin
                0x00000000080042f8       0x30 ./Drivers/STM32G4xx_HAL_Driver/Src/stm32g4xx_hal_gpio.o
                0x00000000080042f8                HAL_GPIO_WritePin
 .text.HAL_I2C_Init
                0x0000000008004328      0x11e ./Drivers/STM32G4xx_HAL_Driver/Src/stm32g4xx_hal_i2c.o
                0x0000000008004328                HAL_I2C_Init
 .text.HAL_I2CEx_ConfigAnalogFilter
                0x0000000008004446       0x96 ./Drivers/STM32G4xx_HAL_Driver/Src/stm32g4xx_hal_i2c_ex.o
                0x0000000008004446                HAL_I2CEx_ConfigAnalogFilter
 .text.HAL_I2CEx_ConfigDigitalFilter
                0x00000000080044dc       0x98 ./Drivers/STM32G4xx_HAL_Driver/Src/stm32g4xx_hal_i2c_ex.o
                0x00000000080044dc                HAL_I2CEx_ConfigDigitalFilter
 .text.HAL_PWREx_ControlVoltageScaling
                0x0000000008004574      0x148 ./Drivers/STM32G4xx_HAL_Driver/Src/stm32g4xx_hal_pwr_ex.o
                0x0000000008004574                HAL_PWREx_ControlVoltageScaling
 .text.HAL_RCC_OscConfig
                0x00000000080046bc      0x630 ./Drivers/STM32G4xx_HAL_Driver/Src/stm32g4xx_hal_rcc.o
                0x00000000080046bc                HAL_RCC_OscConfig
 .text.HAL_RCC_ClockConfig
                0x0000000008004cec      0x278 ./Drivers/STM32G4xx_HAL_Driver/Src/stm32g4xx_hal_rcc.o
                0x0000000008004cec                HAL_RCC_ClockConfig
 .text.HAL_RCC_GetSysClockFreq
                0x0000000008004f64       0xc4 ./Drivers/STM32G4xx_HAL_Driver/Src/stm32g4xx_hal_rcc.o
                0x0000000008004f64                HAL_RCC_GetSysClockFreq
 .text.HAL_RCC_GetHCLKFreq
                0x0000000008005028       0x18 ./Drivers/STM32G4xx_HAL_Driver/Src/stm32g4xx_hal_rcc.o
                0x0000000008005028                HAL_RCC_GetHCLKFreq
 .text.HAL_RCC_GetPCLK1Freq
                0x0000000008005040       0x2c ./Drivers/STM32G4xx_HAL_Driver/Src/stm32g4xx_hal_rcc.o
                0x0000000008005040                HAL_RCC_GetPCLK1Freq
 .text.HAL_RCC_GetPCLK2Freq
                0x000000000800506c       0x2c ./Drivers/STM32G4xx_HAL_Driver/Src/stm32g4xx_hal_rcc.o
                0x000000000800506c                HAL_RCC_GetPCLK2Freq
 .text.RCC_GetSysClockFreqFromPLLSource
                0x0000000008005098       0x8c ./Drivers/STM32G4xx_HAL_Driver/Src/stm32g4xx_hal_rcc.o
 .text.HAL_RCCEx_PeriphCLKConfig
                0x0000000008005124      0x3e0 ./Drivers/STM32G4xx_HAL_Driver/Src/stm32g4xx_hal_rcc_ex.o
                0x0000000008005124                HAL_RCCEx_PeriphCLKConfig
 .text.HAL_UART_Init
                0x0000000008005504       0xa0 ./Drivers/STM32G4xx_HAL_Driver/Src/stm32g4xx_hal_uart.o
                0x0000000008005504                HAL_UART_Init
 .text.HAL_UART_DeInit
                0x00000000080055a4       0x78 ./Drivers/STM32G4xx_HAL_Driver/Src/stm32g4xx_hal_uart.o
                0x00000000080055a4                HAL_UART_DeInit
 .text.HAL_UART_Transmit
                0x000000000800561c      0x12c ./Drivers/STM32G4xx_HAL_Driver/Src/stm32g4xx_hal_uart.o
                0x000000000800561c                HAL_UART_Transmit
 .text.HAL_UART_Receive
                0x0000000008005748      0x1a6 ./Drivers/STM32G4xx_HAL_Driver/Src/stm32g4xx_hal_uart.o
                0x0000000008005748                HAL_UART_Receive
 *fill*         0x00000000080058ee        0x2 
 .text.HAL_UART_Receive_IT
                0x00000000080058f0       0xac ./Drivers/STM32G4xx_HAL_Driver/Src/stm32g4xx_hal_uart.o
                0x00000000080058f0                HAL_UART_Receive_IT
 .text.HAL_UART_IRQHandler
                0x000000000800599c      0x630 ./Drivers/STM32G4xx_HAL_Driver/Src/stm32g4xx_hal_uart.o
                0x000000000800599c                HAL_UART_IRQHandler
 .text.HAL_UART_TxCpltCallback
                0x0000000008005fcc       0x14 ./Drivers/STM32G4xx_HAL_Driver/Src/stm32g4xx_hal_uart.o
                0x0000000008005fcc                HAL_UART_TxCpltCallback
 .text.HAL_UARTEx_RxEventCallback
                0x0000000008005fe0       0x18 ./Drivers/STM32G4xx_HAL_Driver/Src/stm32g4xx_hal_uart.o
                0x0000000008005fe0                HAL_UARTEx_RxEventCallback
 .text.UART_SetConfig
                0x0000000008005ff8      0x598 ./Drivers/STM32G4xx_HAL_Driver/Src/stm32g4xx_hal_uart.o
                0x0000000008005ff8                UART_SetConfig
 .text.UART_AdvFeatureConfig
                0x0000000008006590      0x144 ./Drivers/STM32G4xx_HAL_Driver/Src/stm32g4xx_hal_uart.o
                0x0000000008006590                UART_AdvFeatureConfig
 .text.UART_CheckIdleState
                0x00000000080066d4       0x96 ./Drivers/STM32G4xx_HAL_Driver/Src/stm32g4xx_hal_uart.o
                0x00000000080066d4                UART_CheckIdleState
 .text.UART_WaitOnFlagUntilTimeout
                0x000000000800676a      0x190 ./Drivers/STM32G4xx_HAL_Driver/Src/stm32g4xx_hal_uart.o
                0x000000000800676a                UART_WaitOnFlagUntilTimeout
 *fill*         0x00000000080068fa        0x2 
 .text.UART_Start_Receive_IT
                0x00000000080068fc      0x254 ./Drivers/STM32G4xx_HAL_Driver/Src/stm32g4xx_hal_uart.o
                0x00000000080068fc                UART_Start_Receive_IT
 .text.UART_EndRxTransfer
                0x0000000008006b50       0xcc ./Drivers/STM32G4xx_HAL_Driver/Src/stm32g4xx_hal_uart.o
 .text.UART_DMAAbortOnError
                0x0000000008006c1c       0x2c ./Drivers/STM32G4xx_HAL_Driver/Src/stm32g4xx_hal_uart.o
 .text.UART_EndTransmit_IT
                0x0000000008006c48       0x56 ./Drivers/STM32G4xx_HAL_Driver/Src/stm32g4xx_hal_uart.o
 .text.UART_RxISR_8BIT
                0x0000000008006c9e      0x160 ./Drivers/STM32G4xx_HAL_Driver/Src/stm32g4xx_hal_uart.o
 .text.UART_RxISR_16BIT
                0x0000000008006dfe      0x160 ./Drivers/STM32G4xx_HAL_Driver/Src/stm32g4xx_hal_uart.o
 *fill*         0x0000000008006f5e        0x2 
 .text.UART_RxISR_8BIT_FIFOEN
                0x0000000008006f60      0x2f8 ./Drivers/STM32G4xx_HAL_Driver/Src/stm32g4xx_hal_uart.o
 .text.UART_RxISR_16BIT_FIFOEN
                0x0000000008007258      0x300 ./Drivers/STM32G4xx_HAL_Driver/Src/stm32g4xx_hal_uart.o
 .text.HAL_UARTEx_WakeupCallback
                0x0000000008007558       0x14 ./Drivers/STM32G4xx_HAL_Driver/Src/stm32g4xx_hal_uart_ex.o
                0x0000000008007558                HAL_UARTEx_WakeupCallback
 .text.HAL_UARTEx_RxFifoFullCallback
                0x000000000800756c       0x14 ./Drivers/STM32G4xx_HAL_Driver/Src/stm32g4xx_hal_uart_ex.o
                0x000000000800756c                HAL_UARTEx_RxFifoFullCallback
 .text.HAL_UARTEx_TxFifoEmptyCallback
                0x0000000008007580       0x14 ./Drivers/STM32G4xx_HAL_Driver/Src/stm32g4xx_hal_uart_ex.o
                0x0000000008007580                HAL_UARTEx_TxFifoEmptyCallback
 .text.HAL_UARTEx_EnableFifoMode
                0x0000000008007594       0x76 ./Drivers/STM32G4xx_HAL_Driver/Src/stm32g4xx_hal_uart_ex.o
                0x0000000008007594                HAL_UARTEx_EnableFifoMode
 .text.HAL_UARTEx_DisableFifoMode
                0x000000000800760a       0x72 ./Drivers/STM32G4xx_HAL_Driver/Src/stm32g4xx_hal_uart_ex.o
                0x000000000800760a                HAL_UARTEx_DisableFifoMode
 .text.HAL_UARTEx_SetTxFifoThreshold
                0x000000000800767c       0x7c ./Drivers/STM32G4xx_HAL_Driver/Src/stm32g4xx_hal_uart_ex.o
                0x000000000800767c                HAL_UARTEx_SetTxFifoThreshold
 .text.HAL_UARTEx_SetRxFifoThreshold
                0x00000000080076f8       0x7c ./Drivers/STM32G4xx_HAL_Driver/Src/stm32g4xx_hal_uart_ex.o
                0x00000000080076f8                HAL_UARTEx_SetRxFifoThreshold
 .text.UARTEx_SetNbDataToProcess
                0x0000000008007774       0x9c ./Drivers/STM32G4xx_HAL_Driver/Src/stm32g4xx_hal_uart_ex.o
 .text.LL_GPIO_SetPinMode
                0x0000000008007810       0x7a ./Drivers/STM32G4xx_HAL_Driver/Src/stm32g4xx_ll_gpio.o
 .text.LL_GPIO_SetPinOutputType
                0x000000000800788a       0x30 ./Drivers/STM32G4xx_HAL_Driver/Src/stm32g4xx_ll_gpio.o
 .text.LL_GPIO_SetPinSpeed
                0x00000000080078ba       0x7a ./Drivers/STM32G4xx_HAL_Driver/Src/stm32g4xx_ll_gpio.o
 .text.LL_GPIO_SetPinPull
                0x0000000008007934       0x7a ./Drivers/STM32G4xx_HAL_Driver/Src/stm32g4xx_ll_gpio.o
 .text.LL_GPIO_SetAFPin_0_7
                0x00000000080079ae       0x7a ./Drivers/STM32G4xx_HAL_Driver/Src/stm32g4xx_ll_gpio.o
 .text.LL_GPIO_SetAFPin_8_15
                0x0000000008007a28       0x7e ./Drivers/STM32G4xx_HAL_Driver/Src/stm32g4xx_ll_gpio.o
 .text.LL_GPIO_Init
                0x0000000008007aa6       0xdc ./Drivers/STM32G4xx_HAL_Driver/Src/stm32g4xx_ll_gpio.o
                0x0000000008007aa6                LL_GPIO_Init
 .text.LL_TIM_SetPrescaler
                0x0000000008007b82       0x1c ./Drivers/STM32G4xx_HAL_Driver/Src/stm32g4xx_ll_tim.o
 .text.LL_TIM_SetAutoReload
                0x0000000008007b9e       0x1c ./Drivers/STM32G4xx_HAL_Driver/Src/stm32g4xx_ll_tim.o
 .text.LL_TIM_SetRepetitionCounter
                0x0000000008007bba       0x1c ./Drivers/STM32G4xx_HAL_Driver/Src/stm32g4xx_ll_tim.o
 .text.LL_TIM_OC_SetCompareCH1
                0x0000000008007bd6       0x1c ./Drivers/STM32G4xx_HAL_Driver/Src/stm32g4xx_ll_tim.o
 .text.LL_TIM_OC_SetCompareCH2
                0x0000000008007bf2       0x1c ./Drivers/STM32G4xx_HAL_Driver/Src/stm32g4xx_ll_tim.o
 .text.LL_TIM_OC_SetCompareCH3
                0x0000000008007c0e       0x1c ./Drivers/STM32G4xx_HAL_Driver/Src/stm32g4xx_ll_tim.o
 .text.LL_TIM_OC_SetCompareCH4
                0x0000000008007c2a       0x1c ./Drivers/STM32G4xx_HAL_Driver/Src/stm32g4xx_ll_tim.o
 .text.LL_TIM_OC_SetCompareCH5
                0x0000000008007c46       0x20 ./Drivers/STM32G4xx_HAL_Driver/Src/stm32g4xx_ll_tim.o
 .text.LL_TIM_OC_SetCompareCH6
                0x0000000008007c66       0x1c ./Drivers/STM32G4xx_HAL_Driver/Src/stm32g4xx_ll_tim.o
 .text.LL_TIM_GenerateEvent_UPDATE
                0x0000000008007c82       0x20 ./Drivers/STM32G4xx_HAL_Driver/Src/stm32g4xx_ll_tim.o
 *fill*         0x0000000008007ca2        0x2 
 .text.LL_TIM_Init
                0x0000000008007ca4      0x114 ./Drivers/STM32G4xx_HAL_Driver/Src/stm32g4xx_ll_tim.o
                0x0000000008007ca4                LL_TIM_Init
 .text.LL_TIM_OC_Init
                0x0000000008007db8       0xbe ./Drivers/STM32G4xx_HAL_Driver/Src/stm32g4xx_ll_tim.o
                0x0000000008007db8                LL_TIM_OC_Init
 *fill*         0x0000000008007e76        0x2 
 .text.LL_TIM_BDTR_Init
                0x0000000008007e78      0x110 ./Drivers/STM32G4xx_HAL_Driver/Src/stm32g4xx_ll_tim.o
                0x0000000008007e78                LL_TIM_BDTR_Init
 .text.OC1Config
                0x0000000008007f88      0x100 ./Drivers/STM32G4xx_HAL_Driver/Src/stm32g4xx_ll_tim.o
 .text.OC2Config
                0x0000000008008088      0x108 ./Drivers/STM32G4xx_HAL_Driver/Src/stm32g4xx_ll_tim.o
 .text.OC3Config
                0x0000000008008190      0x108 ./Drivers/STM32G4xx_HAL_Driver/Src/stm32g4xx_ll_tim.o
 .text.OC4Config
                0x0000000008008298      0x108 ./Drivers/STM32G4xx_HAL_Driver/Src/stm32g4xx_ll_tim.o
 .text.OC5Config
                0x00000000080083a0       0xc8 ./Drivers/STM32G4xx_HAL_Driver/Src/stm32g4xx_ll_tim.o
 .text.OC6Config
                0x0000000008008468       0xc8 ./Drivers/STM32G4xx_HAL_Driver/Src/stm32g4xx_ll_tim.o
 .text.calcCRC  0x0000000008008530       0x8e ./app/common/common.o
                0x0000000008008530                calcCRC
 *fill*         0x00000000080085be        0x2 
 .text.create_fifo
                0x00000000080085c0       0xb8 ./app/common/fifo.o
                0x00000000080085c0                create_fifo
 .text.FIFO_GetAvaiableSpace
                0x0000000008008678       0x2a ./app/common/fifo.o
 .text.FIFO_Put
                0x00000000080086a2       0x78 ./app/common/fifo.o
 .text.FIFO_Puts
                0x000000000800871a       0x78 ./app/common/fifo.o
 .text.FIFO_Peak
                0x0000000008008792       0x4a ./app/common/fifo.o
 .text.FIFO_Peaks
                0x00000000080087dc       0x7a ./app/common/fifo.o
 .text.FIFO_Get
                0x0000000008008856       0x84 ./app/common/fifo.o
 .text.FIFO_Gets
                0x00000000080088da       0x5c ./app/common/fifo.o
 .text.FIFO_Clear
                0x0000000008008936       0x2e ./app/common/fifo.o
 .text.ModbusResetValue
                0x0000000008008964       0x68 ./app/driver/com/modbus.o
 .text.ModbusGetData
                0x00000000080089cc      0x120 ./app/driver/com/modbus.o
 .text.ModbusSetData
                0x0000000008008aec      0x1e8 ./app/driver/com/modbus.o
 .text.ModbusCreateData
                0x0000000008008cd4      0x21c ./app/driver/com/modbus.o
 .text.ModbusSendData
                0x0000000008008ef0       0x48 ./app/driver/com/modbus.o
 .text.ModbusSetReDe
                0x0000000008008f38       0x24 ./app/driver/com/modbus.o
 .text.create_modbus
                0x0000000008008f5c       0x84 ./app/driver/com/modbus.o
                0x0000000008008f5c                create_modbus
 .text.Modbus1kHz
                0x0000000008008fe0       0x50 ./app/driver/com/modbus.o
                0x0000000008008fe0                Modbus1kHz
 .text.ModbusBackground
                0x0000000008009030      0x12c ./app/driver/com/modbus.o
                0x0000000008009030                ModbusBackground
 .text.ModbusAddVariable
                0x000000000800915c       0x7c ./app/driver/com/modbus.o
                0x000000000800915c                ModbusAddVariable
 .text.SetCompareCH3
                0x00000000080091d8       0x1e ./app/driver/control/driver_pwm_dc_dc.o
 .text.SetCompareCH4
                0x00000000080091f6       0x1e ./app/driver/control/driver_pwm_dc_dc.o
 .text.DisableTimerChanel
                0x0000000008009214       0x24 ./app/driver/control/driver_pwm_dc_dc.o
 .text.EnableTimerChanel
                0x0000000008009238       0x24 ./app/driver/control/driver_pwm_dc_dc.o
 .text.EnableCH1NOutput
                0x000000000800925c       0x24 ./app/driver/control/driver_pwm_dc_dc.o
 .text.EnableCH2NOutput
                0x0000000008009280       0x24 ./app/driver/control/driver_pwm_dc_dc.o
 .text.DisableCH1NOutput
                0x00000000080092a4       0x24 ./app/driver/control/driver_pwm_dc_dc.o
 .text.DisableCH2NOutput
                0x00000000080092c8       0x24 ./app/driver/control/driver_pwm_dc_dc.o
 .text.DisableCH1NAndCH2NOutputs
                0x00000000080092ec       0x24 ./app/driver/control/driver_pwm_dc_dc.o
 .text.EnableCntTimer
                0x0000000008009310       0x24 ./app/driver/control/driver_pwm_dc_dc.o
 .text.TIM_EnableIT_CC3
                0x0000000008009334       0x24 ./app/driver/control/driver_pwm_dc_dc.o
 .text.TIM_ClearFlag_CC3
                0x0000000008009358       0x1e ./app/driver/control/driver_pwm_dc_dc.o
 *fill*         0x0000000008009376        0x2 
 .text.PwmWindBoostInit
                0x0000000008009378       0x60 ./app/driver/control/driver_pwm_dc_dc.o
                0x0000000008009378                PwmWindBoostInit
 .text.PwmWindBuckBoostDisableAllOutput
                0x00000000080093d8       0x1c ./app/driver/control/driver_pwm_dc_dc.o
                0x00000000080093d8                PwmWindBuckBoostDisableAllOutput
 .text.PwmWindBuckEnable
                0x00000000080093f4       0x1c ./app/driver/control/driver_pwm_dc_dc.o
                0x00000000080093f4                PwmWindBuckEnable
 .text.PwmWindBoostEnable
                0x0000000008009410       0x1c ./app/driver/control/driver_pwm_dc_dc.o
                0x0000000008009410                PwmWindBoostEnable
 .text.PwmWindBuckDisable
                0x000000000800942c       0x16 ./app/driver/control/driver_pwm_dc_dc.o
                0x000000000800942c                PwmWindBuckDisable
 .text.PwmWindBoostDisable
                0x0000000008009442       0x16 ./app/driver/control/driver_pwm_dc_dc.o
                0x0000000008009442                PwmWindBoostDisable
 .text.DisableTimerChanel
                0x0000000008009458       0x24 ./app/driver/control/driver_pwm_dumpload.o
 .text.EnableTimerChanel
                0x000000000800947c       0x24 ./app/driver/control/driver_pwm_dumpload.o
 .text.EnableCH2Output
                0x00000000080094a0       0x24 ./app/driver/control/driver_pwm_dumpload.o
 .text.DisableCH2Output
                0x00000000080094c4       0x24 ./app/driver/control/driver_pwm_dumpload.o
 .text.PwmWindDumpLoadEnableOutput
                0x00000000080094e8       0x1c ./app/driver/control/driver_pwm_dumpload.o
                0x00000000080094e8                PwmWindDumpLoadEnableOutput
 .text.PwmWindDumpLoadDisableOutput
                0x0000000008009504       0x1c ./app/driver/control/driver_pwm_dumpload.o
                0x0000000008009504                PwmWindDumpLoadDisableOutput
 .text.Pin_Func_Init
                0x0000000008009520      0x118 ./app/driver/control/pin_func.o
                0x0000000008009520                Pin_Func_Init
 .text.Pin_Func_TurnOn
                0x0000000008009638       0x54 ./app/driver/control/pin_func.o
                0x0000000008009638                Pin_Func_TurnOn
 .text.Pin_Func_TurnOff
                0x000000000800968c       0x54 ./app/driver/control/pin_func.o
                0x000000000800968c                Pin_Func_TurnOff
 .text.Signal_Init
                0x00000000080096e0       0x40 ./app/driver/measure/signal.o
                0x00000000080096e0                Signal_Init
 .text.Signal_Update
                0x0000000008009720       0xd0 ./app/driver/measure/signal.o
                0x0000000008009720                Signal_Update
 .text.EC200_Delayms
                0x00000000080097f0       0x16 ./app/lib/EC200_application.o
                0x00000000080097f0                EC200_Delayms
 .text.EC200_RESET
                0x0000000008009806       0x2a ./app/lib/EC200_application.o
                0x0000000008009806                EC200_RESET
 .text.EC200_Init
                0x0000000008009830       0x10 ./app/lib/EC200_application.o
                0x0000000008009830                EC200_Init
 .text.EC200_CompareCommand
                0x0000000008009840       0x26 ./app/lib/EC200_application.o
                0x0000000008009840                EC200_CompareCommand
 *fill*         0x0000000008009866        0x2 
 .text.EC200_ReceiveCommand
                0x0000000008009868       0x68 ./app/lib/EC200_application.o
                0x0000000008009868                EC200_ReceiveCommand
 .text.EC200_SendCommand
                0x00000000080098d0       0x16 ./app/lib/EC200_application.o
                0x00000000080098d0                EC200_SendCommand
 *fill*         0x00000000080098e6        0x2 
 .text.Is_Power_ON
                0x00000000080098e8       0x3c ./app/lib/EC200_application.o
                0x00000000080098e8                Is_Power_ON
 .text.OffEcho  0x0000000008009924       0x6c ./app/lib/EC200_application.o
                0x0000000008009924                OffEcho
 .text.MQTT_SetKeepAlive_Time
                0x0000000008009990       0xa0 ./app/lib/EC200_application.o
                0x0000000008009990                MQTT_SetKeepAlive_Time
 .text.MQTT_Receiving_Mode
                0x0000000008009a30       0xa8 ./app/lib/EC200_application.o
                0x0000000008009a30                MQTT_Receiving_Mode
 .text.MQTT_Open
                0x0000000008009ad8      0x10c ./app/lib/EC200_application.o
                0x0000000008009ad8                MQTT_Open
 .text.MQTT_Connect
                0x0000000008009be4      0x168 ./app/lib/EC200_application.o
                0x0000000008009be4                MQTT_Connect
 .text.SIM_MQTT_pubTopic
                0x0000000008009d4c      0x1e8 ./app/lib/EC200_application.o
                0x0000000008009d4c                SIM_MQTT_pubTopic
 .text.SIM_MQTT_subTopic
                0x0000000008009f34      0x180 ./app/lib/EC200_application.o
                0x0000000008009f34                SIM_MQTT_subTopic
 .text.EC200_SIM_Start
                0x000000000800a0b4       0x84 ./app/lib/EC200_application.o
                0x000000000800a0b4                EC200_SIM_Start
 .text.EC200_SIM_Restart
                0x000000000800a138       0x28 ./app/lib/EC200_application.o
                0x000000000800a138                EC200_SIM_Restart
 .text.EC200_MQTT_ConnectToServer
                0x000000000800a160      0x21c ./app/lib/EC200_application.o
                0x000000000800a160                EC200_MQTT_ConnectToServer
 .text.MQTT_Transmit_Data
                0x000000000800a37c      0x230 ./app/lib/EC200_application.o
                0x000000000800a37c                MQTT_Transmit_Data
 .text.EC200_UART_InitPins
                0x000000000800a5ac        0xe ./app/lib/EC200_uart.o
                0x000000000800a5ac                EC200_UART_InitPins
 .text.EC200_RESET_InitPins
                0x000000000800a5ba        0xe ./app/lib/EC200_uart.o
                0x000000000800a5ba                EC200_RESET_InitPins
 .text.EC200_UART_Init
                0x000000000800a5c8       0x28 ./app/lib/EC200_uart.o
                0x000000000800a5c8                EC200_UART_Init
 .text.EC200_UART_SendString
                0x000000000800a5f0       0x16 ./app/lib/EC200_uart.o
                0x000000000800a5f0                EC200_UART_SendString
 *fill*         0x000000000800a606        0x2 
 .text.EC200_UART_Handler
                0x000000000800a608      0x124 ./app/lib/EC200_uart.o
                0x000000000800a608                EC200_UART_Handler
 .text.ADC_DMA_CREATE
                0x000000000800a72c       0x98 ./app/porting/adc/adc.o
                0x000000000800a72c                ADC_DMA_CREATE
 .text.Get_ADC_VAL_CH
                0x000000000800a7c4       0x84 ./app/porting/adc/adc.o
                0x000000000800a7c4                Get_ADC_VAL_CH
 .text.GPIO_SetPinOut
                0x000000000800a848       0x4c ./app/porting/gpio/gpio.o
                0x000000000800a848                GPIO_SetPinOut
 .text.GPIO_SetPinIn
                0x000000000800a894       0x50 ./app/porting/gpio/gpio.o
                0x000000000800a894                GPIO_SetPinIn
 .text.GPIO_WritePin
                0x000000000800a8e4       0x40 ./app/porting/gpio/gpio.o
                0x000000000800a8e4                GPIO_WritePin
 .text.OpenUart2
                0x000000000800a924       0x3c ./app/porting/serial/serial.o
 .text.SendByteUart2
                0x000000000800a960       0x34 ./app/porting/serial/serial.o
 .text.SendStringUart2
                0x000000000800a994       0x38 ./app/porting/serial/serial.o
                0x000000000800a994                SendStringUart2
 .text.ReceiveByteUart2
                0x000000000800a9cc       0x30 ./app/porting/serial/serial.o
 .text.OpenUart3
                0x000000000800a9fc       0x64 ./app/porting/serial/serial.o
 .text.SendByteUart3
                0x000000000800aa60       0x34 ./app/porting/serial/serial.o
 .text.ReceiveByteUart3
                0x000000000800aa94       0x40 ./app/porting/serial/serial.o
 .text.HAL_UART_RxCpltCallback
                0x000000000800aad4       0x34 ./app/porting/serial/serial.o
                0x000000000800aad4                HAL_UART_RxCpltCallback
 .text.HAL_UART_ErrorCallback
                0x000000000800ab08       0x28 ./app/porting/serial/serial.o
                0x000000000800ab08                HAL_UART_ErrorCallback
 .text.SerialHandle
                0x000000000800ab30       0xd0 ./app/porting/serial/serial.o
                0x000000000800ab30                SerialHandle
 .text.create_serial
                0x000000000800ac00       0xc4 ./app/porting/serial/serial.o
                0x000000000800ac00                create_serial
 .text.SerialSendBuf
                0x000000000800acc4       0x4c ./app/porting/serial/serial.o
                0x000000000800acc4                SerialSendBuf
 .text.SerialReadBuf
                0x000000000800ad10       0x50 ./app/porting/serial/serial.o
                0x000000000800ad10                SerialReadBuf
 .text.Timer1kHzAddCallback
                0x000000000800ad60       0x40 ./app/porting/timer/timer.o
                0x000000000800ad60                Timer1kHzAddCallback
 .text.TimerTick1kHz
                0x000000000800ada0       0x48 ./app/porting/timer/timer.o
                0x000000000800ada0                TimerTick1kHz
 .text.TIM_GetCounterMode
                0x000000000800ade8       0x22 ./app/porting/timer/timer_pwm.o
 .text.TIM_SetAutoReload
                0x000000000800ae0a       0x1e ./app/porting/timer/timer_pwm.o
 .text.create_advance_timer
                0x000000000800ae28      0x108 ./app/porting/timer/timer_pwm.o
                0x000000000800ae28                create_advance_timer
 .text.AppMainInit
                0x000000000800af30       0x68 ./app/src/app_main.o
                0x000000000800af30                AppMainInit
 .text.AppMainProcess
                0x000000000800af98       0x3c ./app/src/app_main.o
                0x000000000800af98                AppMainProcess
 .text.MainAddBackgroundProcess
                0x000000000800afd4       0x3c ./app/src/app_main.o
 .text.SetCompareCH1
                0x000000000800b010       0x1e ./app/src/control_dcdc.o
 .text.SetCompareCH2
                0x000000000800b02e       0x1e ./app/src/control_dcdc.o
 .text.SetCompareCH4
                0x000000000800b04c       0x1e ./app/src/control_dcdc.o
 *fill*         0x000000000800b06a        0x2 
 .text.ControlDcDcBoostInit
                0x000000000800b06c       0x2c ./app/src/control_dcdc.o
                0x000000000800b06c                ControlDcDcBoostInit
 .text.DcDcProcess
                0x000000000800b098       0x40 ./app/src/control_dcdc.o
 .text.DC_StopPWM_Boost
                0x000000000800b0d8       0x18 ./app/src/control_dcdc.o
                0x000000000800b0d8                DC_StopPWM_Boost
 .text.DC_StartPWM_Boost
                0x000000000800b0f0       0x24 ./app/src/control_dcdc.o
                0x000000000800b0f0                DC_StartPWM_Boost
 .text.DC_StopPWM_Buck
                0x000000000800b114       0x18 ./app/src/control_dcdc.o
                0x000000000800b114                DC_StopPWM_Buck
 .text.DC_StartPWM_Buck
                0x000000000800b12c       0x24 ./app/src/control_dcdc.o
                0x000000000800b12c                DC_StartPWM_Buck
 .text.DcDc_ControllerMppt
                0x000000000800b150      0x150 ./app/src/control_dcdc.o
                0x000000000800b150                DcDc_ControllerMppt
 .text.SetCompareCH2
                0x000000000800b2a0       0x1e ./app/src/control_dumpload.o
 *fill*         0x000000000800b2be        0x2 
 .text.Start_PWM_Dumpload
                0x000000000800b2c0       0x18 ./app/src/control_dumpload.o
                0x000000000800b2c0                Start_PWM_Dumpload
 .text.Stop_PWM_Dumpload
                0x000000000800b2d8       0x18 ./app/src/control_dumpload.o
                0x000000000800b2d8                Stop_PWM_Dumpload
 .text.Dumpload_controller
                0x000000000800b2f0       0x94 ./app/src/control_dumpload.o
                0x000000000800b2f0                Dumpload_controller
 .text.ErrorCheckInit
                0x000000000800b384       0x98 ./app/src/error_check.o
                0x000000000800b384                ErrorCheckInit
 .text.ErrorCheck_Running
                0x000000000800b41c      0x2dc ./app/src/error_check.o
                0x000000000800b41c                ErrorCheck_Running
 .text.UpdateCalc
                0x000000000800b6f8       0x44 ./app/src/error_check.o
 .text.getFaultInfo
                0x000000000800b73c       0x80 ./app/src/error_check.o
                0x000000000800b73c                getFaultInfo
 .text.serial_init
                0x000000000800b7bc       0x24 ./app/src/interface.o
                0x000000000800b7bc                serial_init
 .text.initGlobalVariables
                0x000000000800b7e0       0x28 ./app/src/interface.o
                0x000000000800b7e0                initGlobalVariables
 .text.UpdateAllVariable
                0x000000000800b808       0xbc ./app/src/interface.o
                0x000000000800b808                UpdateAllVariable
 .text.TEST     0x000000000800b8c4       0x2c ./app/src/interface.o
                0x000000000800b8c4                TEST
 .text.StateInit
                0x000000000800b8f0       0x1c ./app/src/state_machine.o
                0x000000000800b8f0                StateInit
 .text.StateMachineRunning
                0x000000000800b90c      0x1fc ./app/src/state_machine.o
 .text.WindOff  0x000000000800bb08       0x24 ./app/src/state_machine.o
 .text.CheckWind
                0x000000000800bb2c       0xf0 ./app/src/state_machine.o
 .text.CloseLoop
                0x000000000800bc1c      0x198 ./app/src/state_machine.o
 .text.ErrorFunction
                0x000000000800bdb4       0x4c ./app/src/state_machine.o
 .text.StateReset
                0x000000000800be00       0x20 ./app/src/state_machine.o
 .text.WindControlInit
                0x000000000800be20       0x20 ./app/src/wind_control.o
                0x000000000800be20                WindControlInit
 .text.WindControlMppt
                0x000000000800be40       0x1a ./app/src/wind_control.o
                0x000000000800be40                WindControlMppt
 .text.WindControlUpdate
                0x000000000800be5a       0x28 ./app/src/wind_control.o
                0x000000000800be5a                WindControlUpdate
 *fill*         0x000000000800be82        0x2 
 .text.TestMPPTInit
                0x000000000800be84       0xa4 ./app/src/wind_mppt.o
                0x000000000800be84                TestMPPTInit
 .text.TestMPPTProcess
                0x000000000800bf28      0x16a ./app/src/wind_mppt.o
                0x000000000800bf28                TestMPPTProcess
 *fill*         0x000000000800c092        0x2 
 .text.TestMPPTUpdate
                0x000000000800c094       0x74 ./app/src/wind_mppt.o
                0x000000000800c094                TestMPPTUpdate
 .text.malloc   0x000000000800c108       0x10 c:/st/stm32cubeide_1.11.0/stm32cubeide/plugins/com.st.stm32cube.ide.mcu.externaltools.gnu-tools-for-stm32.11.3.rel1.win32_1.0.100.202301251239/tools/bin/../lib/gcc/arm-none-eabi/11.3.1/../../../../arm-none-eabi/lib/thumb/v7e-m+fp/hard\libc_nano.a(libc_a-malloc.o)
                0x000000000800c108                malloc
 .text.free     0x000000000800c118       0x10 c:/st/stm32cubeide_1.11.0/stm32cubeide/plugins/com.st.stm32cube.ide.mcu.externaltools.gnu-tools-for-stm32.11.3.rel1.win32_1.0.100.202301251239/tools/bin/../lib/gcc/arm-none-eabi/11.3.1/../../../../arm-none-eabi/lib/thumb/v7e-m+fp/hard\libc_nano.a(libc_a-malloc.o)
                0x000000000800c118                free
 .text.sbrk_aligned
                0x000000000800c128       0x40 c:/st/stm32cubeide_1.11.0/stm32cubeide/plugins/com.st.stm32cube.ide.mcu.externaltools.gnu-tools-for-stm32.11.3.rel1.win32_1.0.100.202301251239/tools/bin/../lib/gcc/arm-none-eabi/11.3.1/../../../../arm-none-eabi/lib/thumb/v7e-m+fp/hard\libc_nano.a(libc_a-mallocr.o)
 .text._malloc_r
                0x000000000800c168      0x100 c:/st/stm32cubeide_1.11.0/stm32cubeide/plugins/com.st.stm32cube.ide.mcu.externaltools.gnu-tools-for-stm32.11.3.rel1.win32_1.0.100.202301251239/tools/bin/../lib/gcc/arm-none-eabi/11.3.1/../../../../arm-none-eabi/lib/thumb/v7e-m+fp/hard\libc_nano.a(libc_a-mallocr.o)
                0x000000000800c168                _malloc_r
 .text.__malloc_lock
                0x000000000800c268        0xc c:/st/stm32cubeide_1.11.0/stm32cubeide/plugins/com.st.stm32cube.ide.mcu.externaltools.gnu-tools-for-stm32.11.3.rel1.win32_1.0.100.202301251239/tools/bin/../lib/gcc/arm-none-eabi/11.3.1/../../../../arm-none-eabi/lib/thumb/v7e-m+fp/hard\libc_nano.a(libc_a-mlock.o)
                0x000000000800c268                __malloc_lock
 .text.__malloc_unlock
                0x000000000800c274        0xc c:/st/stm32cubeide_1.11.0/stm32cubeide/plugins/com.st.stm32cube.ide.mcu.externaltools.gnu-tools-for-stm32.11.3.rel1.win32_1.0.100.202301251239/tools/bin/../lib/gcc/arm-none-eabi/11.3.1/../../../../arm-none-eabi/lib/thumb/v7e-m+fp/hard\libc_nano.a(libc_a-mlock.o)
                0x000000000800c274                __malloc_unlock
 .text.sprintf  0x000000000800c280       0x40 c:/st/stm32cubeide_1.11.0/stm32cubeide/plugins/com.st.stm32cube.ide.mcu.externaltools.gnu-tools-for-stm32.11.3.rel1.win32_1.0.100.202301251239/tools/bin/../lib/gcc/arm-none-eabi/11.3.1/../../../../arm-none-eabi/lib/thumb/v7e-m+fp/hard\libc_nano.a(libc_a-sprintf.o)
                0x000000000800c280                siprintf
                0x000000000800c280                sprintf
 .text.memset   0x000000000800c2c0       0x10 c:/st/stm32cubeide_1.11.0/stm32cubeide/plugins/com.st.stm32cube.ide.mcu.externaltools.gnu-tools-for-stm32.11.3.rel1.win32_1.0.100.202301251239/tools/bin/../lib/gcc/arm-none-eabi/11.3.1/../../../../arm-none-eabi/lib/thumb/v7e-m+fp/hard\libc_nano.a(libc_a-memset.o)
                0x000000000800c2c0                memset
 .text.strstr   0x000000000800c2d0       0x2c c:/st/stm32cubeide_1.11.0/stm32cubeide/plugins/com.st.stm32cube.ide.mcu.externaltools.gnu-tools-for-stm32.11.3.rel1.win32_1.0.100.202301251239/tools/bin/../lib/gcc/arm-none-eabi/11.3.1/../../../../arm-none-eabi/lib/thumb/v7e-m+fp/hard\libc_nano.a(libc_a-strstr.o)
                0x000000000800c2d0                strstr
 .text._sbrk_r  0x000000000800c2fc       0x20 c:/st/stm32cubeide_1.11.0/stm32cubeide/plugins/com.st.stm32cube.ide.mcu.externaltools.gnu-tools-for-stm32.11.3.rel1.win32_1.0.100.202301251239/tools/bin/../lib/gcc/arm-none-eabi/11.3.1/../../../../arm-none-eabi/lib/thumb/v7e-m+fp/hard\libc_nano.a(libc_a-sbrkr.o)
                0x000000000800c2fc                _sbrk_r
 .text.__errno  0x000000000800c31c        0xc c:/st/stm32cubeide_1.11.0/stm32cubeide/plugins/com.st.stm32cube.ide.mcu.externaltools.gnu-tools-for-stm32.11.3.rel1.win32_1.0.100.202301251239/tools/bin/../lib/gcc/arm-none-eabi/11.3.1/../../../../arm-none-eabi/lib/thumb/v7e-m+fp/hard\libc_nano.a(libc_a-errno.o)
                0x000000000800c31c                __errno
 .text.__libc_init_array
                0x000000000800c328       0x48 c:/st/stm32cubeide_1.11.0/stm32cubeide/plugins/com.st.stm32cube.ide.mcu.externaltools.gnu-tools-for-stm32.11.3.rel1.win32_1.0.100.202301251239/tools/bin/../lib/gcc/arm-none-eabi/11.3.1/../../../../arm-none-eabi/lib/thumb/v7e-m+fp/hard\libc_nano.a(libc_a-init.o)
                0x000000000800c328                __libc_init_array
 .text.__retarget_lock_acquire_recursive
                0x000000000800c370        0x2 c:/st/stm32cubeide_1.11.0/stm32cubeide/plugins/com.st.stm32cube.ide.mcu.externaltools.gnu-tools-for-stm32.11.3.rel1.win32_1.0.100.202301251239/tools/bin/../lib/gcc/arm-none-eabi/11.3.1/../../../../arm-none-eabi/lib/thumb/v7e-m+fp/hard\libc_nano.a(libc_a-lock.o)
                0x000000000800c370                __retarget_lock_acquire_recursive
 .text.__retarget_lock_release_recursive
                0x000000000800c372        0x2 c:/st/stm32cubeide_1.11.0/stm32cubeide/plugins/com.st.stm32cube.ide.mcu.externaltools.gnu-tools-for-stm32.11.3.rel1.win32_1.0.100.202301251239/tools/bin/../lib/gcc/arm-none-eabi/11.3.1/../../../../arm-none-eabi/lib/thumb/v7e-m+fp/hard\libc_nano.a(libc_a-lock.o)
                0x000000000800c372                __retarget_lock_release_recursive
 .text.memcpy   0x000000000800c374       0x1c c:/st/stm32cubeide_1.11.0/stm32cubeide/plugins/com.st.stm32cube.ide.mcu.externaltools.gnu-tools-for-stm32.11.3.rel1.win32_1.0.100.202301251239/tools/bin/../lib/gcc/arm-none-eabi/11.3.1/../../../../arm-none-eabi/lib/thumb/v7e-m+fp/hard\libc_nano.a(libc_a-memcpy-stub.o)
                0x000000000800c374                memcpy
 .text._free_r  0x000000000800c390       0x98 c:/st/stm32cubeide_1.11.0/stm32cubeide/plugins/com.st.stm32cube.ide.mcu.externaltools.gnu-tools-for-stm32.11.3.rel1.win32_1.0.100.202301251239/tools/bin/../lib/gcc/arm-none-eabi/11.3.1/../../../../arm-none-eabi/lib/thumb/v7e-m+fp/hard\libc_nano.a(libc_a-freer.o)
                0x000000000800c390                _free_r
 .text.__ssputs_r
                0x000000000800c428       0xb4 c:/st/stm32cubeide_1.11.0/stm32cubeide/plugins/com.st.stm32cube.ide.mcu.externaltools.gnu-tools-for-stm32.11.3.rel1.win32_1.0.100.202301251239/tools/bin/../lib/gcc/arm-none-eabi/11.3.1/../../../../arm-none-eabi/lib/thumb/v7e-m+fp/hard\libc_nano.a(libc_a-nano-svfprintf.o)
                0x000000000800c428                __ssputs_r
 .text._svfprintf_r
                0x000000000800c4dc      0x1fc c:/st/stm32cubeide_1.11.0/stm32cubeide/plugins/com.st.stm32cube.ide.mcu.externaltools.gnu-tools-for-stm32.11.3.rel1.win32_1.0.100.202301251239/tools/bin/../lib/gcc/arm-none-eabi/11.3.1/../../../../arm-none-eabi/lib/thumb/v7e-m+fp/hard\libc_nano.a(libc_a-nano-svfprintf.o)
                0x000000000800c4dc                _svfiprintf_r
                0x000000000800c4dc                _svfprintf_r
 .text._printf_common
                0x000000000800c6d8       0xda c:/st/stm32cubeide_1.11.0/stm32cubeide/plugins/com.st.stm32cube.ide.mcu.externaltools.gnu-tools-for-stm32.11.3.rel1.win32_1.0.100.202301251239/tools/bin/../lib/gcc/arm-none-eabi/11.3.1/../../../../arm-none-eabi/lib/thumb/v7e-m+fp/hard\libc_nano.a(libc_a-nano-vfprintf_i.o)
                0x000000000800c6d8                _printf_common
 *fill*         0x000000000800c7b2        0x2 
 .text._printf_i
                0x000000000800c7b4      0x244 c:/st/stm32cubeide_1.11.0/stm32cubeide/plugins/com.st.stm32cube.ide.mcu.externaltools.gnu-tools-for-stm32.11.3.rel1.win32_1.0.100.202301251239/tools/bin/../lib/gcc/arm-none-eabi/11.3.1/../../../../arm-none-eabi/lib/thumb/v7e-m+fp/hard\libc_nano.a(libc_a-nano-vfprintf_i.o)
                0x000000000800c7b4                _printf_i
 .text.memmove  0x000000000800c9f8       0x34 c:/st/stm32cubeide_1.11.0/stm32cubeide/plugins/com.st.stm32cube.ide.mcu.externaltools.gnu-tools-for-stm32.11.3.rel1.win32_1.0.100.202301251239/tools/bin/../lib/gcc/arm-none-eabi/11.3.1/../../../../arm-none-eabi/lib/thumb/v7e-m+fp/hard\libc_nano.a(libc_a-memmove.o)
                0x000000000800c9f8                memmove
 .text._realloc_r
                0x000000000800ca2c       0x5e c:/st/stm32cubeide_1.11.0/stm32cubeide/plugins/com.st.stm32cube.ide.mcu.externaltools.gnu-tools-for-stm32.11.3.rel1.win32_1.0.100.202301251239/tools/bin/../lib/gcc/arm-none-eabi/11.3.1/../../../../arm-none-eabi/lib/thumb/v7e-m+fp/hard\libc_nano.a(libc_a-reallocr.o)
                0x000000000800ca2c                _realloc_r
 .text._malloc_usable_size_r
                0x000000000800ca8a       0x10 c:/st/stm32cubeide_1.11.0/stm32cubeide/plugins/com.st.stm32cube.ide.mcu.externaltools.gnu-tools-for-stm32.11.3.rel1.win32_1.0.100.202301251239/tools/bin/../lib/gcc/arm-none-eabi/11.3.1/../../../../arm-none-eabi/lib/thumb/v7e-m+fp/hard\libc_nano.a(libc_a-msizer.o)
                0x000000000800ca8a                _malloc_usable_size_r
 *(.glue_7)
 .glue_7        0x000000000800ca9a        0x0 linker stubs
 *(.glue_7t)
 .glue_7t       0x000000000800ca9a        0x0 linker stubs
 *(.eh_frame)
 *fill*         0x000000000800ca9a        0x2 
 .eh_frame      0x000000000800ca9c        0x0 c:/st/stm32cubeide_1.11.0/stm32cubeide/plugins/com.st.stm32cube.ide.mcu.externaltools.gnu-tools-for-stm32.11.3.rel1.win32_1.0.100.202301251239/tools/bin/../lib/gcc/arm-none-eabi/11.3.1/thumb/v7e-m+fp/hard/crtbegin.o
 *(.init)
 .init          0x000000000800ca9c        0x4 c:/st/stm32cubeide_1.11.0/stm32cubeide/plugins/com.st.stm32cube.ide.mcu.externaltools.gnu-tools-for-stm32.11.3.rel1.win32_1.0.100.202301251239/tools/bin/../lib/gcc/arm-none-eabi/11.3.1/thumb/v7e-m+fp/hard/crti.o
                0x000000000800ca9c                _init
 .init          0x000000000800caa0        0x8 c:/st/stm32cubeide_1.11.0/stm32cubeide/plugins/com.st.stm32cube.ide.mcu.externaltools.gnu-tools-for-stm32.11.3.rel1.win32_1.0.100.202301251239/tools/bin/../lib/gcc/arm-none-eabi/11.3.1/thumb/v7e-m+fp/hard/crtn.o
 *(.fini)
 .fini          0x000000000800caa8        0x4 c:/st/stm32cubeide_1.11.0/stm32cubeide/plugins/com.st.stm32cube.ide.mcu.externaltools.gnu-tools-for-stm32.11.3.rel1.win32_1.0.100.202301251239/tools/bin/../lib/gcc/arm-none-eabi/11.3.1/thumb/v7e-m+fp/hard/crti.o
                0x000000000800caa8                _fini
 .fini          0x000000000800caac        0x8 c:/st/stm32cubeide_1.11.0/stm32cubeide/plugins/com.st.stm32cube.ide.mcu.externaltools.gnu-tools-for-stm32.11.3.rel1.win32_1.0.100.202301251239/tools/bin/../lib/gcc/arm-none-eabi/11.3.1/thumb/v7e-m+fp/hard/crtn.o
                0x000000000800cab4                . = ALIGN (0x4)
                0x000000000800cab4                _etext = .

.vfp11_veneer   0x000000000800cab4        0x0
 .vfp11_veneer  0x000000000800cab4        0x0 linker stubs

.v4_bx          0x000000000800cab4        0x0
 .v4_bx         0x000000000800cab4        0x0 linker stubs

.iplt           0x000000000800cab4        0x0
 .iplt          0x000000000800cab4        0x0 c:/st/stm32cubeide_1.11.0/stm32cubeide/plugins/com.st.stm32cube.ide.mcu.externaltools.gnu-tools-for-stm32.11.3.rel1.win32_1.0.100.202301251239/tools/bin/../lib/gcc/arm-none-eabi/11.3.1/thumb/v7e-m+fp/hard/crtbegin.o

.rodata         0x000000000800cab4      0x44c
                0x000000000800cab4                . = ALIGN (0x4)
 *(.rodata)
 .rodata        0x000000000800cab4      0x3a4 ./app/lib/EC200_application.o
 .rodata        0x000000000800ce58       0x1a ./app/lib/EC200_uart.o
 *(.rodata*)
 *fill*         0x000000000800ce72        0x2 
 .rodata.OFFSET_TAB_CCMRx
                0x000000000800ce74        0xa ./Core/Src/main.o
 *fill*         0x000000000800ce7e        0x2 
 .rodata.SHIFT_TAB_OCxx
                0x000000000800ce80        0xa ./Core/Src/main.o
 *fill*         0x000000000800ce8a        0x2 
 .rodata.AHBPrescTable
                0x000000000800ce8c       0x10 ./Core/Src/system_stm32g4xx.o
                0x000000000800ce8c                AHBPrescTable
 .rodata.APBPrescTable
                0x000000000800ce9c        0x8 ./Core/Src/system_stm32g4xx.o
                0x000000000800ce9c                APBPrescTable
 .rodata.UARTPrescTable
                0x000000000800cea4       0x18 ./Drivers/STM32G4xx_HAL_Driver/Src/stm32g4xx_hal_uart.o
                0x000000000800cea4                UARTPrescTable
 .rodata.numerator.1
                0x000000000800cebc        0x8 ./Drivers/STM32G4xx_HAL_Driver/Src/stm32g4xx_hal_uart_ex.o
 .rodata.denominator.0
                0x000000000800cec4        0x8 ./Drivers/STM32G4xx_HAL_Driver/Src/stm32g4xx_hal_uart_ex.o
 .rodata._svfprintf_r.str1.1
                0x000000000800cecc       0x11 c:/st/stm32cubeide_1.11.0/stm32cubeide/plugins/com.st.stm32cube.ide.mcu.externaltools.gnu-tools-for-stm32.11.3.rel1.win32_1.0.100.202301251239/tools/bin/../lib/gcc/arm-none-eabi/11.3.1/../../../../arm-none-eabi/lib/thumb/v7e-m+fp/hard\libc_nano.a(libc_a-nano-svfprintf.o)
 .rodata._printf_i.str1.1
                0x000000000800cedd       0x22 c:/st/stm32cubeide_1.11.0/stm32cubeide/plugins/com.st.stm32cube.ide.mcu.externaltools.gnu-tools-for-stm32.11.3.rel1.win32_1.0.100.202301251239/tools/bin/../lib/gcc/arm-none-eabi/11.3.1/../../../../arm-none-eabi/lib/thumb/v7e-m+fp/hard\libc_nano.a(libc_a-nano-vfprintf_i.o)
                0x000000000800cf00                . = ALIGN (0x4)
 *fill*         0x000000000800ceff        0x1 

.ARM.extab      0x000000000800cf00        0x0
                0x000000000800cf00                . = ALIGN (0x4)
 *(.ARM.extab* .gnu.linkonce.armextab.*)
                0x000000000800cf00                . = ALIGN (0x4)

.ARM            0x000000000800cf00        0x8
                0x000000000800cf00                . = ALIGN (0x4)
                0x000000000800cf00                __exidx_start = .
 *(.ARM.exidx*)
 .ARM.exidx     0x000000000800cf00        0x8 c:/st/stm32cubeide_1.11.0/stm32cubeide/plugins/com.st.stm32cube.ide.mcu.externaltools.gnu-tools-for-stm32.11.3.rel1.win32_1.0.100.202301251239/tools/bin/../lib/gcc/arm-none-eabi/11.3.1/thumb/v7e-m+fp/hard\libgcc.a(_udivmoddi4.o)
                0x000000000800cf08                __exidx_end = .
                0x000000000800cf08                . = ALIGN (0x4)

.rel.dyn        0x000000000800cf08        0x0
 .rel.iplt      0x000000000800cf08        0x0 c:/st/stm32cubeide_1.11.0/stm32cubeide/plugins/com.st.stm32cube.ide.mcu.externaltools.gnu-tools-for-stm32.11.3.rel1.win32_1.0.100.202301251239/tools/bin/../lib/gcc/arm-none-eabi/11.3.1/thumb/v7e-m+fp/hard/crtbegin.o

.preinit_array  0x000000000800cf08        0x0
                0x000000000800cf08                . = ALIGN (0x4)
                0x000000000800cf08                PROVIDE (__preinit_array_start = .)
 *(.preinit_array*)
                0x000000000800cf08                PROVIDE (__preinit_array_end = .)
                0x000000000800cf08                . = ALIGN (0x4)

.init_array     0x000000000800cf08        0x4
                0x000000000800cf08                . = ALIGN (0x4)
                0x000000000800cf08                PROVIDE (__init_array_start = .)
 *(SORT_BY_NAME(.init_array.*))
 *(.init_array*)
 .init_array    0x000000000800cf08        0x4 c:/st/stm32cubeide_1.11.0/stm32cubeide/plugins/com.st.stm32cube.ide.mcu.externaltools.gnu-tools-for-stm32.11.3.rel1.win32_1.0.100.202301251239/tools/bin/../lib/gcc/arm-none-eabi/11.3.1/thumb/v7e-m+fp/hard/crtbegin.o
                0x000000000800cf0c                PROVIDE (__init_array_end = .)
                0x000000000800cf0c                . = ALIGN (0x4)

.fini_array     0x000000000800cf0c        0x4
                0x000000000800cf0c                . = ALIGN (0x4)
                [!provide]                        PROVIDE (__fini_array_start = .)
 *(SORT_BY_NAME(.fini_array.*))
 *(.fini_array*)
 .fini_array    0x000000000800cf0c        0x4 c:/st/stm32cubeide_1.11.0/stm32cubeide/plugins/com.st.stm32cube.ide.mcu.externaltools.gnu-tools-for-stm32.11.3.rel1.win32_1.0.100.202301251239/tools/bin/../lib/gcc/arm-none-eabi/11.3.1/thumb/v7e-m+fp/hard/crtbegin.o
                [!provide]                        PROVIDE (__fini_array_end = .)
                0x000000000800cf10                . = ALIGN (0x4)
                0x000000000800cf10                _sidata = LOADADDR (.data)

.data           0x0000000020000000      0x4d0 load address 0x000000000800cf10
                0x0000000020000000                . = ALIGN (0x4)
                0x0000000020000000                _sdata = .
 *(.data)
 *(.data*)
 .data.SystemCoreClock
                0x0000000020000000        0x4 ./Core/Src/system_stm32g4xx.o
                0x0000000020000000                SystemCoreClock
 .data.uwTickPrio
                0x0000000020000004        0x4 ./Drivers/STM32G4xx_HAL_Driver/Src/stm32g4xx_hal.o
                0x0000000020000004                uwTickPrio
 .data.uwTickFreq
                0x0000000020000008        0x4 ./Drivers/STM32G4xx_HAL_Driver/Src/stm32g4xx_hal.o
                0x0000000020000008                uwTickFreq
 .data.pin_func_list
                0x000000002000000c       0x23 ./app/driver/control/pin_func.o
                0x000000002000000c                pin_func_list
 *fill*         0x000000002000002f        0x1 
 .data.g_signal_value
                0x0000000020000030       0xa0 ./app/driver/measure/signal.o
                0x0000000020000030                g_signal_value
 .data.reset_sim_countdown.0
                0x00000000200000d0        0x1 ./app/lib/EC200_application.o
 *fill*         0x00000000200000d1        0x3 
 .data.adc_id_inf
                0x00000000200000d4      0x128 ./app/porting/adc/adc.o
 .data.s_gpio_pin
                0x00000000200001fc       0x80 ./app/porting/gpio/gpio.o
 .data.s_gpio_port
                0x000000002000027c       0x38 ./app/porting/gpio/gpio.o
 .data.uart_list
                0x00000000200002b4       0x58 ./app/porting/serial/serial.o
 .data.timeradvanceTable
                0x000000002000030c       0x10 ./app/porting/timer/timer_pwm.o
 .data.listError
                0x000000002000031c       0xfc ./app/src/error_check.o
 .data.BAT_DAT  0x0000000020000418        0xc ./app/src/interface.o
                0x0000000020000418                BAT_DAT
 .data.IsStartState
                0x0000000020000424        0x1 ./app/src/state_machine.o
                0x0000000020000424                IsStartState
 *fill*         0x0000000020000425        0x3 
 .data.state_list
                0x0000000020000428       0x50 ./app/src/state_machine.o
                0x0000000020000428                state_list
 .data.vwt_avg_multiplier.1
                0x0000000020000478        0x4 ./app/src/wind_mppt.o
 .data.iwt_avg_multiplier.0
                0x000000002000047c        0x4 ./app/src/wind_mppt.o
 .data._impure_data
                0x0000000020000480       0x4c c:/st/stm32cubeide_1.11.0/stm32cubeide/plugins/com.st.stm32cube.ide.mcu.externaltools.gnu-tools-for-stm32.11.3.rel1.win32_1.0.100.202301251239/tools/bin/../lib/gcc/arm-none-eabi/11.3.1/../../../../arm-none-eabi/lib/thumb/v7e-m+fp/hard\libc_nano.a(libc_a-impure.o)
                0x0000000020000480                _impure_data
 .data._impure_ptr
                0x00000000200004cc        0x4 c:/st/stm32cubeide_1.11.0/stm32cubeide/plugins/com.st.stm32cube.ide.mcu.externaltools.gnu-tools-for-stm32.11.3.rel1.win32_1.0.100.202301251239/tools/bin/../lib/gcc/arm-none-eabi/11.3.1/../../../../arm-none-eabi/lib/thumb/v7e-m+fp/hard\libc_nano.a(libc_a-impure.o)
                0x00000000200004cc                _impure_ptr
 *(.RamFunc)
 *(.RamFunc*)
                0x00000000200004d0                . = ALIGN (0x4)
                0x00000000200004d0                _edata = .

.igot.plt       0x00000000200004d0        0x0 load address 0x000000000800d3e0
 .igot.plt      0x00000000200004d0        0x0 c:/st/stm32cubeide_1.11.0/stm32cubeide/plugins/com.st.stm32cube.ide.mcu.externaltools.gnu-tools-for-stm32.11.3.rel1.win32_1.0.100.202301251239/tools/bin/../lib/gcc/arm-none-eabi/11.3.1/thumb/v7e-m+fp/hard/crtbegin.o
                0x00000000200004d0                . = ALIGN (0x4)

.bss            0x00000000200004d0     0x1440 load address 0x000000000800d3e0
                0x00000000200004d0                _sbss = .
                0x00000000200004d0                __bss_start__ = _sbss
 *(.bss)
 .bss           0x00000000200004d0       0x1c c:/st/stm32cubeide_1.11.0/stm32cubeide/plugins/com.st.stm32cube.ide.mcu.externaltools.gnu-tools-for-stm32.11.3.rel1.win32_1.0.100.202301251239/tools/bin/../lib/gcc/arm-none-eabi/11.3.1/thumb/v7e-m+fp/hard/crtbegin.o
 *(.bss*)
 .bss.hadc1     0x00000000200004ec       0x6c ./Core/Src/main.o
                0x00000000200004ec                hadc1
 .bss.hadc2     0x0000000020000558       0x6c ./Core/Src/main.o
                0x0000000020000558                hadc2
 .bss.hdma_adc1
                0x00000000200005c4       0x60 ./Core/Src/main.o
                0x00000000200005c4                hdma_adc1
 .bss.hdma_adc2
                0x0000000020000624       0x60 ./Core/Src/main.o
                0x0000000020000624                hdma_adc2
 .bss.hi2c2     0x0000000020000684       0x4c ./Core/Src/main.o
                0x0000000020000684                hi2c2
 .bss.huart2    0x00000000200006d0       0x90 ./Core/Src/main.o
                0x00000000200006d0                huart2
 .bss.huart3    0x0000000020000760       0x90 ./Core/Src/main.o
                0x0000000020000760                huart3
 .bss.HAL_RCC_ADC12_CLK_ENABLED
                0x00000000200007f0        0x4 ./Core/Src/stm32g4xx_hal_msp.o
 .bss.__sbrk_heap_end
                0x00000000200007f4        0x4 ./Core/Src/sysmem.o
 .bss.uwTick    0x00000000200007f8        0x4 ./Drivers/STM32G4xx_HAL_Driver/Src/stm32g4xx_hal.o
                0x00000000200007f8                uwTick
 .bss.current_index_list_var
                0x00000000200007fc        0x4 ./app/driver/com/modbus.o
 .bss.data_list
                0x0000000020000800       0x78 ./app/driver/com/modbus.o
 .bss.current_index_modbus_dev
                0x0000000020000878        0x4 ./app/driver/com/modbus.o
 .bss.modbus_list
                0x000000002000087c        0x8 ./app/driver/com/modbus.o
 .bss.s_signal_obj
                0x0000000020000884        0x8 ./app/driver/measure/signal.o
 .bss.g_vin     0x000000002000088c        0x4 ./app/driver/measure/signal.o
                0x000000002000088c                g_vin
 .bss.g_vout    0x0000000020000890        0x4 ./app/driver/measure/signal.o
                0x0000000020000890                g_vout
 .bss.g_iload   0x0000000020000894        0x4 ./app/driver/measure/signal.o
                0x0000000020000894                g_iload
 .bss.g_idumpload
                0x0000000020000898        0x4 ./app/driver/measure/signal.o
                0x0000000020000898                g_idumpload
 .bss.g_temp1   0x000000002000089c        0x4 ./app/driver/measure/signal.o
                0x000000002000089c                g_temp1
 .bss.g_temp2   0x00000000200008a0        0x4 ./app/driver/measure/signal.o
                0x00000000200008a0                g_temp2
 .bss.g_windspeed
                0x00000000200008a4        0x4 ./app/driver/measure/signal.o
                0x00000000200008a4                g_windspeed
 .bss.g_freq    0x00000000200008a8        0x4 ./app/driver/measure/signal.o
                0x00000000200008a8                g_freq
 .bss.ec200_simStart_state
                0x00000000200008ac        0x1 ./app/lib/EC200_application.o
                0x00000000200008ac                ec200_simStart_state
 .bss.ec200_simConnectServer_state
                0x00000000200008ad        0x1 ./app/lib/EC200_application.o
                0x00000000200008ad                ec200_simConnectServer_state
 *fill*         0x00000000200008ae        0x2 
 .bss.EC200_Command_Buffer
                0x00000000200008b0      0x190 ./app/lib/EC200_application.o
                0x00000000200008b0                EC200_Command_Buffer
 .bss.Is_Data_From_Server
                0x0000000020000a40        0x1 ./app/lib/EC200_application.o
                0x0000000020000a40                Is_Data_From_Server
 .bss.offEcho_step.9
                0x0000000020000a41        0x1 ./app/lib/EC200_application.o
 .bss.setKeepalive_time_step.8
                0x0000000020000a42        0x1 ./app/lib/EC200_application.o
 .bss.setReceivingMode_step.7
                0x0000000020000a43        0x1 ./app/lib/EC200_application.o
 .bss.MQTT_open_step.6
                0x0000000020000a44        0x1 ./app/lib/EC200_application.o
 .bss.MQTT_connect_step.4
                0x0000000020000a45        0x1 ./app/lib/EC200_application.o
 .bss.MQTT_pubTopic_step.2
                0x0000000020000a46        0x1 ./app/lib/EC200_application.o
 .bss.MQTT_subTopic_step.1
                0x0000000020000a47        0x1 ./app/lib/EC200_application.o
 .bss.EC200_DataProcessing_Array
                0x0000000020000a48      0x400 ./app/lib/EC200_uart.o
                0x0000000020000a48                EC200_DataProcessing_Array
 .bss.MQTT_Response_Command
                0x0000000020000e48      0x400 ./app/lib/EC200_uart.o
                0x0000000020000e48                MQTT_Response_Command
 .bss.MQTT_Response_Server
                0x0000000020001248      0x400 ./app/lib/EC200_uart.o
                0x0000000020001248                MQTT_Response_Server
 .bss.serial_EC200
                0x0000000020001648        0x4 ./app/lib/EC200_uart.o
                0x0000000020001648                serial_EC200
 .bss.EC200_preprocessing_data
                0x000000002000164c        0x4 ./app/lib/EC200_uart.o
                0x000000002000164c                EC200_preprocessing_data
 .bss.uart2_data_rx_isr_buff
                0x0000000020001650        0x2 ./app/porting/serial/serial.o
 *fill*         0x0000000020001652        0x2 
 .bss.fnFunctionTimer1kHzISR
                0x0000000020001654       0x14 ./app/porting/timer/timer.o
 .bss.current_index_callback_1k_fn
                0x0000000020001668        0x4 ./app/porting/timer/timer.o
 .bss.Tim1CCIsr
                0x000000002000166c        0x4 ./app/porting/timer/timer_pwm.o
                0x000000002000166c                Tim1CCIsr
 .bss.Tim15CCIsr
                0x0000000020001670        0x4 ./app/porting/timer/timer_pwm.o
                0x0000000020001670                Tim15CCIsr
 .bss.debug_modbus
                0x0000000020001674        0x4 ./app/src/app_main.o
                0x0000000020001674                debug_modbus
 .bss.serial_test_1
                0x0000000020001678        0x4 ./app/src/app_main.o
                0x0000000020001678                serial_test_1
 .bss.BackgroundTask
                0x000000002000167c       0x18 ./app/src/app_main.o
 .bss.current_index_background
                0x0000000020001694        0x4 ./app/src/app_main.o
 .bss.flag      0x0000000020001698        0x1 ./app/src/control_dcdc.o
                0x0000000020001698                flag
 *fill*         0x0000000020001699        0x3 
 .bss.s_ptimer_pwm
                0x000000002000169c        0x4 ./app/src/control_dcdc.o
 .bss.duty.0    0x00000000200016a0        0x4 ./app/src/control_dcdc.o
 .bss.s_ptimer_pwm
                0x00000000200016a4        0x4 ./app/src/control_dumpload.o
 .bss.countList
                0x00000000200016a8        0x4 ./app/src/error_check.o
 .bss.s_mError  0x00000000200016ac       0x1c ./app/src/error_check.o
 .bss.g_guiValue
                0x00000000200016c8       0x20 ./app/src/interface.o
                0x00000000200016c8                g_guiValue
 .bss.mppt_pno  0x00000000200016e8       0x50 ./app/src/interface.o
                0x00000000200016e8                mppt_pno
 .bss.g_current_state
                0x0000000020001738        0x1 ./app/src/state_machine.o
                0x0000000020001738                g_current_state
 .bss.prv_state
                0x0000000020001739        0x1 ./app/src/state_machine.o
 .bss.faultInfo
                0x000000002000173a        0x1 ./app/src/state_machine.o
                0x000000002000173a                faultInfo
 .bss.g_state_vin
                0x000000002000173b        0x1 ./app/src/state_machine.o
                0x000000002000173b                g_state_vin
 .bss.g_state_vout
                0x000000002000173c        0x1 ./app/src/state_machine.o
                0x000000002000173c                g_state_vout
 .bss.g_state_bat
                0x000000002000173d        0x1 ./app/src/state_machine.o
                0x000000002000173d                g_state_bat
 *fill*         0x000000002000173e        0x2 
 .bss.tick.4    0x0000000020001740        0x4 ./app/src/state_machine.o
 .bss.loop_check_err.3
                0x0000000020001744        0x4 ./app/src/state_machine.o
 .bss.protect_ret.2
                0x0000000020001748        0x1 ./app/src/state_machine.o
 .bss.ret.1     0x0000000020001749        0x1 ./app/src/state_machine.o
 *fill*         0x000000002000174a        0x2 
 .bss.count_wind.0
                0x000000002000174c        0x4 ./app/src/state_machine.o
 .bss.g_wind    0x0000000020001750       0x78 ./app/src/wind_control.o
                0x0000000020001750                g_wind
 .bss.__malloc_free_list
                0x00000000200017c8        0x4 c:/st/stm32cubeide_1.11.0/stm32cubeide/plugins/com.st.stm32cube.ide.mcu.externaltools.gnu-tools-for-stm32.11.3.rel1.win32_1.0.100.202301251239/tools/bin/../lib/gcc/arm-none-eabi/11.3.1/../../../../arm-none-eabi/lib/thumb/v7e-m+fp/hard\libc_nano.a(libc_a-mallocr.o)
                0x00000000200017c8                __malloc_free_list
 .bss.__malloc_sbrk_start
                0x00000000200017cc        0x4 c:/st/stm32cubeide_1.11.0/stm32cubeide/plugins/com.st.stm32cube.ide.mcu.externaltools.gnu-tools-for-stm32.11.3.rel1.win32_1.0.100.202301251239/tools/bin/../lib/gcc/arm-none-eabi/11.3.1/../../../../arm-none-eabi/lib/thumb/v7e-m+fp/hard\libc_nano.a(libc_a-mallocr.o)
                0x00000000200017cc                __malloc_sbrk_start