D:/7.GITHUB/WIND_G431/Wind/app/porting/timer/timer_pwm.h:66:22:SetCompareCH3	16	static
D:/7.GITHUB/WIND_G431/Wind/app/porting/timer/timer_pwm.h:76:22:SetCompareCH4	16	static
D:/7.GITHUB/WIND_G431/Wind/app/porting/timer/timer_pwm.h:86:22:DisableTimerChanel	16	static
D:/7.GITHUB/WIND_G431/Wind/app/porting/timer/timer_pwm.h:90:22:EnableTimerChanel	16	static
D:/7.GITHUB/WIND_G431/Wind/app/porting/timer/timer_pwm.h:102:22:EnableCH1NOutput	16	static
D:/7.GITHUB/WIND_G431/Wind/app/porting/timer/timer_pwm.h:113:22:EnableCH2NOutput	16	static
D:/7.GITHUB/WIND_G431/Wind/app/porting/timer/timer_pwm.h:135:22:EnableCH1NAndCH2NOutputs	16	static
D:/7.GITHUB/WIND_G431/Wind/app/porting/timer/timer_pwm.h:153:22:DisableCH1NOutput	16	static
D:/7.GITHUB/WIND_G431/Wind/app/porting/timer/timer_pwm.h:163:22:DisableCH2NOutput	16	static
D:/7.GITHUB/WIND_G431/Wind/app/porting/timer/timer_pwm.h:183:22:DisableCH1NAndCH2NOutputs	16	static
D:/7.GITHUB/WIND_G431/Wind/app/porting/timer/timer_pwm.h:195:22:EnableCntTimer	16	static
D:/7.GITHUB/WIND_G431/Wind/app/porting/timer/timer_pwm.h:200:22:TIM_EnableIT_CC3	16	static
D:/7.GITHUB/WIND_G431/Wind/app/porting/timer/timer_pwm.h:205:22:TIM_ClearFlag_CC3	16	static
../app/driver/control/driver_pwm_dc_dc.c:11:6:PwmWindBuckInit	16	static
../app/driver/control/driver_pwm_dc_dc.c:30:6:PwmWindBoostInit	16	static
../app/driver/control/driver_pwm_dc_dc.c:50:6:PwmWindBuckBoostEnableAllOutput	16	static
../app/driver/control/driver_pwm_dc_dc.c:55:6:PwmWindBuckBoostDisableAllOutput	16	static
../app/driver/control/driver_pwm_dc_dc.c:60:6:PwmWindBuckEnable	16	static
../app/driver/control/driver_pwm_dc_dc.c:65:6:PwmWindBoostEnable	16	static
../app/driver/control/driver_pwm_dc_dc.c:70:6:PwmWindBuckDisable	16	static
../app/driver/control/driver_pwm_dc_dc.c:74:6:PwmWindBoostDisable	16	static
