../app/lib/EC200_mqtt_application.c:18:6:MQTT_Trigger_SIM_Restart	8	static
../app/lib/EC200_mqtt_application.c:31:19:MQTT_SetKeepAlive_Time	72	static
../app/lib/EC200_mqtt_application.c:69:19:MQTT_Receiving_Mode	80	static
../app/lib/EC200_mqtt_application.c:107:19:MQTT_Open	112	static
../app/lib/EC200_mqtt_application.c:160:19:MQTT_Close	104	static
../app/lib/EC200_mqtt_application.c:212:19:MQTT_Connect	328	static
../app/lib/EC200_mqtt_application.c:266:19:MQTT_Disconnect	136	static
../app/lib/EC200_mqtt_application.c:322:19:MQTT_PubTopic	528	static
../app/lib/EC200_mqtt_application.c:409:19:MQTT_SubTopic	424	static
../app/lib/EC200_mqtt_application.c:467:6:EC200_MQTT_ConnectToServer	16	static
../app/lib/EC200_mqtt_application.c:603:6:MQTT_Transmit_Data	256	static
../app/lib/EC200_mqtt_application.c:696:6:MQTT_Get_DataField	32	static
../app/lib/EC200_mqtt_application.c:727:26:MQTT_Receive_Data	408	static
