../app/lib/EC200_application.c:16:6:EC200_Delayms	16	static
../app/lib/EC200_application.c:21:6:EC200_RESET	8	static
../app/lib/EC200_application.c:33:6:EC200_Init	8	static
../app/lib/EC200_application.c:41:6:EC200_CompareCommand	16	static
../app/lib/EC200_application.c:50:6:EC200_ReceiveCommand	24	static
../app/lib/EC200_application.c:70:6:EC200_SendCommand	16	static
../app/lib/EC200_application.c:76:6:Is_Power_ON	16	static
../app/lib/EC200_application.c:92:19:OffEcho	16	static
../app/lib/EC200_application.c:122:19:MQTT_SetKeepAlive_Time	72	static
../app/lib/EC200_application.c:155:19:MQTT_Receiving_Mode	80	static
../app/lib/EC200_application.c:188:19:MQTT_Open	112	static
../app/lib/EC200_application.c:236:19:MQTT_Close	104	static
../app/lib/EC200_application.c:283:19:MQTT_Connect	328	static
../app/lib/EC200_application.c:332:19:MQTT_Disconnect	136	static
../app/lib/EC200_application.c:383:19:SIM_MQTT_pubTopic	528	static
../app/lib/EC200_application.c:456:19:SIM_MQTT_subTopic	520	static
../app/lib/EC200_application.c:509:6:EC200_SIM_Start	16	static
../app/lib/EC200_application.c:547:6:EC200_SIM_Restart	8	static
../app/lib/EC200_application.c:559:6:EC200_MQTT_ConnectToServer	16	static
../app/lib/EC200_application.c:687:6:MQTT_Transmit_Data	200	static
../app/lib/EC200_application.c:779:6:MQTT_Get_DataField	32	static
../app/lib/EC200_application.c:810:26:MQTT_Receive_Data	408	static
