../app/lib/EC200_ftp_application.c:19:19:FTP_Set_TCPIP_Parameters	80	static
../app/lib/EC200_ftp_application.c:58:19:FTP_Activate_PDP	40	static
../app/lib/EC200_ftp_application.c:97:19:FTP_Deactivate_PDP	40	static
../app/lib/EC200_ftp_application.c:136:19:FTP_Configure_PDP	80	static
../app/lib/EC200_ftp_application.c:299:19:FTP_Login_Server	72	static
../app/lib/EC200_ftp_application.c:347:19:FTP_Logout_Server	16	static
../app/lib/EC200_ftp_application.c:392:19:FTP_Enter_Directory	72	static
../app/lib/EC200_ftp_application.c:440:19:FTP_List_Content_Directory	72	static
../app/lib/EC200_ftp_application.c:473:19:FTP_List_Filename_Directory	72	static
../app/lib/EC200_ftp_application.c:550:10:FTP_Get_Content_InFile	88	static
../app/lib/EC200_ftp_application.c:580:6:EC200_FTP_ConnectToServer	24	static
../app/lib/EC200_ftp_application.c:658:6:EC200_Write_To_Memory	16	static
../app/lib/EC200_ftp_application.c:663:6:Verify_CRC32	24	static
../app/lib/EC200_ftp_application.c:673:6:Update_Firmware	32	static
