../Drivers/CMSIS/Include/core_cm4.h:1667:26:__NVIC_GetPriorityGrouping	1
../Drivers/CMSIS/Include/core_cm4.h:1679:22:__NVIC_EnableIRQ	2
../Drivers/CMSIS/Include/core_cm4.h:1809:22:__NVIC_SetPriority	2
../Drivers/CMSIS/Include/core_cm4.h:1856:26:NVIC_EncodePriority	2
../Drivers/STM32G4xx_HAL_Driver/Inc/stm32g4xx_ll_tim.h:2193:22:LL_TIM_EnableARRPreload	1
../Drivers/STM32G4xx_HAL_Driver/Inc/stm32g4xx_ll_tim.h:2204:22:LL_TIM_DisableARRPreload	1
../Drivers/STM32G4xx_HAL_Driver/Inc/stm32g4xx_ll_tim.h:2972:22:LL_TIM_OC_DisableFast	10
../Drivers/STM32G4xx_HAL_Driver/Inc/stm32g4xx_ll_tim.h:3024:22:LL_TIM_OC_EnablePreload	10
../Drivers/STM32G4xx_HAL_Driver/Inc/stm32g4xx_ll_tim.h:3933:22:LL_TIM_SetClockSource	1
../Drivers/STM32G4xx_HAL_Driver/Inc/stm32g4xx_ll_tim.h:3986:22:LL_TIM_SetTriggerOutput	1
../Drivers/STM32G4xx_HAL_Driver/Inc/stm32g4xx_ll_tim.h:4016:22:LL_TIM_SetTriggerOutput2	1
../Drivers/STM32G4xx_HAL_Driver/Inc/stm32g4xx_ll_tim.h:4092:22:LL_TIM_DisableMasterSlaveMode	1
../Drivers/STM32G4xx_HAL_Driver/Inc/stm32g4xx_ll_bus.h:451:22:LL_AHB2_GRP1_EnableClock	1
../Drivers/STM32G4xx_HAL_Driver/Inc/stm32g4xx_ll_bus.h:1427:22:LL_APB2_GRP1_EnableClock	1
../Core/Src/main.c:82:5:main	1
../Core/Src/main.c:150:6:SystemClock_Config	3
../Core/Src/main.c:196:13:MX_ADC1_Init	7
../Core/Src/main.c:291:13:MX_ADC2_Init	6
../Core/Src/main.c:377:13:MX_I2C2_Init	4
../Core/Src/main.c:425:13:MX_TIM1_Init	1
../Core/Src/main.c:527:13:MX_TIM15_Init	1
../Core/Src/main.c:605:13:MX_USART2_UART_Init	5
../Core/Src/main.c:653:13:MX_USART3_UART_Init	5
../Core/Src/main.c:699:13:MX_DMA_Init	1
../Core/Src/main.c:713:13:MX_GPIO_Init	1
../Core/Src/main.c:770:6:Error_Handler	1
