../Drivers/CMSIS/Include/core_cm4.h:1667:26:__NVIC_GetPriorityGrouping	4	static
../Drivers/CMSIS/Include/core_cm4.h:1679:22:__NVIC_EnableIRQ	16	static,ignoring_inline_asm
../Drivers/CMSIS/Include/core_cm4.h:1809:22:__NVIC_SetPriority	16	static
../Drivers/CMSIS/Include/core_cm4.h:1856:26:NVIC_EncodePriority	40	static
../Drivers/STM32G4xx_HAL_Driver/Inc/stm32g4xx_ll_tim.h:2193:22:LL_TIM_EnableARRPreload	16	static
../Drivers/STM32G4xx_HAL_Driver/Inc/stm32g4xx_ll_tim.h:2204:22:LL_TIM_DisableARRPreload	16	static
../Drivers/STM32G4xx_HAL_Driver/Inc/stm32g4xx_ll_tim.h:2972:22:LL_TIM_OC_DisableFast	24	static
../Drivers/STM32G4xx_HAL_Driver/Inc/stm32g4xx_ll_tim.h:3024:22:LL_TIM_OC_EnablePreload	24	static
../Drivers/STM32G4xx_HAL_Driver/Inc/stm32g4xx_ll_tim.h:3933:22:LL_TIM_SetClockSource	16	static
../Drivers/STM32G4xx_HAL_Driver/Inc/stm32g4xx_ll_tim.h:3986:22:LL_TIM_SetTriggerOutput	16	static
../Drivers/STM32G4xx_HAL_Driver/Inc/stm32g4xx_ll_tim.h:4016:22:LL_TIM_SetTriggerOutput2	16	static
../Drivers/STM32G4xx_HAL_Driver/Inc/stm32g4xx_ll_tim.h:4092:22:LL_TIM_DisableMasterSlaveMode	16	static
../Drivers/STM32G4xx_HAL_Driver/Inc/stm32g4xx_ll_bus.h:451:22:LL_AHB2_GRP1_EnableClock	24	static
../Drivers/STM32G4xx_HAL_Driver/Inc/stm32g4xx_ll_bus.h:1427:22:LL_APB2_GRP1_EnableClock	24	static
../Core/Src/main.c:82:5:main	8	static
../Core/Src/main.c:150:6:SystemClock_Config	88	static
../Core/Src/main.c:196:13:MX_ADC1_Init	56	static
../Core/Src/main.c:291:13:MX_ADC2_Init	40	static
../Core/Src/main.c:377:13:MX_I2C2_Init	8	static
../Core/Src/main.c:425:13:MX_TIM1_Init	136	static
../Core/Src/main.c:527:13:MX_TIM15_Init	136	static
../Core/Src/main.c:605:13:MX_USART2_UART_Init	8	static
../Core/Src/main.c:653:13:MX_USART3_UART_Init	8	static
../Core/Src/main.c:699:13:MX_DMA_Init	16	static
../Core/Src/main.c:713:13:MX_GPIO_Init	48	static
../Core/Src/main.c:770:6:Error_Handler	4	static,ignoring_inline_asm
